../Core/Src/main.c:34:5:_write	24	static
../Core/Src/main.c:119:5:main	8	static
../Core/Src/main.c:256:6:SystemClock_Config	88	static
../Core/Src/main.c:302:13:MX_NVIC_Init	8	static
../Core/Src/main.c:329:6:clockEntry	24	static
../Core/Src/main.c:347:6:init_set_time	8	static
../Core/Src/main.c:356:6:set_time	16	static
../Core/Src/main.c:364:6:set_alarm	16	static
../Core/Src/main.c:384:6:set_date	24	static
../Core/Src/main.c:394:6:get_time	16	static
../Core/Src/main.c:410:6:timeSetter	24	static
../Core/Src/main.c:569:6:saveCurrentTime	24	static
../Core/Src/main.c:606:6:selectSong	32	static
../Core/Src/main.c:637:6:HAL_RTC_AlarmAEventCallback	16	static
../Core/Src/main.c:643:6:HAL_GPIO_EXTI_Callback	24	static
../Core/Src/main.c:714:6:BLE_Command	8	static
../Core/Src/main.c:759:6:IsRight	4	static
../Core/Src/main.c:763:6:IsLeft	4	static
../Core/Src/main.c:767:6:IsUP	4	static
../Core/Src/main.c:771:6:IsDown	4	static
../Core/Src/main.c:777:6:HAL_UART_RxCpltCallback	24	static
../Core/Src/main.c:848:6:Error_Handler	4	static,ignoring_inline_asm
