../Core/Src/main.c:34:5:_write	24	static
../Core/Src/main.c:120:5:main	8	static
../Core/Src/main.c:240:6:SystemClock_Config	88	static
../Core/Src/main.c:286:13:MX_NVIC_Init	8	static
../Core/Src/main.c:312:6:set_time	16	static
../Core/Src/main.c:321:6:set_alarm	16	static
../Core/Src/main.c:341:6:set_date	24	static
../Core/Src/main.c:352:6:get_time	16	static
../Core/Src/main.c:369:6:timeSetter	16	static
../Core/Src/main.c:475:6:saveCurrentTime	16	static
../Core/Src/main.c:492:6:saveCurrentSong	4	static
../Core/Src/main.c:497:6:selectSong	32	static
../Core/Src/main.c:531:6:HAL_RTC_AlarmAEventCallback	16	static
../Core/Src/main.c:538:6:HAL_GPIO_EXTI_Callback	24	static
../Core/Src/main.c:610:6:IsRight	4	static
../Core/Src/main.c:614:6:IsLeft	4	static
../Core/Src/main.c:618:6:IsUP	4	static
../Core/Src/main.c:622:6:IsDown	4	static
../Core/Src/main.c:628:6:HAL_UART_RxCpltCallback	16	static
../Core/Src/main.c:685:6:Error_Handler	4	static,ignoring_inline_asm
