Archive member included to satisfy reference by file (symbol)

C:/ST/STM32CubeIDE_1.13.2/STM32CubeIDE/plugins/com.st.stm32cube.ide.mcu.externaltools.gnu-tools-for-stm32.11.3.rel1.win32_1.1.1.202309131626/tools/bin/../lib/gcc/arm-none-eabi/11.3.1/../../../../arm-none-eabi/lib/thumb/v7e-m+fp/hard\libc_nano.a(libc_a-exit.o)
                              C:/ST/STM32CubeIDE_1.13.2/STM32CubeIDE/plugins/com.st.stm32cube.ide.mcu.externaltools.gnu-tools-for-stm32.11.3.rel1.win32_1.1.1.202309131626/tools/bin/../lib/gcc/arm-none-eabi/11.3.1/../../../../arm-none-eabi/lib/thumb/v7e-m+fp/hard/crt0.o (exit)
C:/ST/STM32CubeIDE_1.13.2/STM32CubeIDE/plugins/com.st.stm32cube.ide.mcu.externaltools.gnu-tools-for-stm32.11.3.rel1.win32_1.1.1.202309131626/tools/bin/../lib/gcc/arm-none-eabi/11.3.1/../../../../arm-none-eabi/lib/thumb/v7e-m+fp/hard\libc_nano.a(libc_a-findfp.o)
                              C:/ST/STM32CubeIDE_1.13.2/STM32CubeIDE/plugins/com.st.stm32cube.ide.mcu.externaltools.gnu-tools-for-stm32.11.3.rel1.win32_1.1.1.202309131626/tools/bin/../lib/gcc/arm-none-eabi/11.3.1/../../../../arm-none-eabi/lib/thumb/v7e-m+fp/hard\libc_nano.a(libc_a-exit.o) (__stdio_exit_handler)
C:/ST/STM32CubeIDE_1.13.2/STM32CubeIDE/plugins/com.st.stm32cube.ide.mcu.externaltools.gnu-tools-for-stm32.11.3.rel1.win32_1.1.1.202309131626/tools/bin/../lib/gcc/arm-none-eabi/11.3.1/../../../../arm-none-eabi/lib/thumb/v7e-m+fp/hard\libc_nano.a(libc_a-fwalk.o)
                              C:/ST/STM32CubeIDE_1.13.2/STM32CubeIDE/plugins/com.st.stm32cube.ide.mcu.externaltools.gnu-tools-for-stm32.11.3.rel1.win32_1.1.1.202309131626/tools/bin/../lib/gcc/arm-none-eabi/11.3.1/../../../../arm-none-eabi/lib/thumb/v7e-m+fp/hard\libc_nano.a(libc_a-findfp.o) (_fwalk_sglue)
C:/ST/STM32CubeIDE_1.13.2/STM32CubeIDE/plugins/com.st.stm32cube.ide.mcu.externaltools.gnu-tools-for-stm32.11.3.rel1.win32_1.1.1.202309131626/tools/bin/../lib/gcc/arm-none-eabi/11.3.1/../../../../arm-none-eabi/lib/thumb/v7e-m+fp/hard\libc_nano.a(libc_a-printf.o)
                              ./Core/Src/flash.o (printf)
C:/ST/STM32CubeIDE_1.13.2/STM32CubeIDE/plugins/com.st.stm32cube.ide.mcu.externaltools.gnu-tools-for-stm32.11.3.rel1.win32_1.1.1.202309131626/tools/bin/../lib/gcc/arm-none-eabi/11.3.1/../../../../arm-none-eabi/lib/thumb/v7e-m+fp/hard\libc_nano.a(libc_a-puts.o)
                              ./Core/Src/main.o (puts)
C:/ST/STM32CubeIDE_1.13.2/STM32CubeIDE/plugins/com.st.stm32cube.ide.mcu.externaltools.gnu-tools-for-stm32.11.3.rel1.win32_1.1.1.202309131626/tools/bin/../lib/gcc/arm-none-eabi/11.3.1/../../../../arm-none-eabi/lib/thumb/v7e-m+fp/hard\libc_nano.a(libc_a-snprintf.o)
                              ./Core/Src/lcd.o (snprintf)
C:/ST/STM32CubeIDE_1.13.2/STM32CubeIDE/plugins/com.st.stm32cube.ide.mcu.externaltools.gnu-tools-for-stm32.11.3.rel1.win32_1.1.1.202309131626/tools/bin/../lib/gcc/arm-none-eabi/11.3.1/../../../../arm-none-eabi/lib/thumb/v7e-m+fp/hard\libc_nano.a(libc_a-sprintf.o)
                              ./Core/Src/main.o (sprintf)
C:/ST/STM32CubeIDE_1.13.2/STM32CubeIDE/plugins/com.st.stm32cube.ide.mcu.externaltools.gnu-tools-for-stm32.11.3.rel1.win32_1.1.1.202309131626/tools/bin/../lib/gcc/arm-none-eabi/11.3.1/../../../../arm-none-eabi/lib/thumb/v7e-m+fp/hard\libc_nano.a(libc_a-stdio.o)
                              C:/ST/STM32CubeIDE_1.13.2/STM32CubeIDE/plugins/com.st.stm32cube.ide.mcu.externaltools.gnu-tools-for-stm32.11.3.rel1.win32_1.1.1.202309131626/tools/bin/../lib/gcc/arm-none-eabi/11.3.1/../../../../arm-none-eabi/lib/thumb/v7e-m+fp/hard\libc_nano.a(libc_a-findfp.o) (__sread)
C:/ST/STM32CubeIDE_1.13.2/STM32CubeIDE/plugins/com.st.stm32cube.ide.mcu.externaltools.gnu-tools-for-stm32.11.3.rel1.win32_1.1.1.202309131626/tools/bin/../lib/gcc/arm-none-eabi/11.3.1/../../../../arm-none-eabi/lib/thumb/v7e-m+fp/hard\libc_nano.a(libc_a-wbuf.o)
                              C:/ST/STM32CubeIDE_1.13.2/STM32CubeIDE/plugins/com.st.stm32cube.ide.mcu.externaltools.gnu-tools-for-stm32.11.3.rel1.win32_1.1.1.202309131626/tools/bin/../lib/gcc/arm-none-eabi/11.3.1/../../../../arm-none-eabi/lib/thumb/v7e-m+fp/hard\libc_nano.a(libc_a-puts.o) (__swbuf_r)
C:/ST/STM32CubeIDE_1.13.2/STM32CubeIDE/plugins/com.st.stm32cube.ide.mcu.externaltools.gnu-tools-for-stm32.11.3.rel1.win32_1.1.1.202309131626/tools/bin/../lib/gcc/arm-none-eabi/11.3.1/../../../../arm-none-eabi/lib/thumb/v7e-m+fp/hard\libc_nano.a(libc_a-wsetup.o)
                              C:/ST/STM32CubeIDE_1.13.2/STM32CubeIDE/plugins/com.st.stm32cube.ide.mcu.externaltools.gnu-tools-for-stm32.11.3.rel1.win32_1.1.1.202309131626/tools/bin/../lib/gcc/arm-none-eabi/11.3.1/../../../../arm-none-eabi/lib/thumb/v7e-m+fp/hard\libc_nano.a(libc_a-puts.o) (__swsetup_r)
C:/ST/STM32CubeIDE_1.13.2/STM32CubeIDE/plugins/com.st.stm32cube.ide.mcu.externaltools.gnu-tools-for-stm32.11.3.rel1.win32_1.1.1.202309131626/tools/bin/../lib/gcc/arm-none-eabi/11.3.1/../../../../arm-none-eabi/lib/thumb/v7e-m+fp/hard\libc_nano.a(libc_a-memset.o)
[...]
Memory Configuration

Name             Origin             Length             Attributes
CCMRAM           0x0000000010000000 0x0000000000010000 xrw
RAM              0x0000000020000000 0x0000000000030000 xrw
FLASH            0x0000000008000000 0x0000000000200000 xr
*default*        0x0000000000000000 0xffffffffffffffff

Linker script and memory map

LOAD C:/ST/STM32CubeIDE_1.13.2/STM32CubeIDE/plugins/com.st.stm32cube.ide.mcu.externaltools.gnu-tools-for-stm32.11.3.rel1.win32_1.1.1.202309131626/tools/bin/../lib/gcc/arm-none-eabi/11.3.1/thumb/v7e-m+fp/hard/crti.o
LOAD C:/ST/STM32CubeIDE_1.13.2/STM32CubeIDE/plugins/com.st.stm32cube.ide.mcu.externaltools.gnu-tools-for-stm32.11.3.rel1.win32_1.1.1.202309131626/tools/bin/../lib/gcc/arm-none-eabi/11.3.1/thumb/v7e-m+fp/hard/crtbegin.o
LOAD C:/ST/STM32CubeIDE_1.13.2/STM32CubeIDE/plugins/com.st.stm32cube.ide.mcu.externaltools.gnu-tools-for-stm32.11.3.rel1.win32_1.1.1.202309131626/tools/bin/../lib/gcc/arm-none-eabi/11.3.1/../../../../arm-none-eabi/lib/thumb/v7e-m+fp/hard/crt0.o
LOAD ./Core/Src/adc.o
LOAD ./Core/Src/dma.o
LOAD ./Core/Src/eth.o
LOAD ./Core/Src/flash.o
LOAD ./Core/Src/gpio.o
LOAD ./Core/Src/i2c.o
LOAD ./Core/Src/lcd.o
LOAD ./Core/Src/main.o
LOAD ./Core/Src/rtc.o
LOAD ./Core/Src/songs.o
LOAD ./Core/Src/stm32f4xx_hal_msp.o
LOAD ./Core/Src/stm32f4xx_it.o
LOAD ./Core/Src/syscalls.o
LOAD ./Core/Src/sysmem.o
LOAD ./Core/Src/system_stm32f4xx.o
LOAD ./Core/Src/tim.o
LOAD ./Core/Src/usart.o
LOAD ./Core/Src/usb_otg.o
LOAD ./Core/Startup/startup_stm32f429zitx.o
LOAD ./Drivers/STM32F4xx_HAL_Driver/Src/stm32f4xx_hal.o
LOAD ./Drivers/STM32F4xx_HAL_Driver/Src/stm32f4xx_hal_adc.o
LOAD ./Drivers/STM32F4xx_HAL_Driver/Src/stm32f4xx_hal_adc_ex.o
LOAD ./Drivers/STM32F4xx_HAL_Driver/Src/stm32f4xx_hal_cortex.o
LOAD ./Drivers/STM32F4xx_HAL_Driver/Src/stm32f4xx_hal_dma.o
LOAD ./Drivers/STM32F4xx_HAL_Driver/Src/stm32f4xx_hal_dma_ex.o
LOAD ./Drivers/STM32F4xx_HAL_Driver/Src/stm32f4xx_hal_eth.o
LOAD ./Drivers/STM32F4xx_HAL_Driver/Src/stm32f4xx_hal_exti.o
LOAD ./Drivers/STM32F4xx_HAL_Driver/Src/stm32f4xx_hal_flash.o
LOAD ./Drivers/STM32F4xx_HAL_Driver/Src/stm32f4xx_hal_flash_ex.o
LOAD ./Drivers/STM32F4xx_HAL_Driver/Src/stm32f4xx_hal_flash_ramfunc.o
LOAD ./Drivers/STM32F4xx_HAL_Driver/Src/stm32f4xx_hal_gpio.o
LOAD ./Drivers/STM32F4xx_HAL_Driver/Src/stm32f4xx_hal_i2c.o
LOAD ./Drivers/STM32F4xx_HAL_Driver/Src/stm32f4xx_hal_i2c_ex.o
LOAD ./Drivers/STM32F4xx_HAL_Driver/Src/stm32f4xx_hal_pcd.o
LOAD ./Drivers/STM32F4xx_HAL_Driver/Src/stm32f4xx_hal_pcd_ex.o
LOAD ./Drivers/STM32F4xx_HAL_Driver/Src/stm32f4xx_hal_pwr.o
LOAD ./Drivers/STM32F4xx_HAL_Driver/Src/stm32f4xx_hal_pwr_ex.o
LOAD ./Drivers/STM32F4xx_HAL_Driver/Src/stm32f4xx_hal_rcc.o
LOAD ./Drivers/STM32F4xx_HAL_Driver/Src/stm32f4xx_hal_rcc_ex.o
LOAD ./Drivers/STM32F4xx_HAL_Driver/Src/stm32f4xx_hal_rtc.o
LOAD ./Drivers/STM32F4xx_HAL_Driver/Src/stm32f4xx_hal_rtc_ex.o
LOAD ./Drivers/STM32F4xx_HAL_Driver/Src/stm32f4xx_hal_tim.o
LOAD ./Drivers/STM32F4xx_HAL_Driver/Src/stm32f4xx_hal_tim_ex.o
LOAD ./Drivers/STM32F4xx_HAL_Driver/Src/stm32f4xx_hal_uart.o
LOAD ./Drivers/STM32F4xx_HAL_Driver/Src/stm32f4xx_ll_adc.o
LOAD ./Drivers/STM32F4xx_HAL_Driver/Src/stm32f4xx_ll_usb.o
START GROUP
LOAD C:/ST/STM32CubeIDE_1.13.2/STM32CubeIDE/plugins/com.st.stm32cube.ide.mcu.externaltools.gnu-tools-for-stm32.11.3.rel1.win32_1.1.1.202309131626/tools/bin/../lib/gcc/arm-none-eabi/11.3.1/../../../../arm-none-eabi/lib/thumb/v7e-m+fp/hard\libc_nano.a
LOAD C:/ST/STM32CubeIDE_1.13.2/STM32CubeIDE/plugins/com.st.stm32cube.ide.mcu.externaltools.gnu-tools-for-stm32.11.3.rel1.win32_1.1.1.202309131626/tools/bin/../lib/gcc/arm-none-eabi/11.3.1/../../../../arm-none-eabi/lib/thumb/v7e-m+fp/hard\libm.a
END GROUP
START GROUP
LOAD C:/ST/STM32CubeIDE_1.13.2/STM32CubeIDE/plugins/com.st.stm32cube.ide.mcu.externaltools.gnu-tools-for-stm32.11.3.rel1.win32_1.1.1.202309131626/tools/bin/../lib/gcc/arm-none-eabi/11.3.1/thumb/v7e-m+fp/hard\libgcc.a
LOAD C:/ST/STM32CubeIDE_1.13.2/STM32CubeIDE/plugins/com.st.stm32cube.ide.mcu.externaltools.gnu-tools-for-stm32.11.3.rel1.win32_1.1.1.202309131626/tools/bin/../lib/gcc/arm-none-eabi/11.3.1/../../../../arm-none-eabi/lib/thumb/v7e-m+fp/hard\libc_nano.a
END GROUP
START GROUP
LOAD C:/ST/STM32CubeIDE_1.13.2/STM32CubeIDE/plugins/com.st.stm32cube.ide.mcu.externaltools.gnu-tools-for-stm32.11.3.rel1.win32_1.1.1.202309131626/tools/bin/../lib/gcc/arm-none-eabi/11.3.1/thumb/v7e-m+fp/hard\libgcc.a
LOAD C:/ST/STM32CubeIDE_1.13.2/STM32CubeIDE/plugins/com.st.stm32cube.ide.mcu.externaltools.gnu-tools-for-stm32.11.3.rel1.win32_1.1.1.202309131626/tools/bin/../lib/gcc/arm-none-eabi/11.3.1/../../../../arm-none-eabi/lib/thumb/v7e-m+fp/hard\libc_nano.a
LOAD C:/ST/STM32CubeIDE_1.13.2/STM32CubeIDE/plugins/com.st.stm32cube.ide.mcu.externaltools.gnu-tools-for-stm32.11.3.rel1.win32_1.1.1.202309131626/tools/bin/../lib/gcc/arm-none-eabi/11.3.1/../../../../arm-none-eabi/lib/thumb/v7e-m+fp/hard\libnosys.a
END GROUP
START GROUP
LOAD C:/ST/STM32CubeIDE_1.13.2/STM32CubeIDE/plugins/com.st.stm32cube.ide.mcu.externaltools.gnu-tools-for-stm32.11.3.rel1.win32_1.1.1.202309131626/tools/bin/../lib/gcc/arm-none-eabi/11.3.1/thumb/v7e-m+fp/hard\libgcc.a
LOAD C:/ST/STM32CubeIDE_1.13.2/STM32CubeIDE/plugins/com.st.stm32cube.ide.mcu.externaltools.gnu-tools-for-stm32.11.3.rel1.win32_1.1.1.202309131626/tools/bin/../lib/gcc/arm-none-eabi/11.3.1/../../../../arm-none-eabi/lib/thumb/v7e-m+fp/hard\libc_nano.a
LOAD C:/ST/STM32CubeIDE_1.13.2/STM32CubeIDE/plugins/com.st.stm32cube.ide.mcu.externaltools.gnu-tools-for-stm32.11.3.rel1.win32_1.1.1.202309131626/tools/bin/../lib/gcc/arm-none-eabi/11.3.1/../../../../arm-none-eabi/lib/thumb/v7e-m+fp/hard\libnosys.a
END GROUP
LOAD C:/ST/STM32CubeIDE_1.13.2/STM32CubeIDE/plugins/com.st.stm32cube.ide.mcu.externaltools.gnu-tools-for-stm32.11.3.rel1.win32_1.1.1.202309131626/tools/bin/../lib/gcc/arm-none-eabi/11.3.1/thumb/v7e-m+fp/hard/crtend.o
LOAD C:/ST/STM32CubeIDE_1.13.2/STM32CubeIDE/plugins/com.st.stm32cube.ide.mcu.externaltools.gnu-tools-for-stm32.11.3.rel1.win32_1.1.1.202309131626/tools/bin/../lib/gcc/arm-none-eabi/11.3.1/thumb/v7e-m+fp/hard/crtn.o
                0x0000000020030000                _estack = (ORIGIN (RAM) + LENGTH (RAM))
                0x0000000000000200                _Min_Heap_Size = 0x200
                0x0000000000000400                _Min_Stack_Size = 0x400

.isr_vector     0x0000000008000000      0x1ac
                0x0000000008000000                . = ALIGN (0x4)
 *(.isr_vector)
 .isr_vector    0x0000000008000000      0x1ac ./Core/Startup/startup_stm32f429zitx.o
                0x0000000008000000                g_pfnVectors
                0x00000000080001ac                . = ALIGN (0x4)

.text           0x00000000080001b0     0xb2e8
                0x00000000080001b0                . = ALIGN (0x4)
 *(.text)
 .text          0x00000000080001b0       0x40 C:/ST/STM32CubeIDE_1.13.2/STM32CubeIDE/plugins/com.st.stm32cube.ide.mcu.externaltools.gnu-tools-for-stm32.11.3.rel1.win32_1.1.1.202309131626/tools/bin/../lib/gcc/arm-none-eabi/11.3.1/thumb/v7e-m+fp/hard/crtbegin.o
 .text          0x00000000080001f0       0x10 C:/ST/STM32CubeIDE_1.13.2/STM32CubeIDE/plugins/com.st.stm32cube.ide.mcu.externaltools.gnu-tools-for-stm32.11.3.rel1.win32_1.1.1.202309131626/tools/bin/../lib/gcc/arm-none-eabi/11.3.1/../../../../arm-none-eabi/lib/thumb/v7e-m+fp/hard\libc_nano.a(libc_a-strlen.o)
                0x00000000080001f0                strlen
 .text          0x0000000008000200       0xa0 C:/ST/STM32CubeIDE_1.13.2/STM32CubeIDE/plugins/com.st.stm32cube.ide.mcu.externaltools.gnu-tools-for-stm32.11.3.rel1.win32_1.1.1.202309131626/tools/bin/../lib/gcc/arm-none-eabi/11.3.1/../../../../arm-none-eabi/lib/thumb/v7e-m+fp/hard\libc_nano.a(libc_a-memchr.o)
                0x0000000008000200                memchr
 .text          0x00000000080002a0       0x30 C:/ST/STM32CubeIDE_1.13.2/STM32CubeIDE/plugins/com.st.stm32cube.ide.mcu.externaltools.gnu-tools-for-stm32.11.3.rel1.win32_1.1.1.202309131626/tools/bin/../lib/gcc/arm-none-eabi/11.3.1/thumb/v7e-m+fp/hard\libgcc.a(_aeabi_uldivmod.o)
                0x00000000080002a0                __aeabi_uldivmod
 .text          0x00000000080002d0      0x2c8 C:/ST/STM32CubeIDE_1.13.2/STM32CubeIDE/plugins/com.st.stm32cube.ide.mcu.externaltools.gnu-tools-for-stm32.11.3.rel1.win32_1.1.1.202309131626/tools/bin/../lib/gcc/arm-none-eabi/11.3.1/thumb/v7e-m+fp/hard\libgcc.a(_udivmoddi4.o)
                0x00000000080002d0                __udivmoddi4
 .text          0x0000000008000598        0x4 C:/ST/STM32CubeIDE_1.13.2/STM32CubeIDE/plugins/com.st.stm32cube.ide.mcu.externaltools.gnu-tools-for-stm32.11.3.rel1.win32_1.1.1.202309131626/tools/bin/../lib/gcc/arm-none-eabi/11.3.1/thumb/v7e-m+fp/hard\libgcc.a(_dvmd_tls.o)
                0x0000000008000598                __aeabi_idiv0
                0x0000000008000598                __aeabi_ldiv0
 *(.text*)
 .text.MX_ADC1_Init
                0x000000000800059c       0xc0 ./Core/Src/adc.o
                0x000000000800059c                MX_ADC1_Init
 .text.HAL_ADC_MspInit
                0x000000000800065c      0x128 ./Core/Src/adc.o
                0x000000000800065c                HAL_ADC_MspInit
 .text.MX_DMA_Init
                0x0000000008000784       0x40 ./Core/Src/dma.o
                0x0000000008000784                MX_DMA_Init
 .text.MX_ETH_Init
                0x00000000080007c4       0x9c ./Core/Src/eth.o
                0x00000000080007c4                MX_ETH_Init
 .text.HAL_ETH_MspInit
                0x0000000008000860      0x18c ./Core/Src/eth.o
                0x0000000008000860                HAL_ETH_MspInit
 .text.initFlash
                0x00000000080009ec       0x2c ./Core/Src/flash.o
                0x00000000080009ec                initFlash
 .text.GetSector
                0x0000000008000a18      0x270 ./Core/Src/flash.o
                0x0000000008000a18                GetSector
 .text.GetSectorSize
                0x0000000008000c88       0x6c ./Core/Src/flash.o
                0x0000000008000c88                GetSectorSize
 .text.readFlash
                0x0000000008000cf4       0x28 ./Core/Src/flash.o
                0x0000000008000cf4                readFlash
 .text.overwriteFlash
                0x0000000008000d1c       0x50 ./Core/Src/flash.o
                0x0000000008000d1c                overwriteFlash
 .text.eraseFlash
                0x0000000008000d6c       0x70 ./Core/Src/flash.o
                0x0000000008000d6c                eraseFlash
 .text.MX_GPIO_Init
                0x0000000008000ddc      0x178 ./Core/Src/gpio.o
                0x0000000008000ddc                MX_GPIO_Init
 .text.MX_I2C1_Init
                0x0000000008000f54       0x80 ./Core/Src/i2c.o
                0x0000000008000f54                MX_I2C1_Init
 .text.HAL_I2C_MspInit
                0x0000000008000fd4       0x90 ./Core/Src/i2c.o
                0x0000000008000fd4                HAL_I2C_MspInit
 .text.I2C_Scan
                0x0000000008001064       0xd8 ./Core/Src/lcd.o
                0x0000000008001064                I2C_Scan
 .text.LCD_SendInternal
                0x000000000800113c       0xac ./Core/Src/lcd.o
                0x000000000800113c                LCD_SendInternal
 .text.LCD_SendCommand
                0x00000000080011e8       0x24 ./Core/Src/lcd.o
                0x00000000080011e8                LCD_SendCommand
 .text.LCD_SendData
                0x000000000800120c       0x24 ./Core/Src/lcd.o
                0x000000000800120c                LCD_SendData
 .text.LCD_Init
                0x0000000008001230       0x3a ./Core/Src/lcd.o
                0x0000000008001230                LCD_Init
 .text.LCD_SendString
                0x000000000800126a       0x34 ./Core/Src/lcd.o
                0x000000000800126a                LCD_SendString
 *fill*         0x000000000800129e        0x2 
 .text.init     0x00000000080012a0       0x3c ./Core/Src/lcd.o
                0x00000000080012a0                init
 .text.LCD_PrintAll
                0x00000000080012dc       0x32 ./Core/Src/lcd.o
                0x00000000080012dc                LCD_PrintAll
 *fill*         0x000000000800130e        0x2 
 .text.LCD_Clear
                0x0000000008001310       0x2c ./Core/Src/lcd.o
                0x0000000008001310                LCD_Clear
 .text._write   0x000000000800133c       0x2c ./Core/Src/main.o
                0x000000000800133c                _write
 .text.main     0x0000000008001368      0x1e8 ./Core/Src/main.o
                0x0000000008001368                main
 .text.SystemClock_Config
                0x0000000008001550       0xd8 ./Core/Src/main.o
                0x0000000008001550                SystemClock_Config
 .text.MX_NVIC_Init
                0x0000000008001628       0x78 ./Core/Src/main.o
 .text.clockEntry
                0x00000000080016a0       0x80 ./Core/Src/main.o
                0x00000000080016a0                clockEntry
 .text.timeLoad
                0x0000000008001720       0x24 ./Core/Src/main.o
                0x0000000008001720                timeLoad
 .text.alarmLoad
                0x0000000008001744       0x34 ./Core/Src/main.o
                0x0000000008001744                alarmLoad
 .text.init_set_time
                0x0000000008001778       0x48 ./Core/Src/main.o
                0x0000000008001778                init_set_time
 .text.set_time
                0x00000000080017c0       0x54 ./Core/Src/main.o
                0x00000000080017c0                set_time
 .text.set_alarm
                0x0000000008001814       0x90 ./Core/Src/main.o
                0x0000000008001814                set_alarm
 .text.set_date
                0x00000000080018a4       0x50 ./Core/Src/main.o
                0x00000000080018a4                set_date
 .text.get_time
                0x00000000080018f4       0xe4 ./Core/Src/main.o
                0x00000000080018f4                get_time
 .text.timeSetter
                0x00000000080019d8      0x488 ./Core/Src/main.o
                0x00000000080019d8                timeSetter
 .text.saveCurrentTime
                0x0000000008001e60      0x118 ./Core/Src/main.o
                0x0000000008001e60                saveCurrentTime
 .text.selectSong
                0x0000000008001f78       0xe0 ./Core/Src/main.o
                0x0000000008001f78                selectSong
 .text.HAL_RTC_AlarmAEventCallback
                0x0000000008002058       0x48 ./Core/Src/main.o
                0x0000000008002058                HAL_RTC_AlarmAEventCallback
 .text.HAL_GPIO_EXTI_Callback
                0x00000000080020a0      0x180 ./Core/Src/main.o
                0x00000000080020a0                HAL_GPIO_EXTI_Callback
 .text.BLE_ControlCommand
                0x0000000008002220       0xd0 ./Core/Src/main.o
                0x0000000008002220                BLE_ControlCommand
 .text.BLE_Command
                0x00000000080022f0       0xd0 ./Core/Src/main.o
                0x00000000080022f0                BLE_Command
 .text.IsRight  0x00000000080023c0       0x24 ./Core/Src/main.o
                0x00000000080023c0                IsRight
 .text.IsLeft   0x00000000080023e4       0x24 ./Core/Src/main.o
                0x00000000080023e4                IsLeft
 .text.IsUP     0x0000000008002408       0x24 ./Core/Src/main.o
                0x0000000008002408                IsUP
 .text.IsDown   0x000000000800242c       0x24 ./Core/Src/main.o
                0x000000000800242c                IsDown
 .text.HAL_UART_RxCpltCallback
                0x0000000008002450      0x178 ./Core/Src/main.o
                0x0000000008002450                HAL_UART_RxCpltCallback
 .text.Error_Handler
                0x00000000080025c8        0xa ./Core/Src/main.o
                0x00000000080025c8                Error_Handler
 *fill*         0x00000000080025d2        0x2 
 .text.MX_RTC_Init
                0x00000000080025d4      0x128 ./Core/Src/rtc.o
                0x00000000080025d4                MX_RTC_Init
 .text.HAL_RTC_MspInit
                0x00000000080026fc       0x54 ./Core/Src/rtc.o
                0x00000000080026fc                HAL_RTC_MspInit
 .text.threeBear_song
                0x0000000008002750       0x84 ./Core/Src/songs.o
                0x0000000008002750                threeBear_song
 .text.springWater_song
                0x00000000080027d4       0x84 ./Core/Src/songs.o
                0x00000000080027d4                springWater_song
 .text.remove_tone
                0x0000000008002858       0x18 ./Core/Src/songs.o
                0x0000000008002858                remove_tone
 .text.HAL_MspInit
                0x0000000008002870       0x50 ./Core/Src/stm32f4xx_hal_msp.o
                0x0000000008002870                HAL_MspInit
 .text.NMI_Handler
                0x00000000080028c0        0x6 ./Core/Src/stm32f4xx_it.o
                0x00000000080028c0                NMI_Handler
 .text.HardFault_Handler
                0x00000000080028c6        0x6 ./Core/Src/stm32f4xx_it.o
                0x00000000080028c6                HardFault_Handler
 .text.MemManage_Handler
                0x00000000080028cc        0x6 ./Core/Src/stm32f4xx_it.o
                0x00000000080028cc                MemManage_Handler
 .text.BusFault_Handler
                0x00000000080028d2        0x6 ./Core/Src/stm32f4xx_it.o
                0x00000000080028d2                BusFault_Handler
 .text.UsageFault_Handler
                0x00000000080028d8        0x6 ./Core/Src/stm32f4xx_it.o
                0x00000000080028d8                UsageFault_Handler
 .text.SVC_Handler
                0x00000000080028de        0xe ./Core/Src/stm32f4xx_it.o
                0x00000000080028de                SVC_Handler
 .text.DebugMon_Handler
                0x00000000080028ec        0xe ./Core/Src/stm32f4xx_it.o
                0x00000000080028ec                DebugMon_Handler
 .text.PendSV_Handler
                0x00000000080028fa        0xe ./Core/Src/stm32f4xx_it.o
                0x00000000080028fa                PendSV_Handler
 .text.SysTick_Handler
                0x0000000008002908        0xc ./Core/Src/stm32f4xx_it.o
                0x0000000008002908                SysTick_Handler
 .text.ADC_IRQHandler
                0x0000000008002914       0x14 ./Core/Src/stm32f4xx_it.o
                0x0000000008002914                ADC_IRQHandler
 .text.EXTI9_5_IRQHandler
                0x0000000008002928        0xe ./Core/Src/stm32f4xx_it.o
                0x0000000008002928                EXTI9_5_IRQHandler
 *fill*         0x0000000008002936        0x2 
 .text.TIM2_IRQHandler
                0x0000000008002938       0x14 ./Core/Src/stm32f4xx_it.o
                0x0000000008002938                TIM2_IRQHandler
 .text.USART3_IRQHandler
                0x000000000800294c       0x14 ./Core/Src/stm32f4xx_it.o
                0x000000000800294c                USART3_IRQHandler
 .text.EXTI15_10_IRQHandler
                0x0000000008002960       0x10 ./Core/Src/stm32f4xx_it.o
                0x0000000008002960                EXTI15_10_IRQHandler
 .text.RTC_Alarm_IRQHandler
                0x0000000008002970       0x14 ./Core/Src/stm32f4xx_it.o
                0x0000000008002970                RTC_Alarm_IRQHandler
 .text.UART4_IRQHandler
                0x0000000008002984       0x14 ./Core/Src/stm32f4xx_it.o
                0x0000000008002984                UART4_IRQHandler
 .text.DMA2_Stream0_IRQHandler
                0x0000000008002998       0x14 ./Core/Src/stm32f4xx_it.o
                0x0000000008002998                DMA2_Stream0_IRQHandler
 .text._read    0x00000000080029ac       0x3a ./Core/Src/syscalls.o
                0x00000000080029ac                _read
 .text._close   0x00000000080029e6       0x18 ./Core/Src/syscalls.o
                0x00000000080029e6                _close
 .text._fstat   0x00000000080029fe       0x20 ./Core/Src/syscalls.o
                0x00000000080029fe                _fstat
 .text._isatty  0x0000000008002a1e       0x16 ./Core/Src/syscalls.o
                0x0000000008002a1e                _isatty
 .text._lseek   0x0000000008002a34       0x1a ./Core/Src/syscalls.o
                0x0000000008002a34                _lseek
 *fill*         0x0000000008002a4e        0x2 
 .text._sbrk    0x0000000008002a50       0x6c ./Core/Src/sysmem.o
                0x0000000008002a50                _sbrk
 .text.SystemInit
                0x0000000008002abc       0x24 ./Core/Src/system_stm32f4xx.o
                0x0000000008002abc                SystemInit
 .text.MX_TIM2_Init
                0x0000000008002ae0       0x9c ./Core/Src/tim.o
                0x0000000008002ae0                MX_TIM2_Init
 .text.MX_TIM3_Init
                0x0000000008002b7c       0xec ./Core/Src/tim.o
                0x0000000008002b7c                MX_TIM3_Init
 .text.HAL_TIM_Base_MspInit
                0x0000000008002c68       0x6c ./Core/Src/tim.o
                0x0000000008002c68                HAL_TIM_Base_MspInit
 .text.HAL_TIM_MspPostInit
                0x0000000008002cd4       0x74 ./Core/Src/tim.o
                0x0000000008002cd4                HAL_TIM_MspPostInit
 .text.MX_UART4_Init
                0x0000000008002d48       0x54 ./Core/Src/usart.o
                0x0000000008002d48                MX_UART4_Init
 .text.MX_USART3_UART_Init
                0x0000000008002d9c       0x54 ./Core/Src/usart.o
                0x0000000008002d9c                MX_USART3_UART_Init
 .text.HAL_UART_MspInit
                0x0000000008002df0      0x100 ./Core/Src/usart.o
                0x0000000008002df0                HAL_UART_MspInit
 .text.MX_USB_OTG_FS_PCD_Init
                0x0000000008002ef0       0x5c ./Core/Src/usb_otg.o
                0x0000000008002ef0                MX_USB_OTG_FS_PCD_Init
 .text.HAL_PCD_MspInit
                0x0000000008002f4c       0xb4 ./Core/Src/usb_otg.o
                0x0000000008002f4c                HAL_PCD_MspInit
 .text.Reset_Handler
                0x0000000008003000       0x50 ./Core/Startup/startup_stm32f429zitx.o
                0x0000000008003000                Reset_Handler
 .text.Default_Handler
                0x0000000008003050        0x2 ./Core/Startup/startup_stm32f429zitx.o
                0x0000000008003050                HASH_RNG_IRQHandler
                0x0000000008003050                EXTI2_IRQHandler
                0x0000000008003050                TIM8_CC_IRQHandler
                0x0000000008003050                UART8_IRQHandler
                0x0000000008003050                SPI4_IRQHandler
                0x0000000008003050                TIM1_CC_IRQHandler
                0x0000000008003050                DMA2_Stream5_IRQHandler
                0x0000000008003050                DMA1_Stream5_IRQHandler
                0x0000000008003050                PVD_IRQHandler
                0x0000000008003050                SDIO_IRQHandler
                0x0000000008003050                TAMP_STAMP_IRQHandler
                0x0000000008003050                CAN2_RX1_IRQHandler
                0x0000000008003050                EXTI3_IRQHandler
                0x0000000008003050                TIM8_TRG_COM_TIM14_IRQHandler
                0x0000000008003050                TIM1_UP_TIM10_IRQHandler
                0x0000000008003050                TIM8_UP_TIM13_IRQHandler
                0x0000000008003050                I2C3_ER_IRQHandler
                0x0000000008003050                EXTI0_IRQHandler
                0x0000000008003050                I2C2_EV_IRQHandler
                0x0000000008003050                DMA1_Stream2_IRQHandler
                0x0000000008003050                CAN1_RX0_IRQHandler
                0x0000000008003050                FPU_IRQHandler
                0x0000000008003050                OTG_HS_WKUP_IRQHandler
                0x0000000008003050                LTDC_ER_IRQHandler
                0x0000000008003050                CAN2_SCE_IRQHandler
                0x0000000008003050                DMA2_Stream2_IRQHandler
                0x0000000008003050                SPI1_IRQHandler
                0x0000000008003050                TIM6_DAC_IRQHandler
                0x0000000008003050                TIM1_BRK_TIM9_IRQHandler
                0x0000000008003050                DCMI_IRQHandler
                0x0000000008003050                CAN2_RX0_IRQHandler
                0x0000000008003050                DMA2_Stream3_IRQHandler
                0x0000000008003050                USART6_IRQHandler
                0x0000000008003050                CAN1_RX1_IRQHandler
                0x0000000008003050                UART5_IRQHandler
                0x0000000008003050                TIM4_IRQHandler
                0x0000000008003050                I2C1_EV_IRQHandler
                0x0000000008003050                DMA1_Stream6_IRQHandler
                0x0000000008003050                DMA1_Stream1_IRQHandler
                0x0000000008003050                TIM3_IRQHandler
                0x0000000008003050                RCC_IRQHandler
                0x0000000008003050                TIM8_BRK_TIM12_IRQHandler
                0x0000000008003050                Default_Handler
                0x0000000008003050                DMA1_Stream7_IRQHandler
                0x0000000008003050                SPI5_IRQHandler
                0x0000000008003050                TIM7_IRQHandler
                0x0000000008003050                CAN2_TX_IRQHandler
                0x0000000008003050                TIM5_IRQHandler
                0x0000000008003050                DMA2_Stream7_IRQHandler
                0x0000000008003050                I2C3_EV_IRQHandler
                0x0000000008003050                RTC_WKUP_IRQHandler
                0x0000000008003050                LTDC_IRQHandler
                0x0000000008003050                ETH_WKUP_IRQHandler
                0x0000000008003050                SPI2_IRQHandler
                0x0000000008003050                OTG_HS_EP1_IN_IRQHandler
                0x0000000008003050                DMA1_Stream0_IRQHandler
                0x0000000008003050                CAN1_TX_IRQHandler
                0x0000000008003050                EXTI4_IRQHandler
                0x0000000008003050                ETH_IRQHandler
                0x0000000008003050                OTG_HS_EP1_OUT_IRQHandler
                0x0000000008003050                WWDG_IRQHandler
                0x0000000008003050                SPI6_IRQHandler
                0x0000000008003050                OTG_FS_WKUP_IRQHandler
                0x0000000008003050                TIM1_TRG_COM_TIM11_IRQHandler
                0x0000000008003050                OTG_HS_IRQHandler
                0x0000000008003050                DMA2D_IRQHandler
                0x0000000008003050                EXTI1_IRQHandler
                0x0000000008003050                UART7_IRQHandler
                0x0000000008003050                USART2_IRQHandler
                0x0000000008003050                I2C2_ER_IRQHandler
                0x0000000008003050                DMA2_Stream1_IRQHandler
                0x0000000008003050                CAN1_SCE_IRQHandler
                0x0000000008003050                FLASH_IRQHandler
                0x0000000008003050                DMA2_Stream4_IRQHandler
                0x0000000008003050                USART1_IRQHandler
                0x0000000008003050                OTG_FS_IRQHandler
                0x0000000008003050                SPI3_IRQHandler
                0x0000000008003050                DMA1_Stream4_IRQHandler
                0x0000000008003050                I2C1_ER_IRQHandler
                0x0000000008003050                FMC_IRQHandler
                0x0000000008003050                DMA2_Stream6_IRQHandler
                0x0000000008003050                SAI1_IRQHandler
                0x0000000008003050                DMA1_Stream3_IRQHandler
 *fill*         0x0000000008003052        0x2 
 .text.HAL_Init
                0x0000000008003054       0x44 ./Drivers/STM32F4xx_HAL_Driver/Src/stm32f4xx_hal.o
                0x0000000008003054                HAL_Init
 .text.HAL_InitTick
                0x0000000008003098       0x60 ./Drivers/STM32F4xx_HAL_Driver/Src/stm32f4xx_hal.o
                0x0000000008003098                HAL_InitTick
 .text.HAL_IncTick
                0x00000000080030f8       0x28 ./Drivers/STM32F4xx_HAL_Driver/Src/stm32f4xx_hal.o
                0x00000000080030f8                HAL_IncTick
 .text.HAL_GetTick
                0x0000000008003120       0x18 ./Drivers/STM32F4xx_HAL_Driver/Src/stm32f4xx_hal.o
                0x0000000008003120                HAL_GetTick
 .text.HAL_Delay
                0x0000000008003138       0x48 ./Drivers/STM32F4xx_HAL_Driver/Src/stm32f4xx_hal.o
                0x0000000008003138                HAL_Delay
 .text.HAL_ADC_Init
                0x0000000008003180       0x86 ./Drivers/STM32F4xx_HAL_Driver/Src/stm32f4xx_hal_adc.o
                0x0000000008003180                HAL_ADC_Init
 .text.HAL_ADC_IRQHandler
                0x0000000008003206      0x220 ./Drivers/STM32F4xx_HAL_Driver/Src/stm32f4xx_hal_adc.o
                0x0000000008003206                HAL_ADC_IRQHandler
 *fill*         0x0000000008003426        0x2 
 .text.HAL_ADC_Start_DMA
                0x0000000008003428      0x220 ./Drivers/STM32F4xx_HAL_Driver/Src/stm32f4xx_hal_adc.o
                0x0000000008003428                HAL_ADC_Start_DMA
 .text.HAL_ADC_ConvCpltCallback
                0x0000000008003648       0x14 ./Drivers/STM32F4xx_HAL_Driver/Src/stm32f4xx_hal_adc.o
                0x0000000008003648                HAL_ADC_ConvCpltCallback
 .text.HAL_ADC_ConvHalfCpltCallback
                0x000000000800365c       0x14 ./Drivers/STM32F4xx_HAL_Driver/Src/stm32f4xx_hal_adc.o
                0x000000000800365c                HAL_ADC_ConvHalfCpltCallback
 .text.HAL_ADC_LevelOutOfWindowCallback
                0x0000000008003670       0x14 ./Drivers/STM32F4xx_HAL_Driver/Src/stm32f4xx_hal_adc.o
                0x0000000008003670                HAL_ADC_LevelOutOfWindowCallback
 .text.HAL_ADC_ErrorCallback
                0x0000000008003684       0x14 ./Drivers/STM32F4xx_HAL_Driver/Src/stm32f4xx_hal_adc.o
                0x0000000008003684                HAL_ADC_ErrorCallback
 .text.HAL_ADC_ConfigChannel
                0x0000000008003698      0x264 ./Drivers/STM32F4xx_HAL_Driver/Src/stm32f4xx_hal_adc.o
                0x0000000008003698                HAL_ADC_ConfigChannel
 .text.ADC_Init
                0x00000000080038fc      0x1f8 ./Drivers/STM32F4xx_HAL_Driver/Src/stm32f4xx_hal_adc.o
 .text.ADC_DMAConvCplt
                0x0000000008003af4       0xba ./Drivers/STM32F4xx_HAL_Driver/Src/stm32f4xx_hal_adc.o
 .text.ADC_DMAHalfConvCplt
                0x0000000008003bae       0x1c ./Drivers/STM32F4xx_HAL_Driver/Src/stm32f4xx_hal_adc.o
 .text.ADC_DMAError
                0x0000000008003bca       0x2e ./Drivers/STM32F4xx_HAL_Driver/Src/stm32f4xx_hal_adc.o
 .text.HAL_ADCEx_InjectedConvCpltCallback
                0x0000000008003bf8       0x14 ./Drivers/STM32F4xx_HAL_Driver/Src/stm32f4xx_hal_adc_ex.o
                0x0000000008003bf8                HAL_ADCEx_InjectedConvCpltCallback
 .text.__NVIC_SetPriorityGrouping
                0x0000000008003c0c       0x48 ./Drivers/STM32F4xx_HAL_Driver/Src/stm32f4xx_hal_cortex.o
 .text.__NVIC_GetPriorityGrouping
                0x0000000008003c54       0x1c ./Drivers/STM32F4xx_HAL_Driver/Src/stm32f4xx_hal_cortex.o
 .text.__NVIC_EnableIRQ
                0x0000000008003c70       0x3c ./Drivers/STM32F4xx_HAL_Driver/Src/stm32f4xx_hal_cortex.o
 .text.__NVIC_SetPriority
                0x0000000008003cac       0x54 ./Drivers/STM32F4xx_HAL_Driver/Src/stm32f4xx_hal_cortex.o
 .text.NVIC_EncodePriority
                0x0000000008003d00       0x66 ./Drivers/STM32F4xx_HAL_Driver/Src/stm32f4xx_hal_cortex.o
 *fill*         0x0000000008003d66        0x2 
 .text.SysTick_Config
                0x0000000008003d68       0x44 ./Drivers/STM32F4xx_HAL_Driver/Src/stm32f4xx_hal_cortex.o
 .text.HAL_NVIC_SetPriorityGrouping
                0x0000000008003dac       0x16 ./Drivers/STM32F4xx_HAL_Driver/Src/stm32f4xx_hal_cortex.o
                0x0000000008003dac                HAL_NVIC_SetPriorityGrouping
 .text.HAL_NVIC_SetPriority
                0x0000000008003dc2       0x38 ./Drivers/STM32F4xx_HAL_Driver/Src/stm32f4xx_hal_cortex.o
                0x0000000008003dc2                HAL_NVIC_SetPriority
 .text.HAL_NVIC_EnableIRQ
                0x0000000008003dfa       0x1c ./Drivers/STM32F4xx_HAL_Driver/Src/stm32f4xx_hal_cortex.o
                0x0000000008003dfa                HAL_NVIC_EnableIRQ
 .text.HAL_SYSTICK_Config
                0x0000000008003e16       0x18 ./Drivers/STM32F4xx_HAL_Driver/Src/stm32f4xx_hal_cortex.o
                0x0000000008003e16                HAL_SYSTICK_Config
 *fill*         0x0000000008003e2e        0x2 
 .text.HAL_DMA_Init
                0x0000000008003e30      0x15c ./Drivers/STM32F4xx_HAL_Driver/Src/stm32f4xx_hal_dma.o
                0x0000000008003e30                HAL_DMA_Init
 .text.HAL_DMA_Start_IT
                0x0000000008003f8c       0xb0 ./Drivers/STM32F4xx_HAL_Driver/Src/stm32f4xx_hal_dma.o
                0x0000000008003f8c                HAL_DMA_Start_IT
 .text.HAL_DMA_Abort
                0x000000000800403c       0xe0 ./Drivers/STM32F4xx_HAL_Driver/Src/stm32f4xx_hal_dma.o
                0x000000000800403c                HAL_DMA_Abort
 .text.HAL_DMA_Abort_IT
                0x000000000800411c       0x44 ./Drivers/STM32F4xx_HAL_Driver/Src/stm32f4xx_hal_dma.o
                0x000000000800411c                HAL_DMA_Abort_IT
 .text.HAL_DMA_IRQHandler
                0x0000000008004160      0x314 ./Drivers/STM32F4xx_HAL_Driver/Src/stm32f4xx_hal_dma.o
                0x0000000008004160                HAL_DMA_IRQHandler
 .text.DMA_SetConfig
                0x0000000008004474       0x5c ./Drivers/STM32F4xx_HAL_Driver/Src/stm32f4xx_hal_dma.o
 .text.DMA_CalcBaseAndBitshift
                0x00000000080044d0       0x6c ./Drivers/STM32F4xx_HAL_Driver/Src/stm32f4xx_hal_dma.o
 .text.DMA_CheckFifoParam
                0x000000000800453c       0xf8 ./Drivers/STM32F4xx_HAL_Driver/Src/stm32f4xx_hal_dma.o
 .text.HAL_ETH_Init
                0x0000000008004634       0xfc ./Drivers/STM32F4xx_HAL_Driver/Src/stm32f4xx_hal_eth.o
                0x0000000008004634                HAL_ETH_Init
 .text.ETH_SetMACConfig
                0x0000000008004730      0x160 ./Drivers/STM32F4xx_HAL_Driver/Src/stm32f4xx_hal_eth.o
 .text.ETH_SetDMAConfig
                0x0000000008004890      0x114 ./Drivers/STM32F4xx_HAL_Driver/Src/stm32f4xx_hal_eth.o
 .text.ETH_MACDMAConfig
                0x00000000080049a4       0xe4 ./Drivers/STM32F4xx_HAL_Driver/Src/stm32f4xx_hal_eth.o
 .text.ETH_MACAddressConfig
                0x0000000008004a88       0x70 ./Drivers/STM32F4xx_HAL_Driver/Src/stm32f4xx_hal_eth.o
 .text.ETH_DMATxDescListInit
                0x0000000008004af8       0xb2 ./Drivers/STM32F4xx_HAL_Driver/Src/stm32f4xx_hal_eth.o
 .text.ETH_DMARxDescListInit
                0x0000000008004baa       0xda ./Drivers/STM32F4xx_HAL_Driver/Src/stm32f4xx_hal_eth.o
 .text.HAL_FLASH_Program
                0x0000000008004c84       0xa8 ./Drivers/STM32F4xx_HAL_Driver/Src/stm32f4xx_hal_flash.o
                0x0000000008004c84                HAL_FLASH_Program
 .text.HAL_FLASH_Unlock
                0x0000000008004d2c       0x44 ./Drivers/STM32F4xx_HAL_Driver/Src/stm32f4xx_hal_flash.o
                0x0000000008004d2c                HAL_FLASH_Unlock
 .text.HAL_FLASH_Lock
                0x0000000008004d70       0x20 ./Drivers/STM32F4xx_HAL_Driver/Src/stm32f4xx_hal_flash.o
                0x0000000008004d70                HAL_FLASH_Lock
 .text.FLASH_WaitForLastOperation
                0x0000000008004d90       0x80 ./Drivers/STM32F4xx_HAL_Driver/Src/stm32f4xx_hal_flash.o
                0x0000000008004d90                FLASH_WaitForLastOperation
 .text.FLASH_Program_DoubleWord
                0x0000000008004e10       0x64 ./Drivers/STM32F4xx_HAL_Driver/Src/stm32f4xx_hal_flash.o
 .text.FLASH_Program_Word
                0x0000000008004e74       0x44 ./Drivers/STM32F4xx_HAL_Driver/Src/stm32f4xx_hal_flash.o
 .text.FLASH_Program_HalfWord
                0x0000000008004eb8       0x48 ./Drivers/STM32F4xx_HAL_Driver/Src/stm32f4xx_hal_flash.o
 .text.FLASH_Program_Byte
                0x0000000008004f00       0x44 ./Drivers/STM32F4xx_HAL_Driver/Src/stm32f4xx_hal_flash.o
 .text.FLASH_SetErrorCode
                0x0000000008004f44       0xcc ./Drivers/STM32F4xx_HAL_Driver/Src/stm32f4xx_hal_flash.o
 .text.HAL_FLASHEx_Erase
                0x0000000008005010       0xe4 ./Drivers/STM32F4xx_HAL_Driver/Src/stm32f4xx_hal_flash_ex.o
                0x0000000008005010                HAL_FLASHEx_Erase
 .text.FLASH_MassErase
                0x00000000080050f4       0x74 ./Drivers/STM32F4xx_HAL_Driver/Src/stm32f4xx_hal_flash_ex.o
 .text.FLASH_Erase_Sector
                0x0000000008005168       0x9c ./Drivers/STM32F4xx_HAL_Driver/Src/stm32f4xx_hal_flash_ex.o
                0x0000000008005168                FLASH_Erase_Sector
 .text.FLASH_FlushCaches
                0x0000000008005204       0x8c ./Drivers/STM32F4xx_HAL_Driver/Src/stm32f4xx_hal_flash_ex.o
                0x0000000008005204                FLASH_FlushCaches
 .text.HAL_GPIO_Init
                0x0000000008005290      0x358 ./Drivers/STM32F4xx_HAL_Driver/Src/stm32f4xx_hal_gpio.o
                0x0000000008005290                HAL_GPIO_Init
 .text.HAL_GPIO_ReadPin
                0x00000000080055e8       0x30 ./Drivers/STM32F4xx_HAL_Driver/Src/stm32f4xx_hal_gpio.o
                0x00000000080055e8                HAL_GPIO_ReadPin
 .text.HAL_GPIO_WritePin
                0x0000000008005618       0x32 ./Drivers/STM32F4xx_HAL_Driver/Src/stm32f4xx_hal_gpio.o
                0x0000000008005618                HAL_GPIO_WritePin
 .text.HAL_GPIO_TogglePin
                0x000000000800564a       0x34 ./Drivers/STM32F4xx_HAL_Driver/Src/stm32f4xx_hal_gpio.o
                0x000000000800564a                HAL_GPIO_TogglePin
 *fill*         0x000000000800567e        0x2 
 .text.HAL_GPIO_EXTI_IRQHandler
                0x0000000008005680       0x30 ./Drivers/STM32F4xx_HAL_Driver/Src/stm32f4xx_hal_gpio.o
                0x0000000008005680                HAL_GPIO_EXTI_IRQHandler
 .text.HAL_I2C_Init
                0x00000000080056b0      0x288 ./Drivers/STM32F4xx_HAL_Driver/Src/stm32f4xx_hal_i2c.o
                0x00000000080056b0                HAL_I2C_Init
 .text.HAL_I2C_Master_Transmit
                0x0000000008005938      0x1fc ./Drivers/STM32F4xx_HAL_Driver/Src/stm32f4xx_hal_i2c.o
                0x0000000008005938                HAL_I2C_Master_Transmit
 .text.HAL_I2C_IsDeviceReady
                0x0000000008005b34      0x25c ./Drivers/STM32F4xx_HAL_Driver/Src/stm32f4xx_hal_i2c.o
                0x0000000008005b34                HAL_I2C_IsDeviceReady
 .text.I2C_MasterRequestWrite
                0x0000000008005d90      0x104 ./Drivers/STM32F4xx_HAL_Driver/Src/stm32f4xx_hal_i2c.o
 .text.I2C_WaitOnFlagUntilTimeout
                0x0000000008005e94       0xae ./Drivers/STM32F4xx_HAL_Driver/Src/stm32f4xx_hal_i2c.o
 .text.I2C_WaitOnMasterAddressFlagUntilTimeout
                0x0000000008005f42       0xfe ./Drivers/STM32F4xx_HAL_Driver/Src/stm32f4xx_hal_i2c.o
 .text.I2C_WaitOnTXEFlagUntilTimeout
                0x0000000008006040       0x82 ./Drivers/STM32F4xx_HAL_Driver/Src/stm32f4xx_hal_i2c.o
 .text.I2C_WaitOnBTFFlagUntilTimeout
                0x00000000080060c2       0x82 ./Drivers/STM32F4xx_HAL_Driver/Src/stm32f4xx_hal_i2c.o
 .text.I2C_IsAcknowledgeFailed
                0x0000000008006144       0x5e ./Drivers/STM32F4xx_HAL_Driver/Src/stm32f4xx_hal_i2c.o
 .text.HAL_I2CEx_ConfigAnalogFilter
                0x00000000080061a2       0x78 ./Drivers/STM32F4xx_HAL_Driver/Src/stm32f4xx_hal_i2c_ex.o
                0x00000000080061a2                HAL_I2CEx_ConfigAnalogFilter
 .text.HAL_I2CEx_ConfigDigitalFilter
                0x000000000800621a       0x7e ./Drivers/STM32F4xx_HAL_Driver/Src/stm32f4xx_hal_i2c_ex.o
                0x000000000800621a                HAL_I2CEx_ConfigDigitalFilter
 .text.HAL_PCD_Init
                0x0000000008006298      0x23a ./Drivers/STM32F4xx_HAL_Driver/Src/stm32f4xx_hal_pcd.o
                0x0000000008006298                HAL_PCD_Init
 *fill*         0x00000000080064d2        0x2 
 .text.HAL_RCC_OscConfig
                0x00000000080064d4      0x4f0 ./Drivers/STM32F4xx_HAL_Driver/Src/stm32f4xx_hal_rcc.o
                0x00000000080064d4                HAL_RCC_OscConfig
 .text.HAL_RCC_ClockConfig
                0x00000000080069c4      0x1cc ./Drivers/STM32F4xx_HAL_Driver/Src/stm32f4xx_hal_rcc.o
                0x00000000080069c4                HAL_RCC_ClockConfig
 .text.HAL_RCC_GetSysClockFreq
                0x0000000008006b90      0x20c ./Drivers/STM32F4xx_HAL_Driver/Src/stm32f4xx_hal_rcc.o
                0x0000000008006b90                HAL_RCC_GetSysClockFreq
 .text.HAL_RCC_GetHCLKFreq
                0x0000000008006d9c       0x18 ./Drivers/STM32F4xx_HAL_Driver/Src/stm32f4xx_hal_rcc.o
                0x0000000008006d9c                HAL_RCC_GetHCLKFreq
 .text.HAL_RCC_GetPCLK1Freq
                0x0000000008006db4       0x28 ./Drivers/STM32F4xx_HAL_Driver/Src/stm32f4xx_hal_rcc.o
                0x0000000008006db4                HAL_RCC_GetPCLK1Freq
 .text.HAL_RCC_GetPCLK2Freq
                0x0000000008006ddc       0x28 ./Drivers/STM32F4xx_HAL_Driver/Src/stm32f4xx_hal_rcc.o
                0x0000000008006ddc                HAL_RCC_GetPCLK2Freq
 .text.HAL_RCCEx_PeriphCLKConfig
                0x0000000008006e04      0x380 ./Drivers/STM32F4xx_HAL_Driver/Src/stm32f4xx_hal_rcc_ex.o
                0x0000000008006e04                HAL_RCCEx_PeriphCLKConfig
 .text.HAL_RTC_Init
                0x0000000008007184       0xec ./Drivers/STM32F4xx_HAL_Driver/Src/stm32f4xx_hal_rtc.o
                0x0000000008007184                HAL_RTC_Init
 .text.HAL_RTC_SetTime
                0x0000000008007270      0x134 ./Drivers/STM32F4xx_HAL_Driver/Src/stm32f4xx_hal_rtc.o
                0x0000000008007270                HAL_RTC_SetTime
 .text.HAL_RTC_GetTime
                0x00000000080073a4       0xbc ./Drivers/STM32F4xx_HAL_Driver/Src/stm32f4xx_hal_rtc.o
                0x00000000080073a4                HAL_RTC_GetTime
 .text.HAL_RTC_SetDate
                0x0000000008007460      0x108 ./Drivers/STM32F4xx_HAL_Driver/Src/stm32f4xx_hal_rtc.o
                0x0000000008007460                HAL_RTC_SetDate
 .text.HAL_RTC_GetDate
                0x0000000008007568       0x9e ./Drivers/STM32F4xx_HAL_Driver/Src/stm32f4xx_hal_rtc.o
                0x0000000008007568                HAL_RTC_GetDate
 *fill*         0x0000000008007606        0x2 
 .text.HAL_RTC_SetAlarm_IT
                0x0000000008007608      0x284 ./Drivers/STM32F4xx_HAL_Driver/Src/stm32f4xx_hal_rtc.o
                0x0000000008007608                HAL_RTC_SetAlarm_IT
 .text.HAL_RTC_AlarmIRQHandler
                0x000000000800788c       0x8c ./Drivers/STM32F4xx_HAL_Driver/Src/stm32f4xx_hal_rtc.o
                0x000000000800788c                HAL_RTC_AlarmIRQHandler
 .text.HAL_RTC_WaitForSynchro
                0x0000000008007918       0x50 ./Drivers/STM32F4xx_HAL_Driver/Src/stm32f4xx_hal_rtc.o
                0x0000000008007918                HAL_RTC_WaitForSynchro
 .text.RTC_EnterInitMode
                0x0000000008007968       0x6e ./Drivers/STM32F4xx_HAL_Driver/Src/stm32f4xx_hal_rtc.o
                0x0000000008007968                RTC_EnterInitMode
 .text.RTC_ExitInitMode
                0x00000000080079d6       0x4a ./Drivers/STM32F4xx_HAL_Driver/Src/stm32f4xx_hal_rtc.o
                0x00000000080079d6                RTC_ExitInitMode
 .text.RTC_ByteToBcd2
                0x0000000008007a20       0x3a ./Drivers/STM32F4xx_HAL_Driver/Src/stm32f4xx_hal_rtc.o
                0x0000000008007a20                RTC_ByteToBcd2
 .text.RTC_Bcd2ToByte
                0x0000000008007a5a       0x38 ./Drivers/STM32F4xx_HAL_Driver/Src/stm32f4xx_hal_rtc.o
                0x0000000008007a5a                RTC_Bcd2ToByte
 .text.HAL_RTCEx_AlarmBEventCallback
                0x0000000008007a92       0x14 ./Drivers/STM32F4xx_HAL_Driver/Src/stm32f4xx_hal_rtc_ex.o
                0x0000000008007a92                HAL_RTCEx_AlarmBEventCallback
 .text.HAL_TIM_Base_Init
                0x0000000008007aa6       0x9e ./Drivers/STM32F4xx_HAL_Driver/Src/stm32f4xx_hal_tim.o
                0x0000000008007aa6                HAL_TIM_Base_Init
 .text.HAL_TIM_PWM_Init
                0x0000000008007b44       0x9e ./Drivers/STM32F4xx_HAL_Driver/Src/stm32f4xx_hal_tim.o
                0x0000000008007b44                HAL_TIM_PWM_Init
 .text.HAL_TIM_PWM_MspInit
                0x0000000008007be2       0x14 ./Drivers/STM32F4xx_HAL_Driver/Src/stm32f4xx_hal_tim.o
                0x0000000008007be2                HAL_TIM_PWM_MspInit
 *fill*         0x0000000008007bf6        0x2 
 .text.HAL_TIM_PWM_Start
                0x0000000008007bf8      0x190 ./Drivers/STM32F4xx_HAL_Driver/Src/stm32f4xx_hal_tim.o
                0x0000000008007bf8                HAL_TIM_PWM_Start
 .text.HAL_TIM_IRQHandler
                0x0000000008007d88      0x210 ./Drivers/STM32F4xx_HAL_Driver/Src/stm32f4xx_hal_tim.o
                0x0000000008007d88                HAL_TIM_IRQHandler
 .text.HAL_TIM_PWM_ConfigChannel
                0x0000000008007f98      0x184 ./Drivers/STM32F4xx_HAL_Driver/Src/stm32f4xx_hal_tim.o
                0x0000000008007f98                HAL_TIM_PWM_ConfigChannel
 .text.HAL_TIM_ConfigClockSource
                0x000000000800811c      0x18e ./Drivers/STM32F4xx_HAL_Driver/Src/stm32f4xx_hal_tim.o
                0x000000000800811c                HAL_TIM_ConfigClockSource
 .text.HAL_TIM_PeriodElapsedCallback
                0x00000000080082aa       0x14 ./Drivers/STM32F4xx_HAL_Driver/Src/stm32f4xx_hal_tim.o
                0x00000000080082aa                HAL_TIM_PeriodElapsedCallback
 .text.HAL_TIM_OC_DelayElapsedCallback
                0x00000000080082be       0x14 ./Drivers/STM32F4xx_HAL_Driver/Src/stm32f4xx_hal_tim.o
                0x00000000080082be                HAL_TIM_OC_DelayElapsedCallback
 .text.HAL_TIM_IC_CaptureCallback
                0x00000000080082d2       0x14 ./Drivers/STM32F4xx_HAL_Driver/Src/stm32f4xx_hal_tim.o
                0x00000000080082d2                HAL_TIM_IC_CaptureCallback
 .text.HAL_TIM_PWM_PulseFinishedCallback
                0x00000000080082e6       0x14 ./Drivers/STM32F4xx_HAL_Driver/Src/stm32f4xx_hal_tim.o
                0x00000000080082e6                HAL_TIM_PWM_PulseFinishedCallback
 .text.HAL_TIM_TriggerCallback
                0x00000000080082fa       0x14 ./Drivers/STM32F4xx_HAL_Driver/Src/stm32f4xx_hal_tim.o
                0x00000000080082fa                HAL_TIM_TriggerCallback
 *fill*         0x000000000800830e        0x2 
 .text.TIM_Base_SetConfig
                0x0000000008008310      0x140 ./Drivers/STM32F4xx_HAL_Driver/Src/stm32f4xx_hal_tim.o
                0x0000000008008310                TIM_Base_SetConfig
 .text.TIM_OC1_SetConfig
                0x0000000008008450       0xe0 ./Drivers/STM32F4xx_HAL_Driver/Src/stm32f4xx_hal_tim.o
 .text.TIM_OC2_SetConfig
                0x0000000008008530       0xec ./Drivers/STM32F4xx_HAL_Driver/Src/stm32f4xx_hal_tim.o
                0x0000000008008530                TIM_OC2_SetConfig
 .text.TIM_OC3_SetConfig
                0x000000000800861c       0xe8 ./Drivers/STM32F4xx_HAL_Driver/Src/stm32f4xx_hal_tim.o
 .text.TIM_OC4_SetConfig
                0x0000000008008704       0xac ./Drivers/STM32F4xx_HAL_Driver/Src/stm32f4xx_hal_tim.o
 .text.TIM_TI1_ConfigInputStage
                0x00000000080087b0       0x5e ./Drivers/STM32F4xx_HAL_Driver/Src/stm32f4xx_hal_tim.o
 .text.TIM_TI2_ConfigInputStage
                0x000000000800880e       0x60 ./Drivers/STM32F4xx_HAL_Driver/Src/stm32f4xx_hal_tim.o
 .text.TIM_ITRx_SetConfig
                0x000000000800886e       0x36 ./Drivers/STM32F4xx_HAL_Driver/Src/stm32f4xx_hal_tim.o
 .text.TIM_ETR_SetConfig
                0x00000000080088a4       0x40 ./Drivers/STM32F4xx_HAL_Driver/Src/stm32f4xx_hal_tim.o
                0x00000000080088a4                TIM_ETR_SetConfig
 .text.TIM_CCxChannelCmd
                0x00000000080088e4       0x4a ./Drivers/STM32F4xx_HAL_Driver/Src/stm32f4xx_hal_tim.o
                0x00000000080088e4                TIM_CCxChannelCmd
 *fill*         0x000000000800892e        0x2 
 .text.HAL_TIMEx_MasterConfigSynchronization
                0x0000000008008930       0xf8 ./Drivers/STM32F4xx_HAL_Driver/Src/stm32f4xx_hal_tim_ex.o
                0x0000000008008930                HAL_TIMEx_MasterConfigSynchronization
 .text.HAL_TIMEx_CommutCallback
                0x0000000008008a28       0x14 ./Drivers/STM32F4xx_HAL_Driver/Src/stm32f4xx_hal_tim_ex.o
                0x0000000008008a28                HAL_TIMEx_CommutCallback
 .text.HAL_TIMEx_BreakCallback
                0x0000000008008a3c       0x14 ./Drivers/STM32F4xx_HAL_Driver/Src/stm32f4xx_hal_tim_ex.o
                0x0000000008008a3c                HAL_TIMEx_BreakCallback
 .text.HAL_UART_Init
                0x0000000008008a50       0x9a ./Drivers/STM32F4xx_HAL_Driver/Src/stm32f4xx_hal_uart.o
                0x0000000008008a50                HAL_UART_Init
 .text.HAL_UART_Transmit
                0x0000000008008aea      0x124 ./Drivers/STM32F4xx_HAL_Driver/Src/stm32f4xx_hal_uart.o
                0x0000000008008aea                HAL_UART_Transmit
 .text.HAL_UART_Receive_IT
                0x0000000008008c0e       0x60 ./Drivers/STM32F4xx_HAL_Driver/Src/stm32f4xx_hal_uart.o
                0x0000000008008c0e                HAL_UART_Receive_IT
 *fill*         0x0000000008008c6e        0x2 
 .text.HAL_UART_IRQHandler
                0x0000000008008c70      0x51c ./Drivers/STM32F4xx_HAL_Driver/Src/stm32f4xx_hal_uart.o
                0x0000000008008c70                HAL_UART_IRQHandler
 .text.HAL_UART_TxCpltCallback
                0x000000000800918c       0x14 ./Drivers/STM32F4xx_HAL_Driver/Src/stm32f4xx_hal_uart.o
                0x000000000800918c                HAL_UART_TxCpltCallback
 .text.HAL_UART_ErrorCallback
                0x00000000080091a0       0x14 ./Drivers/STM32F4xx_HAL_Driver/Src/stm32f4xx_hal_uart.o
                0x00000000080091a0                HAL_UART_ErrorCallback
 .text.HAL_UARTEx_RxEventCallback
                0x00000000080091b4       0x18 ./Drivers/STM32F4xx_HAL_Driver/Src/stm32f4xx_hal_uart.o
                0x00000000080091b4                HAL_UARTEx_RxEventCallback
 .text.UART_WaitOnFlagUntilTimeout
                0x00000000080091cc       0xdc ./Drivers/STM32F4xx_HAL_Driver/Src/stm32f4xx_hal_uart.o
 .text.UART_Start_Receive_IT
                0x00000000080092a8       0x7c ./Drivers/STM32F4xx_HAL_Driver/Src/stm32f4xx_hal_uart.o
                0x00000000080092a8                UART_Start_Receive_IT
 .text.UART_EndRxTransfer
                0x0000000008009324       0xc6 ./Drivers/STM32F4xx_HAL_Driver/Src/stm32f4xx_hal_uart.o
 .text.UART_DMAAbortOnError
                0x00000000080093ea       0x28 ./Drivers/STM32F4xx_HAL_Driver/Src/stm32f4xx_hal_uart.o
 .text.UART_Transmit_IT
                0x0000000008009412       0xa0 ./Drivers/STM32F4xx_HAL_Driver/Src/stm32f4xx_hal_uart.o
 .text.UART_EndTransmit_IT
                0x00000000080094b2       0x30 ./Drivers/STM32F4xx_HAL_Driver/Src/stm32f4xx_hal_uart.o
 .text.UART_Receive_IT
                0x00000000080094e2      0x176 ./Drivers/STM32F4xx_HAL_Driver/Src/stm32f4xx_hal_uart.o
 .text.UART_SetConfig
                0x0000000008009658      0x4e8 ./Drivers/STM32F4xx_HAL_Driver/Src/stm32f4xx_hal_uart.o
 .text.USB_CoreInit
                0x0000000008009b40       0xc2 ./Drivers/STM32F4xx_HAL_Driver/Src/stm32f4xx_ll_usb.o
                0x0000000008009b40                USB_CoreInit
 .text.USB_DisableGlobalInt
                0x0000000008009c02       0x22 ./Drivers/STM32F4xx_HAL_Driver/Src/stm32f4xx_ll_usb.o
                0x0000000008009c02                USB_DisableGlobalInt
 .text.USB_SetCurrentMode
                0x0000000008009c24       0x98 ./Drivers/STM32F4xx_HAL_Driver/Src/stm32f4xx_ll_usb.o
                0x0000000008009c24                USB_SetCurrentMode
 .text.USB_DevInit
                0x0000000008009cbc      0x2c8 ./Drivers/STM32F4xx_HAL_Driver/Src/stm32f4xx_ll_usb.o
                0x0000000008009cbc                USB_DevInit
 .text.USB_FlushTxFifo
                0x0000000008009f84       0x68 ./Drivers/STM32F4xx_HAL_Driver/Src/stm32f4xx_ll_usb.o
                0x0000000008009f84                USB_FlushTxFifo
 .text.USB_FlushRxFifo
                0x0000000008009fec       0x60 ./Drivers/STM32F4xx_HAL_Driver/Src/stm32f4xx_ll_usb.o
                0x0000000008009fec                USB_FlushRxFifo
 .text.USB_SetDevSpeed
                0x000000000800a04c       0x32 ./Drivers/STM32F4xx_HAL_Driver/Src/stm32f4xx_ll_usb.o
                0x000000000800a04c                USB_SetDevSpeed
 .text.USB_DevDisconnect
                0x000000000800a07e       0x42 ./Drivers/STM32F4xx_HAL_Driver/Src/stm32f4xx_ll_usb.o
                0x000000000800a07e                USB_DevDisconnect
 .text.USB_GetMode
                0x000000000800a0c0       0x1c ./Drivers/STM32F4xx_HAL_Driver/Src/stm32f4xx_ll_usb.o
                0x000000000800a0c0                USB_GetMode
 .text.USB_CoreReset
                0x000000000800a0dc       0x68 ./Drivers/STM32F4xx_HAL_Driver/Src/stm32f4xx_ll_usb.o
 .text.std      0x000000000800a144       0x6c C:/ST/STM32CubeIDE_1.13.2/STM32CubeIDE/plugins/com.st.stm32cube.ide.mcu.externaltools.gnu-tools-for-stm32.11.3.rel1.win32_1.1.1.202309131626/tools/bin/../lib/gcc/arm-none-eabi/11.3.1/../../../../arm-none-eabi/lib/thumb/v7e-m+fp/hard\libc_nano.a(libc_a-findfp.o)
 .text.stdio_exit_handler
                0x000000000800a1b0       0x18 C:/ST/STM32CubeIDE_1.13.2/STM32CubeIDE/plugins/com.st.stm32cube.ide.mcu.externaltools.gnu-tools-for-stm32.11.3.rel1.win32_1.1.1.202309131626/tools/bin/../lib/gcc/arm-none-eabi/11.3.1/../../../../arm-none-eabi/lib/thumb/v7e-m+fp/hard\libc_nano.a(libc_a-findfp.o)
 .text.cleanup_stdio
                0x000000000800a1c8       0x40 C:/ST/STM32CubeIDE_1.13.2/STM32CubeIDE/plugins/com.st.stm32cube.ide.mcu.externaltools.gnu-tools-for-stm32.11.3.rel1.win32_1.1.1.202309131626/tools/bin/../lib/gcc/arm-none-eabi/11.3.1/../../../../arm-none-eabi/lib/thumb/v7e-m+fp/hard\libc_nano.a(libc_a-findfp.o)
 .text.global_stdio_init.part.0
                0x000000000800a208       0x3c C:/ST/STM32CubeIDE_1.13.2/STM32CubeIDE/plugins/com.st.stm32cube.ide.mcu.externaltools.gnu-tools-for-stm32.11.3.rel1.win32_1.1.1.202309131626/tools/bin/../lib/gcc/arm-none-eabi/11.3.1/../../../../arm-none-eabi/lib/thumb/v7e-m+fp/hard\libc_nano.a(libc_a-findfp.o)
 .text.__sfp_lock_acquire
                0x000000000800a244        0xc C:/ST/STM32CubeIDE_1.13.2/STM32CubeIDE/plugins/com.st.stm32cube.ide.mcu.externaltools.gnu-tools-for-stm32.11.3.rel1.win32_1.1.1.202309131626/tools/bin/../lib/gcc/arm-none-eabi/11.3.1/../../../../arm-none-eabi/lib/thumb/v7e-m+fp/hard\libc_nano.a(libc_a-findfp.o)
                0x000000000800a244                __sfp_lock_acquire
 .text.__sfp_lock_release
                0x000000000800a250        0xc C:/ST/STM32CubeIDE_1.13.2/STM32CubeIDE/plugins/com.st.stm32cube.ide.mcu.externaltools.gnu-tools-for-stm32.11.3.rel1.win32_1.1.1.202309131626/tools/bin/../lib/gcc/arm-none-eabi/11.3.1/../../../../arm-none-eabi/lib/thumb/v7e-m+fp/hard\libc_nano.a(libc_a-findfp.o)
                0x000000000800a250                __sfp_lock_release
 .text.__sinit  0x000000000800a25c       0x30 C:/ST/STM32CubeIDE_1.13.2/STM32CubeIDE/plugins/com.st.stm32cube.ide.mcu.externaltools.gnu-tools-for-stm32.11.3.rel1.win32_1.1.1.202309131626/tools/bin/../lib/gcc/arm-none-eabi/11.3.1/../../../../arm-none-eabi/lib/thumb/v7e-m+fp/hard\libc_nano.a(libc_a-findfp.o)
                0x000000000800a25c                __sinit
 .text._fwalk_sglue
                0x000000000800a28c       0x3c C:/ST/STM32CubeIDE_1.13.2/STM32CubeIDE/plugins/com.st.stm32cube.ide.mcu.externaltools.gnu-tools-for-stm32.11.3.rel1.win32_1.1.1.202309131626/tools/bin/../lib/gcc/arm-none-eabi/11.3.1/../../../../arm-none-eabi/lib/thumb/v7e-m+fp/hard\libc_nano.a(libc_a-fwalk.o)
                0x000000000800a28c                _fwalk_sglue
 .text.printf   0x000000000800a2c8       0x24 C:/ST/STM32CubeIDE_1.13.2/STM32CubeIDE/plugins/com.st.stm32cube.ide.mcu.externaltools.gnu-tools-for-stm32.11.3.rel1.win32_1.1.1.202309131626/tools/bin/../lib/gcc/arm-none-eabi/11.3.1/../../../../arm-none-eabi/lib/thumb/v7e-m+fp/hard\libc_nano.a(libc_a-printf.o)
                0x000000000800a2c8                iprintf
                0x000000000800a2c8                printf
 .text._puts_r  0x000000000800a2ec       0xa8 C:/ST/STM32CubeIDE_1.13.2/STM32CubeIDE/plugins/com.st.stm32cube.ide.mcu.externaltools.gnu-tools-for-stm32.11.3.rel1.win32_1.1.1.202309131626/tools/bin/../lib/gcc/arm-none-eabi/11.3.1/../../../../arm-none-eabi/lib/thumb/v7e-m+fp/hard\libc_nano.a(libc_a-puts.o)
                0x000000000800a2ec                _puts_r
 .text.puts     0x000000000800a394       0x10 C:/ST/STM32CubeIDE_1.13.2/STM32CubeIDE/plugins/com.st.stm32cube.ide.mcu.externaltools.gnu-tools-for-stm32.11.3.rel1.win32_1.1.1.202309131626/tools/bin/../lib/gcc/arm-none-eabi/11.3.1/../../../../arm-none-eabi/lib/thumb/v7e-m+fp/hard\libc_nano.a(libc_a-puts.o)
                0x000000000800a394                puts
 .text.snprintf
                0x000000000800a3a4       0x68 C:/ST/STM32CubeIDE_1.13.2/STM32CubeIDE/plugins/com.st.stm32cube.ide.mcu.externaltools.gnu-tools-for-stm32.11.3.rel1.win32_1.1.1.202309131626/tools/bin/../lib/gcc/arm-none-eabi/11.3.1/../../../../arm-none-eabi/lib/thumb/v7e-m+fp/hard\libc_nano.a(libc_a-snprintf.o)
                0x000000000800a3a4                sniprintf
                0x000000000800a3a4                snprintf
 .text.sprintf  0x000000000800a40c       0x40 C:/ST/STM32CubeIDE_1.13.2/STM32CubeIDE/plugins/com.st.stm32cube.ide.mcu.externaltools.gnu-tools-for-stm32.11.3.rel1.win32_1.1.1.202309131626/tools/bin/../lib/gcc/arm-none-eabi/11.3.1/../../../../arm-none-eabi/lib/thumb/v7e-m+fp/hard\libc_nano.a(libc_a-sprintf.o)
                0x000000000800a40c                siprintf
                0x000000000800a40c                sprintf
 .text.__sread  0x000000000800a44c       0x22 C:/ST/STM32CubeIDE_1.13.2/STM32CubeIDE/plugins/com.st.stm32cube.ide.mcu.externaltools.gnu-tools-for-stm32.11.3.rel1.win32_1.1.1.202309131626/tools/bin/../lib/gcc/arm-none-eabi/11.3.1/../../../../arm-none-eabi/lib/thumb/v7e-m+fp/hard\libc_nano.a(libc_a-stdio.o)
                0x000000000800a44c                __sread
 .text.__swrite
                0x000000000800a46e       0x38 C:/ST/STM32CubeIDE_1.13.2/STM32CubeIDE/plugins/com.st.stm32cube.ide.mcu.externaltools.gnu-tools-for-stm32.11.3.rel1.win32_1.1.1.202309131626/tools/bin/../lib/gcc/arm-none-eabi/11.3.1/../../../../arm-none-eabi/lib/thumb/v7e-m+fp/hard\libc_nano.a(libc_a-stdio.o)
                0x000000000800a46e                __swrite
 .text.__sseek  0x000000000800a4a6       0x24 C:/ST/STM32CubeIDE_1.13.2/STM32CubeIDE/plugins/com.st.stm32cube.ide.mcu.externaltools.gnu-tools-for-stm32.11.3.rel1.win32_1.1.1.202309131626/tools/bin/../lib/gcc/arm-none-eabi/11.3.1/../../../../arm-none-eabi/lib/thumb/v7e-m+fp/hard\libc_nano.a(libc_a-stdio.o)
                0x000000000800a4a6                __sseek
 .text.__sclose
                0x000000000800a4ca        0x8 C:/ST/STM32CubeIDE_1.13.2/STM32CubeIDE/plugins/com.st.stm32cube.ide.mcu.externaltools.gnu-tools-for-stm32.11.3.rel1.win32_1.1.1.202309131626/tools/bin/../lib/gcc/arm-none-eabi/11.3.1/../../../../arm-none-eabi/lib/thumb/v7e-m+fp/hard\libc_nano.a(libc_a-stdio.o)
                0x000000000800a4ca                __sclose
 .text.__swbuf_r
                0x000000000800a4d2       0x7a C:/ST/STM32CubeIDE_1.13.2/STM32CubeIDE/plugins/com.st.stm32cube.ide.mcu.externaltools.gnu-tools-for-stm32.11.3.rel1.win32_1.1.1.202309131626/tools/bin/../lib/gcc/arm-none-eabi/11.3.1/../../../../arm-none-eabi/lib/thumb/v7e-m+fp/hard\libc_nano.a(libc_a-wbuf.o)
                0x000000000800a4d2                __swbuf_r
 .text.__swsetup_r
                0x000000000800a54c       0xb0 C:/ST/STM32CubeIDE_1.13.2/STM32CubeIDE/plugins/com.st.stm32cube.ide.mcu.externaltools.gnu-tools-for-stm32.11.3.rel1.win32_1.1.1.202309131626/tools/bin/../lib/gcc/arm-none-eabi/11.3.1/../../../../arm-none-eabi/lib/thumb/v7e-m+fp/hard\libc_nano.a(libc_a-wsetup.o)
                0x000000000800a54c                __swsetup_r
 .text.memset   0x000000000800a5fc       0x10 C:/ST/STM32CubeIDE_1.13.2/STM32CubeIDE/plugins/com.st.stm32cube.ide.mcu.externaltools.gnu-tools-for-stm32.11.3.rel1.win32_1.1.1.202309131626/tools/bin/../lib/gcc/arm-none-eabi/11.3.1/../../../../arm-none-eabi/lib/thumb/v7e-m+fp/hard\libc_nano.a(libc_a-memset.o)
                0x000000000800a5fc                memset
 .text._close_r
                0x000000000800a60c       0x20 C:/ST/STM32CubeIDE_1.13.2/STM32CubeIDE/plugins/com.st.stm32cube.ide.mcu.externaltools.gnu-tools-for-stm32.11.3.rel1.win32_1.1.1.202309131626/tools/bin/../lib/gcc/arm-none-eabi/11.3.1/../../../../arm-none-eabi/lib/thumb/v7e-m+fp/hard\libc_nano.a(libc_a-closer.o)
                0x000000000800a60c                _close_r
 .text._lseek_r
                0x000000000800a62c       0x24 C:/ST/STM32CubeIDE_1.13.2/STM32CubeIDE/plugins/com.st.stm32cube.ide.mcu.externaltools.gnu-tools-for-stm32.11.3.rel1.win32_1.1.1.202309131626/tools/bin/../lib/gcc/arm-none-eabi/11.3.1/../../../../arm-none-eabi/lib/thumb/v7e-m+fp/hard\libc_nano.a(libc_a-lseekr.o)
                0x000000000800a62c                _lseek_r
 .text._read_r  0x000000000800a650       0x24 C:/ST/STM32CubeIDE_1.13.2/STM32CubeIDE/plugins/com.st.stm32cube.ide.mcu.externaltools.gnu-tools-for-stm32.11.3.rel1.win32_1.1.1.202309131626/tools/bin/../lib/gcc/arm-none-eabi/11.3.1/../../../../arm-none-eabi/lib/thumb/v7e-m+fp/hard\libc_nano.a(libc_a-readr.o)
                0x000000000800a650                _read_r
 .text._write_r
                0x000000000800a674       0x24 C:/ST/STM32CubeIDE_1.13.2/STM32CubeIDE/plugins/com.st.stm32cube.ide.mcu.externaltools.gnu-tools-for-stm32.11.3.rel1.win32_1.1.1.202309131626/tools/bin/../lib/gcc/arm-none-eabi/11.3.1/../../../../arm-none-eabi/lib/thumb/v7e-m+fp/hard\libc_nano.a(libc_a-writer.o)
                0x000000000800a674                _write_r
 .text.__errno  0x000000000800a698        0xc C:/ST/STM32CubeIDE_1.13.2/STM32CubeIDE/plugins/com.st.stm32cube.ide.mcu.externaltools.gnu-tools-for-stm32.11.3.rel1.win32_1.1.1.202309131626/tools/bin/../lib/gcc/arm-none-eabi/11.3.1/../../../../arm-none-eabi/lib/thumb/v7e-m+fp/hard\libc_nano.a(libc_a-errno.o)
                0x000000000800a698                __errno
 .text.__libc_init_array
                0x000000000800a6a4       0x48 C:/ST/STM32CubeIDE_1.13.2/STM32CubeIDE/plugins/com.st.stm32cube.ide.mcu.externaltools.gnu-tools-for-stm32.11.3.rel1.win32_1.1.1.202309131626/tools/bin/../lib/gcc/arm-none-eabi/11.3.1/../../../../arm-none-eabi/lib/thumb/v7e-m+fp/hard\libc_nano.a(libc_a-init.o)
                0x000000000800a6a4                __libc_init_array
 .text.__retarget_lock_init_recursive
                0x000000000800a6ec        0x2 C:/ST/STM32CubeIDE_1.13.2/STM32CubeIDE/plugins/com.st.stm32cube.ide.mcu.externaltools.gnu-tools-for-stm32.11.3.rel1.win32_1.1.1.202309131626/tools/bin/../lib/gcc/arm-none-eabi/11.3.1/../../../../arm-none-eabi/lib/thumb/v7e-m+fp/hard\libc_nano.a(libc_a-lock.o)
                0x000000000800a6ec                __retarget_lock_init_recursive
 .text.__retarget_lock_acquire_recursive
                0x000000000800a6ee        0x2 C:/ST/STM32CubeIDE_1.13.2/STM32CubeIDE/plugins/com.st.stm32cube.ide.mcu.externaltools.gnu-tools-for-stm32.11.3.rel1.win32_1.1.1.202309131626/tools/bin/../lib/gcc/arm-none-eabi/11.3.1/../../../../arm-none-eabi/lib/thumb/v7e-m+fp/hard\libc_nano.a(libc_a-lock.o)
                0x000000000800a6ee                __retarget_lock_acquire_recursive
 .text.__retarget_lock_release_recursive
                0x000000000800a6f0        0x2 C:/ST/STM32CubeIDE_1.13.2/STM32CubeIDE/plugins/com.st.stm32cube.ide.mcu.externaltools.gnu-tools-for-stm32.11.3.rel1.win32_1.1.1.202309131626/tools/bin/../lib/gcc/arm-none-eabi/11.3.1/../../../../arm-none-eabi/lib/thumb/v7e-m+fp/hard\libc_nano.a(libc_a-lock.o)
                0x000000000800a6f0                __retarget_lock_release_recursive
 .text.memcpy   0x000000000800a6f2       0x1c C:/ST/STM32CubeIDE_1.13.2/STM32CubeIDE/plugins/com.st.stm32cube.ide.mcu.externaltools.gnu-tools-for-stm32.11.3.rel1.win32_1.1.1.202309131626/tools/bin/../lib/gcc/arm-none-eabi/11.3.1/../../../../arm-none-eabi/lib/thumb/v7e-m+fp/hard\libc_nano.a(libc_a-memcpy-stub.o)
                0x000000000800a6f2                memcpy
 *fill*         0x000000000800a70e        0x2 
 .text._free_r  0x000000000800a710       0x98 C:/ST/STM32CubeIDE_1.13.2/STM32CubeIDE/plugins/com.st.stm32cube.ide.mcu.externaltools.gnu-tools-for-stm32.11.3.rel1.win32_1.1.1.202309131626/tools/bin/../lib/gcc/arm-none-eabi/11.3.1/../../../../arm-none-eabi/lib/thumb/v7e-m+fp/hard\libc_nano.a(libc_a-freer.o)
                0x000000000800a710                _free_r
 .text.sbrk_aligned
                0x000000000800a7a8       0x40 C:/ST/STM32CubeIDE_1.13.2/STM32CubeIDE/plugins/com.st.stm32cube.ide.mcu.externaltools.gnu-tools-for-stm32.11.3.rel1.win32_1.1.1.202309131626/tools/bin/../lib/gcc/arm-none-eabi/11.3.1/../../../../arm-none-eabi/lib/thumb/v7e-m+fp/hard\libc_nano.a(libc_a-mallocr.o)
 .text._malloc_r
                0x000000000800a7e8      0x100 C:/ST/STM32CubeIDE_1.13.2/STM32CubeIDE/plugins/com.st.stm32cube.ide.mcu.externaltools.gnu-tools-for-stm32.11.3.rel1.win32_1.1.1.202309131626/tools/bin/../lib/gcc/arm-none-eabi/11.3.1/../../../../arm-none-eabi/lib/thumb/v7e-m+fp/hard\libc_nano.a(libc_a-mallocr.o)
                0x000000000800a7e8                _malloc_r
 .text.__malloc_lock
                0x000000000800a8e8        0xc C:/ST/STM32CubeIDE_1.13.2/STM32CubeIDE/plugins/com.st.stm32cube.ide.mcu.externaltools.gnu-tools-for-stm32.11.3.rel1.win32_1.1.1.202309131626/tools/bin/../lib/gcc/arm-none-eabi/11.3.1/../../../../arm-none-eabi/lib/thumb/v7e-m+fp/hard\libc_nano.a(libc_a-mlock.o)
                0x000000000800a8e8                __malloc_lock
 .text.__malloc_unlock
                0x000000000800a8f4        0xc C:/ST/STM32CubeIDE_1.13.2/STM32CubeIDE/plugins/com.st.stm32cube.ide.mcu.externaltools.gnu-tools-for-stm32.11.3.rel1.win32_1.1.1.202309131626/tools/bin/../lib/gcc/arm-none-eabi/11.3.1/../../../../arm-none-eabi/lib/thumb/v7e-m+fp/hard\libc_nano.a(libc_a-mlock.o)
                0x000000000800a8f4                __malloc_unlock
 .text.__ssputs_r
                0x000000000800a900       0xb4 C:/ST/STM32CubeIDE_1.13.2/STM32CubeIDE/plugins/com.st.stm32cube.ide.mcu.externaltools.gnu-tools-for-stm32.11.3.rel1.win32_1.1.1.202309131626/tools/bin/../lib/gcc/arm-none-eabi/11.3.1/../../../../arm-none-eabi/lib/thumb/v7e-m+fp/hard\libc_nano.a(libc_a-nano-svfprintf.o)
                0x000000000800a900                __ssputs_r
 .text._svfprintf_r
                0x000000000800a9b4      0x1fc C:/ST/STM32CubeIDE_1.13.2/STM32CubeIDE/plugins/com.st.stm32cube.ide.mcu.externaltools.gnu-tools-for-stm32.11.3.rel1.win32_1.1.1.202309131626/tools/bin/../lib/gcc/arm-none-eabi/11.3.1/../../../../arm-none-eabi/lib/thumb/v7e-m+fp/hard\libc_nano.a(libc_a-nano-svfprintf.o)
                0x000000000800a9b4                _svfiprintf_r
                0x000000000800a9b4                _svfprintf_r
 .text.__sfputc_r
                0x000000000800abb0       0x2e C:/ST/STM32CubeIDE_1.13.2/STM32CubeIDE/plugins/com.st.stm32cube.ide.mcu.externaltools.gnu-tools-for-stm32.11.3.rel1.win32_1.1.1.202309131626/tools/bin/../lib/gcc/arm-none-eabi/11.3.1/../../../../arm-none-eabi/lib/thumb/v7e-m+fp/hard\libc_nano.a(libc_a-nano-vfprintf.o)
 .text.__sfputs_r
                0x000000000800abde       0x24 C:/ST/STM32CubeIDE_1.13.2/STM32CubeIDE/plugins/com.st.stm32cube.ide.mcu.externaltools.gnu-tools-for-stm32.11.3.rel1.win32_1.1.1.202309131626/tools/bin/../lib/gcc/arm-none-eabi/11.3.1/../../../../arm-none-eabi/lib/thumb/v7e-m+fp/hard\libc_nano.a(libc_a-nano-vfprintf.o)
                0x000000000800abde                __sfputs_r
 *fill*         0x000000000800ac02        0x2 
 .text._vfprintf_r
                0x000000000800ac04      0x234 C:/ST/STM32CubeIDE_1.13.2/STM32CubeIDE/plugins/com.st.stm32cube.ide.mcu.externaltools.gnu-tools-for-stm32.11.3.rel1.win32_1.1.1.202309131626/tools/bin/../lib/gcc/arm-none-eabi/11.3.1/../../../../arm-none-eabi/lib/thumb/v7e-m+fp/hard\libc_nano.a(libc_a-nano-vfprintf.o)
                0x000000000800ac04                _vfprintf_r
                0x000000000800ac04                _vfiprintf_r
 .text._printf_common
                0x000000000800ae38       0xda C:/ST/STM32CubeIDE_1.13.2/STM32CubeIDE/plugins/com.st.stm32cube.ide.mcu.externaltools.gnu-tools-for-stm32.11.3.rel1.win32_1.1.1.202309131626/tools/bin/../lib/gcc/arm-none-eabi/11.3.1/../../../../arm-none-eabi/lib/thumb/v7e-m+fp/hard\libc_nano.a(libc_a-nano-vfprintf_i.o)
                0x000000000800ae38                _printf_common
 *fill*         0x000000000800af12        0x2 
 .text._printf_i
                0x000000000800af14      0x244 C:/ST/STM32CubeIDE_1.13.2/STM32CubeIDE/plugins/com.st.stm32cube.ide.mcu.externaltools.gnu-tools-for-stm32.11.3.rel1.win32_1.1.1.202309131626/tools/bin/../lib/gcc/arm-none-eabi/11.3.1/../../../../arm-none-eabi/lib/thumb/v7e-m+fp/hard\libc_nano.a(libc_a-nano-vfprintf_i.o)
                0x000000000800af14                _printf_i
 .text.__sflush_r
                0x000000000800b158      0x10c C:/ST/STM32CubeIDE_1.13.2/STM32CubeIDE/plugins/com.st.stm32cube.ide.mcu.externaltools.gnu-tools-for-stm32.11.3.rel1.win32_1.1.1.202309131626/tools/bin/../lib/gcc/arm-none-eabi/11.3.1/../../../../arm-none-eabi/lib/thumb/v7e-m+fp/hard\libc_nano.a(libc_a-fflush.o)
                0x000000000800b158                __sflush_r
 .text._fflush_r
                0x000000000800b264       0x50 C:/ST/STM32CubeIDE_1.13.2/STM32CubeIDE/plugins/com.st.stm32cube.ide.mcu.externaltools.gnu-tools-for-stm32.11.3.rel1.win32_1.1.1.202309131626/tools/bin/../lib/gcc/arm-none-eabi/11.3.1/../../../../arm-none-eabi/lib/thumb/v7e-m+fp/hard\libc_nano.a(libc_a-fflush.o)
                0x000000000800b264                _fflush_r
 .text.__swhatbuf_r
                0x000000000800b2b4       0x4c C:/ST/STM32CubeIDE_1.13.2/STM32CubeIDE/plugins/com.st.stm32cube.ide.mcu.externaltools.gnu-tools-for-stm32.11.3.rel1.win32_1.1.1.202309131626/tools/bin/../lib/gcc/arm-none-eabi/11.3.1/../../../../arm-none-eabi/lib/thumb/v7e-m+fp/hard\libc_nano.a(libc_a-makebuf.o)
                0x000000000800b2b4                __swhatbuf_r
 .text.__smakebuf_r
                0x000000000800b300       0x78 C:/ST/STM32CubeIDE_1.13.2/STM32CubeIDE/plugins/com.st.stm32cube.ide.mcu.externaltools.gnu-tools-for-stm32.11.3.rel1.win32_1.1.1.202309131626/tools/bin/../lib/gcc/arm-none-eabi/11.3.1/../../../../arm-none-eabi/lib/thumb/v7e-m+fp/hard\libc_nano.a(libc_a-makebuf.o)
                0x000000000800b300                __smakebuf_r
 .text.memmove  0x000000000800b378       0x34 C:/ST/STM32CubeIDE_1.13.2/STM32CubeIDE/plugins/com.st.stm32cube.ide.mcu.externaltools.gnu-tools-for-stm32.11.3.rel1.win32_1.1.1.202309131626/tools/bin/../lib/gcc/arm-none-eabi/11.3.1/../../../../arm-none-eabi/lib/thumb/v7e-m+fp/hard\libc_nano.a(libc_a-memmove.o)
                0x000000000800b378                memmove
 .text._fstat_r
                0x000000000800b3ac       0x24 C:/ST/STM32CubeIDE_1.13.2/STM32CubeIDE/plugins/com.st.stm32cube.ide.mcu.externaltools.gnu-tools-for-stm32.11.3.rel1.win32_1.1.1.202309131626/tools/bin/../lib/gcc/arm-none-eabi/11.3.1/../../../../arm-none-eabi/lib/thumb/v7e-m+fp/hard\libc_nano.a(libc_a-fstatr.o)
                0x000000000800b3ac                _fstat_r
 .text._isatty_r
                0x000000000800b3d0       0x20 C:/ST/STM32CubeIDE_1.13.2/STM32CubeIDE/plugins/com.st.stm32cube.ide.mcu.externaltools.gnu-tools-for-stm32.11.3.rel1.win32_1.1.1.202309131626/tools/bin/../lib/gcc/arm-none-eabi/11.3.1/../../../../arm-none-eabi/lib/thumb/v7e-m+fp/hard\libc_nano.a(libc_a-isattyr.o)
                0x000000000800b3d0                _isatty_r
 .text._sbrk_r  0x000000000800b3f0       0x20 C:/ST/STM32CubeIDE_1.13.2/STM32CubeIDE/plugins/com.st.stm32cube.ide.mcu.externaltools.gnu-tools-for-stm32.11.3.rel1.win32_1.1.1.202309131626/tools/bin/../lib/gcc/arm-none-eabi/11.3.1/../../../../arm-none-eabi/lib/thumb/v7e-m+fp/hard\libc_nano.a(libc_a-sbrkr.o)
                0x000000000800b3f0                _sbrk_r
 .text._realloc_r
                0x000000000800b410       0x5e C:/ST/STM32CubeIDE_1.13.2/STM32CubeIDE/plugins/com.st.stm32cube.ide.mcu.externaltools.gnu-tools-for-stm32.11.3.rel1.win32_1.1.1.202309131626/tools/bin/../lib/gcc/arm-none-eabi/11.3.1/../../../../arm-none-eabi/lib/thumb/v7e-m+fp/hard\libc_nano.a(libc_a-reallocr.o)
                0x000000000800b410                _realloc_r
 .text._malloc_usable_size_r
                0x000000000800b46e       0x10 C:/ST/STM32CubeIDE_1.13.2/STM32CubeIDE/plugins/com.st.stm32cube.ide.mcu.externaltools.gnu-tools-for-stm32.11.3.rel1.win32_1.1.1.202309131626/tools/bin/../lib/gcc/arm-none-eabi/11.3.1/../../../../arm-none-eabi/lib/thumb/v7e-m+fp/hard\libc_nano.a(libc_a-msizer.o)
                0x000000000800b46e                _malloc_usable_size_r
 *(.glue_7)
 .glue_7        0x000000000800b47e        0x0 linker stubs
 *(.glue_7t)
 .glue_7t       0x000000000800b47e        0x0 linker stubs
 *(.eh_frame)
 *fill*         0x000000000800b47e        0x2 
 .eh_frame      0x000000000800b480        0x0 C:/ST/STM32CubeIDE_1.13.2/STM32CubeIDE/plugins/com.st.stm32cube.ide.mcu.externaltools.gnu-tools-for-stm32.11.3.rel1.win32_1.1.1.202309131626/tools/bin/../lib/gcc/arm-none-eabi/11.3.1/thumb/v7e-m+fp/hard/crtbegin.o
 *(.init)
 .init          0x000000000800b480        0x4 C:/ST/STM32CubeIDE_1.13.2/STM32CubeIDE/plugins/com.st.stm32cube.ide.mcu.externaltools.gnu-tools-for-stm32.11.3.rel1.win32_1.1.1.202309131626/tools/bin/../lib/gcc/arm-none-eabi/11.3.1/thumb/v7e-m+fp/hard/crti.o
                0x000000000800b480                _init
 .init          0x000000000800b484        0x8 C:/ST/STM32CubeIDE_1.13.2/STM32CubeIDE/plugins/com.st.stm32cube.ide.mcu.externaltools.gnu-tools-for-stm32.11.3.rel1.win32_1.1.1.202309131626/tools/bin/../lib/gcc/arm-none-eabi/11.3.1/thumb/v7e-m+fp/hard/crtn.o
 *(.fini)
 .fini          0x000000000800b48c        0x4 C:/ST/STM32CubeIDE_1.13.2/STM32CubeIDE/plugins/com.st.stm32cube.ide.mcu.externaltools.gnu-tools-for-stm32.11.3.rel1.win32_1.1.1.202309131626/tools/bin/../lib/gcc/arm-none-eabi/11.3.1/thumb/v7e-m+fp/hard/crti.o
                0x000000000800b48c                _fini
 .fini          0x000000000800b490        0x8 C:/ST/STM32CubeIDE_1.13.2/STM32CubeIDE/plugins/com.st.stm32cube.ide.mcu.externaltools.gnu-tools-for-stm32.11.3.rel1.win32_1.1.1.202309131626/tools/bin/../lib/gcc/arm-none-eabi/11.3.1/thumb/v7e-m+fp/hard/crtn.o
                0x000000000800b498                . = ALIGN (0x4)
                0x000000000800b498                _etext = .

.vfp11_veneer   0x000000000800b498        0x0
 .vfp11_veneer  0x000000000800b498        0x0 linker stubs

.v4_bx          0x000000000800b498        0x0
 .v4_bx         0x000000000800b498        0x0 linker stubs

.iplt           0x000000000800b498        0x0
 .iplt          0x000000000800b498        0x0 C:/ST/STM32CubeIDE_1.13.2/STM32CubeIDE/plugins/com.st.stm32cube.ide.mcu.externaltools.gnu-tools-for-stm32.11.3.rel1.win32_1.1.1.202309131626/tools/bin/../lib/gcc/arm-none-eabi/11.3.1/thumb/v7e-m+fp/hard/crtbegin.o

.rodata         0x000000000800b498      0x62c
                0x000000000800b498                . = ALIGN (0x4)
 *(.rodata)
 .rodata        0x000000000800b498       0x22 ./Core/Src/flash.o
 *fill*         0x000000000800b4ba        0x2 
 .rodata        0x000000000800b4bc       0x59 ./Core/Src/lcd.o
 *fill*         0x000000000800b515        0x3 
 .rodata        0x000000000800b518      0x1dc ./Core/Src/main.o
 *(.rodata*)
 .rodata.threeBears_note
                0x000000000800b6f4       0xd0 ./Core/Src/songs.o
                0x000000000800b6f4                threeBears_note
 .rodata.threeBears_intvl
                0x000000000800b7c4       0xd0 ./Core/Src/songs.o
                0x000000000800b7c4                threeBears_intvl
 .rodata.springWater_note
                0x000000000800b894       0xec ./Core/Src/songs.o
                0x000000000800b894                springWater_note
 .rodata.springWater_intvl
                0x000000000800b980       0xf0 ./Core/Src/songs.o
                0x000000000800b980                springWater_intvl
 .rodata.AHBPrescTable
                0x000000000800ba70       0x10 ./Core/Src/system_stm32f4xx.o
                0x000000000800ba70                AHBPrescTable
 .rodata.APBPrescTable
                0x000000000800ba80        0x8 ./Core/Src/system_stm32f4xx.o
                0x000000000800ba80                APBPrescTable
 .rodata.flagBitshiftOffset.0
                0x000000000800ba88        0x8 ./Drivers/STM32F4xx_HAL_Driver/Src/stm32f4xx_hal_dma.o
 .rodata._svfprintf_r.str1.1
                0x000000000800ba90       0x11 C:/ST/STM32CubeIDE_1.13.2/STM32CubeIDE/plugins/com.st.stm32cube.ide.mcu.externaltools.gnu-tools-for-stm32.11.3.rel1.win32_1.1.1.202309131626/tools/bin/../lib/gcc/arm-none-eabi/11.3.1/../../../../arm-none-eabi/lib/thumb/v7e-m+fp/hard\libc_nano.a(libc_a-nano-svfprintf.o)
 .rodata._vfprintf_r.str1.1
                0x000000000800baa1       0x11 C:/ST/STM32CubeIDE_1.13.2/STM32CubeIDE/plugins/com.st.stm32cube.ide.mcu.externaltools.gnu-tools-for-stm32.11.3.rel1.win32_1.1.1.202309131626/tools/bin/../lib/gcc/arm-none-eabi/11.3.1/../../../../arm-none-eabi/lib/thumb/v7e-m+fp/hard\libc_nano.a(libc_a-nano-vfprintf.o)
 .rodata._printf_i.str1.1
                0x000000000800baa1       0x22 C:/ST/STM32CubeIDE_1.13.2/STM32CubeIDE/plugins/com.st.stm32cube.ide.mcu.externaltools.gnu-tools-for-stm32.11.3.rel1.win32_1.1.1.202309131626/tools/bin/../lib/gcc/arm-none-eabi/11.3.1/../../../../arm-none-eabi/lib/thumb/v7e-m+fp/hard\libc_nano.a(libc_a-nano-vfprintf_i.o)
                0x000000000800bac4                . = ALIGN (0x4)
 *fill*         0x000000000800bac3        0x1 

.ARM.extab      0x000000000800bac4        0x0
                0x000000000800bac4                . = ALIGN (0x4)
 *(.ARM.extab* .gnu.linkonce.armextab.*)
                0x000000000800bac4                . = ALIGN (0x4)

.ARM            0x000000000800bac4        0x8
                0x000000000800bac4                . = ALIGN (0x4)
                0x000000000800bac4                __exidx_start = .
 *(.ARM.exidx*)
 .ARM.exidx     0x000000000800bac4        0x8 C:/ST/STM32CubeIDE_1.13.2/STM32CubeIDE/plugins/com.st.stm32cube.ide.mcu.externaltools.gnu-tools-for-stm32.11.3.rel1.win32_1.1.1.202309131626/tools/bin/../lib/gcc/arm-none-eabi/11.3.1/thumb/v7e-m+fp/hard\libgcc.a(_udivmoddi4.o)
                0x000000000800bacc                __exidx_end = .
                0x000000000800bacc                . = ALIGN (0x4)

.rel.dyn        0x000000000800bacc        0x0
 .rel.iplt      0x000000000800bacc        0x0 C:/ST/STM32CubeIDE_1.13.2/STM32CubeIDE/plugins/com.st.stm32cube.ide.mcu.externaltools.gnu-tools-for-stm32.11.3.rel1.win32_1.1.1.202309131626/tools/bin/../lib/gcc/arm-none-eabi/11.3.1/thumb/v7e-m+fp/hard/crtbegin.o

.preinit_array  0x000000000800bacc        0x0
                0x000000000800bacc                . = ALIGN (0x4)
                0x000000000800bacc                PROVIDE (__preinit_array_start = .)
 *(.preinit_array*)
                0x000000000800bacc                PROVIDE (__preinit_array_end = .)
                0x000000000800bacc                . = ALIGN (0x4)

.init_array     0x000000000800bacc        0x4
                0x000000000800bacc                . = ALIGN (0x4)
                0x000000000800bacc                PROVIDE (__init_array_start = .)
 *(SORT_BY_NAME(.init_array.*))
 *(.init_array*)
 .init_array    0x000000000800bacc        0x4 C:/ST/STM32CubeIDE_1.13.2/STM32CubeIDE/plugins/com.st.stm32cube.ide.mcu.externaltools.gnu-tools-for-stm32.11.3.rel1.win32_1.1.1.202309131626/tools/bin/../lib/gcc/arm-none-eabi/11.3.1/thumb/v7e-m+fp/hard/crtbegin.o
                0x000000000800bad0                PROVIDE (__init_array_end = .)
                0x000000000800bad0                . = ALIGN (0x4)

.fini_array     0x000000000800bad0        0x4
                0x000000000800bad0                . = ALIGN (0x4)
                [!provide]                        PROVIDE (__fini_array_start = .)
 *(SORT_BY_NAME(.fini_array.*))
 *(.fini_array*)
 .fini_array    0x000000000800bad0        0x4 C:/ST/STM32CubeIDE_1.13.2/STM32CubeIDE/plugins/com.st.stm32cube.ide.mcu.externaltools.gnu-tools-for-stm32.11.3.rel1.win32_1.1.1.202309131626/tools/bin/../lib/gcc/arm-none-eabi/11.3.1/thumb/v7e-m+fp/hard/crtbegin.o
                [!provide]                        PROVIDE (__fini_array_end = .)
                0x000000000800bad4                . = ALIGN (0x4)
                0x000000000800bad4                _sidata = LOADADDR (.data)

.data           0x0000000020000000       0x84 load address 0x000000000800bad4
                0x0000000020000000                . = ALIGN (0x4)
                0x0000000020000000                _sdata = .
 *(.data)
 *(.data*)
 .data.ampm     0x0000000020000000        0x6 ./Core/Src/main.o
                0x0000000020000000                ampm
 .data.temp_ap  0x0000000020000006        0x1 ./Core/Src/main.o
                0x0000000020000006                temp_ap
 .data.temp_h   0x0000000020000007        0x1 ./Core/Src/main.o
                0x0000000020000007                temp_h
 .data.temp_m   0x0000000020000008        0x1 ./Core/Src/main.o
                0x0000000020000008                temp_m
 .data.temp_s   0x0000000020000009        0x1 ./Core/Src/main.o
                0x0000000020000009                temp_s
 .data.curr_ap  0x000000002000000a        0x1 ./Core/Src/main.o
                0x000000002000000a                curr_ap
 .data.curr_h   0x000000002000000b        0x1 ./Core/Src/main.o
                0x000000002000000b                curr_h
 .data.curr_m   0x000000002000000c        0x1 ./Core/Src/main.o
                0x000000002000000c                curr_m
 .data.curr_s   0x000000002000000d        0x1 ./Core/Src/main.o
                0x000000002000000d                curr_s
 .data.alarm_ap
                0x000000002000000e        0x1 ./Core/Src/main.o
                0x000000002000000e                alarm_ap
 .data.alarm_h  0x000000002000000f        0x1 ./Core/Src/main.o
                0x000000002000000f                alarm_h
 .data.alarm_m  0x0000000020000010        0x1 ./Core/Src/main.o
                0x0000000020000010                alarm_m
 .data.alarm_s  0x0000000020000011        0x1 ./Core/Src/main.o
                0x0000000020000011                alarm_s
 *fill*         0x0000000020000012        0x2 
 .data.songList
                0x0000000020000014        0x8 ./Core/Src/main.o
                0x0000000020000014                songList
 .data.SystemCoreClock
                0x000000002000001c        0x4 ./Core/Src/system_stm32f4xx.o
                0x000000002000001c                SystemCoreClock
 .data.uwTickPrio
                0x0000000020000020        0x4 ./Drivers/STM32F4xx_HAL_Driver/Src/stm32f4xx_hal.o
                0x0000000020000020                uwTickPrio
 .data.uwTickFreq
                0x0000000020000024        0x1 ./Drivers/STM32F4xx_HAL_Driver/Src/stm32f4xx_hal.o
                0x0000000020000024                uwTickFreq
 *fill*         0x0000000020000025        0x3 
 .data.__sglue  0x0000000020000028        0xc C:/ST/STM32CubeIDE_1.13.2/STM32CubeIDE/plugins/com.st.stm32cube.ide.mcu.externaltools.gnu-tools-for-stm32.11.3.rel1.win32_1.1.1.202309131626/tools/bin/../lib/gcc/arm-none-eabi/11.3.1/../../../../arm-none-eabi/lib/thumb/v7e-m+fp/hard\libc_nano.a(libc_a-findfp.o)
                0x0000000020000028                __sglue
 .data._impure_data
                0x0000000020000034       0x4c C:/ST/STM32CubeIDE_1.13.2/STM32CubeIDE/plugins/com.st.stm32cube.ide.mcu.externaltools.gnu-tools-for-stm32.11.3.rel1.win32_1.1.1.202309131626/tools/bin/../lib/gcc/arm-none-eabi/11.3.1/../../../../arm-none-eabi/lib/thumb/v7e-m+fp/hard\libc_nano.a(libc_a-impure.o)
                0x0000000020000034                _impure_data
 .data._impure_ptr
                0x0000000020000080        0x4 C:/ST/STM32CubeIDE_1.13.2/STM32CubeIDE/plugins/com.st.stm32cube.ide.mcu.externaltools.gnu-tools-for-stm32.11.3.rel1.win32_1.1.1.202309131626/tools/bin/../lib/gcc/arm-none-eabi/11.3.1/../../../../arm-none-eabi/lib/thumb/v7e-m+fp/hard\libc_nano.a(libc_a-impure.o)
                0x0000000020000080                _impure_ptr
 *(.RamFunc)
 *(.RamFunc*)
                0x0000000020000084                . = ALIGN (0x4)
                0x0000000020000084                _edata = .
                0x000000000800bb58                _siccmram = LOADADDR (.ccmram)

.igot.plt       0x0000000020000084        0x0 load address 0x000000000800bb58
 .igot.plt      0x0000000020000084        0x0 C:/ST/STM32CubeIDE_1.13.2/STM32CubeIDE/plugins/com.st.stm32cube.ide.mcu.externaltools.gnu-tools-for-stm32.11.3.rel1.win32_1.1.1.202309131626/tools/bin/../lib/gcc/arm-none-eabi/11.3.1/thumb/v7e-m+fp/hard/crtbegin.o

.ccmram         0x0000000010000000        0x0 load address 0x000000000800bb58
                0x0000000010000000                . = ALIGN (0x4)
                0x0000000010000000                _sccmram = .
 *(.ccmram)
 *(.ccmram*)
                0x0000000010000000                . = ALIGN (0x4)
                0x0000000010000000                _eccmram = .
                0x0000000010000000                . = ALIGN (0x4)

.bss            0x0000000020000084      0xcb4
                0x0000000020000084                _sbss = .
                0x0000000020000084                __bss_start__ = _sbss
 *(.bss)
 .bss           0x0000000020000084       0x1c C:/ST/STM32CubeIDE_1.13.2/STM32CubeIDE/plugins/com.st.stm32cube.ide.mcu.externaltools.gnu-tools-for-stm32.11.3.rel1.win32_1.1.1.202309131626/tools/bin/../lib/gcc/arm-none-eabi/11.3.1/thumb/v7e-m+fp/hard/crtbegin.o
 *(.bss*)
 .bss.hadc1     0x00000000200000a0       0x48 ./Core/Src/adc.o
                0x00000000200000a0                hadc1
 .bss.hdma_adc1
                0x00000000200000e8       0x60 ./Core/Src/adc.o
                0x00000000200000e8                hdma_adc1
 .bss.DMARxDscrTab
                0x0000000020000148       0xa0 ./Core/Src/eth.o
                0x0000000020000148                DMARxDscrTab
 .bss.DMATxDscrTab
                0x00000000200001e8       0xa0 ./Core/Src/eth.o
                0x00000000200001e8                DMATxDscrTab
 .bss.TxConfig  0x0000000020000288       0x38 ./Core/Src/eth.o
                0x0000000020000288                TxConfig
 .bss.heth      0x00000000200002c0       0xb0 ./Core/Src/eth.o
                0x00000000200002c0                heth
 .bss.MACAddr.0
                0x0000000020000370        0x6 ./Core/Src/eth.o
 *fill*         0x0000000020000376        0x2 
 .bss.FirstSector
                0x0000000020000378        0x4 ./Core/Src/flash.o
                0x0000000020000378                FirstSector
 .bss.NbOfSectors
                0x000000002000037c        0x4 ./Core/Src/flash.o
                0x000000002000037c                NbOfSectors
 .bss.hi2c1     0x0000000020000380       0x54 ./Core/Src/i2c.o
                0x0000000020000380                hi2c1
 .bss.clock_state
                0x00000000200003d4        0x1 ./Core/Src/main.o
                0x00000000200003d4                clock_state
 .bss.rx3Data   0x00000000200003d5        0x1 ./Core/Src/main.o
                0x00000000200003d5                rx3Data
 .bss.rx4Data   0x00000000200003d6        0x1 ./Core/Src/main.o
                0x00000000200003d6                rx4Data
 *fill*         0x00000000200003d7        0x1 
 .bss.sAlarm    0x00000000200003d8       0x28 ./Core/Src/main.o
                0x00000000200003d8                sAlarm
 .bss.sDate     0x0000000020000400        0x4 ./Core/Src/main.o
                0x0000000020000400                sDate
 .bss.sTime     0x0000000020000404       0x14 ./Core/Src/main.o
                0x0000000020000404                sTime
 .bss.Joycon    0x0000000020000418        0x8 ./Core/Src/main.o
                0x0000000020000418                Joycon
 .bss.showTime  0x0000000020000420       0x10 ./Core/Src/main.o
                0x0000000020000420                showTime
 .bss.showDate  0x0000000020000430       0x10 ./Core/Src/main.o
                0x0000000020000430                showDate
 .bss.controlTime
                0x0000000020000440       0x10 ./Core/Src/main.o
                0x0000000020000440                controlTime
 .bss.ble       0x0000000020000450       0xc3 ./Core/Src/main.o
                0x0000000020000450                ble
 .bss.isSave    0x0000000020000513        0x1 ./Core/Src/main.o
                0x0000000020000513                isSave
 .bss.alarmFlag
                0x0000000020000514        0x1 ./Core/Src/main.o
                0x0000000020000514                alarmFlag
 .bss.songIndex
                0x0000000020000515        0x1 ./Core/Src/main.o
                0x0000000020000515                songIndex
 *fill*         0x0000000020000516        0x2 
 .bss.pastTimer
                0x0000000020000518        0x4 ./Core/Src/main.o
                0x0000000020000518                pastTimer
 .bss.currentTimer
                0x000000002000051c        0x4 ./Core/Src/main.o
                0x000000002000051c                currentTimer
 .bss.interval  0x0000000020000520        0x4 ./Core/Src/main.o
                0x0000000020000520                interval
 .bss.oneTimeCheckerOld
                0x0000000020000524        0x4 ./Core/Src/main.o
                0x0000000020000524                oneTimeCheckerOld
 .bss.oneTimeCheckerNew
                0x0000000020000528        0x4 ./Core/Src/main.o
                0x0000000020000528                oneTimeCheckerNew
 .bss.countPassedTime
                0x000000002000052c        0x4 ./Core/Src/main.o
                0x000000002000052c                countPassedTime
 .bss.elaspeTime
                0x0000000020000530        0x4 ./Core/Src/main.o
                0x0000000020000530                elaspeTime
 .bss.nextButtonUp
                0x0000000020000534        0x4 ./Core/Src/main.o
                0x0000000020000534                nextButtonUp
 .bss.nextButtonDown
                0x0000000020000538        0x4 ./Core/Src/main.o
                0x0000000020000538                nextButtonDown
 .bss.flash     0x000000002000053c        0xc ./Core/Src/main.o
                0x000000002000053c                flash
 .bss.saveData  0x0000000020000548       0x30 ./Core/Src/main.o
                0x0000000020000548                saveData
 .bss.choice.2  0x0000000020000578        0x1 ./Core/Src/main.o
 .bss.toggleChar.1
                0x0000000020000579        0x1 ./Core/Src/main.o
 *fill*         0x000000002000057a        0x2 
 .bss.now_playing.0
                0x000000002000057c        0x4 ./Core/Src/main.o
 .bss.hrtc      0x0000000020000580       0x20 ./Core/Src/rtc.o
                0x0000000020000580                hrtc
 .bss.__sbrk_heap_end
                0x00000000200005a0        0x4 ./Core/Src/sysmem.o
 .bss.htim2     0x00000000200005a4       0x48 ./Core/Src/tim.o
                0x00000000200005a4                htim2
 .bss.htim3     0x00000000200005ec       0x48 ./Core/Src/tim.o
                0x00000000200005ec                htim3
 .bss.huart4    0x0000000020000634       0x44 ./Core/Src/usart.o
                0x0000000020000634                huart4
 .bss.huart3    0x0000000020000678       0x44 ./Core/Src/usart.o
                0x0000000020000678                huart3
 .bss.hpcd_USB_OTG_FS
                0x00000000200006bc      0x50c ./Core/Src/usb_otg.o
                0x00000000200006bc                hpcd_USB_OTG_FS
 .bss.uwTick    0x0000000020000bc8        0x4 ./Drivers/STM32F4xx_HAL_Driver/Src/stm32f4xx_hal.o
                0x0000000020000bc8                uwTick
 .bss.pFlash    0x0000000020000bcc       0x20 ./Drivers/STM32F4xx_HAL_Driver/Src/stm32f4xx_hal_flash.o
                0x0000000020000bcc                pFlash
 .bss.__sf      0x0000000020000bec      0x138 C:/ST/STM32CubeIDE_1.13.2/STM32CubeIDE/plugins/com.st.stm32cube.ide.mcu.externaltools.gnu-tools-for-stm32.11.3.rel1.win32_1.1.1.202309131626/tools/bin/../lib/gcc/arm-none-eabi/11.3.1/../../../../arm-none-eabi/lib/thumb/v7e-m+fp/hard\libc_nano.a(libc_a-findfp.o)
                0x0000000020000bec                __sf
 .bss.__stdio_exit_handler
                0x0000000020000d24        0x4 C:/ST/STM32CubeIDE_1.13.2/STM32CubeIDE/plugins/com.st.stm32cube.ide.mcu.externaltools.gnu-tools-for-stm32.11.3.rel1.win32_1.1.1.202309131626/tools/bin/../lib/gcc/arm-none-eabi/11.3.1/../../../../arm-none-eabi/lib/thumb/v7e-m+fp/hard\libc_nano.a(libc_a-findfp.o)
                0x0000000020000d24                __stdio_exit_handler
 .bss.errno     0x0000000020000d28        0x4 C:/ST/STM32CubeIDE_1.13.2/STM32CubeIDE/plugins/com.st.stm32cube.ide.mcu.externaltools.gnu-tools-for-stm32.11.3.rel1.win32_1.1.1.202309131626/tools/bin/../lib/gcc/arm-none-eabi/11.3.1/../../../../arm-none-eabi/lib/thumb/v7e-m+fp/hard\libc_nano.a(libc_a-reent.o)
                0x0000000020000d28                errno
 .bss.__lock___malloc_recursive_mutex
                0x0000000020000d2c        0x1 C:/ST/STM32CubeIDE_1.13.2/STM32CubeIDE/plugins/com.st.stm32cube.ide.mcu.externaltools.gnu-tools-for-stm32.11.3.rel1.win32_1.1.1.202309131626/tools/bin/../lib/gcc/arm-none-eabi/11.3.1/../../../../arm-none-eabi/lib/thumb/v7e-m+fp/hard\libc_nano.a(libc_a-lock.o)
                0x0000000020000d2c                __lock___malloc_recursive_mutex
 .bss.__lock___sfp_recursive_mutex