17:00:51 **** Incremental Build of configuration Debug for project STM_CLK ****
make -j8 all 
arm-none-eabi-gcc "../Core/Src/main.c" -mcpu=cortex-m4 -std=gnu11 -g3 -DDEBUG -DUSE_HAL_DRIVER -DSTM32F429xx -c -I../Core/Inc -I../Drivers/STM32F4xx_HAL_Driver/Inc -I../Drivers/STM32F4xx_HAL_Driver/Inc/Legacy -I../Drivers/CMSIS/Device/ST/STM32F4xx/Include -I../Drivers/CMSIS/Include -O0 -ffunction-sections -fdata-sections -Wall -fstack-usage -fcyclomatic-complexity -MMD -MP -MF"Core/Src/main.d" -MT"Core/Src/main.o" --specs=nano.specs -mfpu=fpv4-sp-d16 -mfloat-abi=hard -mthumb -o "Core/Src/main.o"
../Core/Src/main.c: In function 'get_time':
../Core/Src/main.c:144:9: warning: implicit declaration of function 'sprintf' [-Wimplicit-function-declaration]
  144 |         sprintf((char*)showTime, "%s %02d:%02d:%02d",ampm[sTime.TimeFormat], sTime.Hours, sTime.Minutes, sTime.Seconds);
      |         ^~~~~~~
../Core/Src/main.c:27:1: note: include '<stdio.h>' or provide a declaration of 'sprintf'
   26 | #include "flash.h"
  +++ |+#include <stdio.h>
   27 | 
../Core/Src/main.c:144:9: warning: incompatible implicit declaration of built-in function 'sprintf' [-Wbuiltin-declaration-mismatch]
  144 |         sprintf((char*)showTime, "%s %02d:%02d:%02d",ampm[sTime.TimeFormat], sTime.Hours, sTime.Minutes, sTime.Seconds);
      |         ^~~~~~~
../Core/Src/main.c:144:9: note: include '<stdio.h>' or provide a declaration of 'sprintf'
../Core/Src/main.c:147:9: warning: implicit declaration of function 'printf' [-Wimplicit-function-declaration]
  147 |         printf("%s %s\r\n", showTime, showDate);
      |         ^~~~~~
../Core/Src/main.c:147:9: note: include '<stdio.h>' or provide a declaration of 'printf'
../Core/Src/main.c:147:9: warning: incompatible implicit declaration of built-in function 'printf' [-Wbuiltin-declaration-mismatch]
../Core/Src/main.c:147:9: note: include '<stdio.h>' or provide a declaration of 'printf'
../Core/Src/main.c: In function 'readFlash':
../Core/Src/main.c:164:9: warning: incompatible implicit declaration of built-in function 'printf' [-Wbuiltin-declaration-mismatch]
  164 |         printf("addr[0x%08x] = %08x\r\n", StartADDR, value);
      |         ^~~~~~
../Core/Src/main.c:164:9: note: include '<stdio.h>' or provide a declaration of 'printf'
../Core/Src/main.c:164:27: warning: format '%x' expects argument of type 'unsigned int', but argument 2 has type 'uint32_t' {aka 'long unsigned int'} [-Wformat=]
  164 |         printf("addr[0x%08x] = %08x\r\n", StartADDR, value);
      |                        ~~~^               ~~~~~~~~~
      |                           |               |
      |                           unsigned int    uint32_t {aka long unsigned int}
      |                        %08lx
../Core/Src/main.c: In function 'eraseFlash':
../Core/Src/main.c:183:25: warning: incompatible implicit declaration of built-in function 'printf' [-Wbuiltin-declaration-mismatch]
  183 |                         printf("Changed: ");
      |                         ^~~~~~
../Core/Src/main.c:183:25: note: include '<stdio.h>' or provide a declaration of 'printf'
../Core/Src/main.c:189:25: warning: incompatible implicit declaration of built-in function 'printf' [-Wbuiltin-declaration-mismatch]
  189 |                         printf("error occurred");
      |                         ^~~~~~
../Core/Src/main.c:189:25: note: include '<stdio.h>' or provide a declaration of 'printf'
../Core/Src/main.c: In function 'main':
../Core/Src/main.c:243:17: warning: unused variable 'buf' [-Wunused-variable]
  243 |   unsigned char buf[30];
      |                 ^~~
../Core/Src/main.c:242:53: warning: unused variable 'cnt' [-Wunused-variable]
  242 |   unsigned int value, addr = FLASH_USER_START_ADDR, cnt = 0;
      |                                                     ^~~
../Core/Src/main.c:242:23: warning: unused variable 'addr' [-Wunused-variable]
  242 |   unsigned int value, addr = FLASH_USER_START_ADDR, cnt = 0;
      |                       ^~~~
../Core/Src/main.c:242:16: warning: unused variable 'value' [-Wunused-variable]
  242 |   unsigned int value, addr = FLASH_USER_START_ADDR, cnt = 0;
      |                ^~~~~
../Core/Src/main.c: In function 'HAL_RTC_AlarmAEventCallback':
../Core/Src/main.c:717:9: warning: incompatible implicit declaration of built-in function 'printf' [-Wbuiltin-declaration-mismatch]
  717 |         printf("RINGRINGRINGRING!!!!!!!!!!!!!!!!!!!!\r\n");
      |         ^~~~~~
../Core/Src/main.c:717:9: note: include '<stdio.h>' or provide a declaration of 'printf'
arm-none-eabi-gcc -o "STM_CLK.elf" @"objects.list"   -mcpu=cortex-m4 -T"C:\ST_CLK\STM_CLK\STM32F429ZITX_FLASH.ld" --specs=nosys.specs -Wl,-Map="STM_CLK.map" -Wl,--gc-sections -static --specs=nano.specs -mfpu=fpv4-sp-d16 -mfloat-abi=hard -mthumb -Wl,--start-group -lc -lm -Wl,--end-group
Finished building target: STM_CLK.elf
 
arm-none-eabi-size   STM_CLK.elf 
arm-none-eabi-objdump -h -S  STM_CLK.elf  > "STM_CLK.list"
   text	   data	    bss	    dec	    hex	filename
  34036	    120	   4216	  38372	   95e4	STM_CLK.elf
Finished building: default.size.stdout
 
Finished building: STM_CLK.list
 
17:00:58 **** Incremental Build of configuration Debug for project STM_CLK ****
make -j8 all 
arm-none-eabi-size   STM_CLK.elf 
   text	   data	    bss	    dec	    hex	filename
  34036	    120	   4216	  38372	   95e4	STM_CLK.elf
Finished building: default.size.stdout
 
17:05:17 **** Incremental Build of configuration Debug for project STM_CLK ****
make -j8 all 
arm-none-eabi-size   STM_CLK.elf 
   text	   data	    bss	    dec	    hex	filename
  34036	    120	   4216	  38372	   95e4	STM_CLK.elf
Finished building: default.size.stdout
 
