11:10:15 **** Incremental Build of configuration Debug for project STM_CLK ****
make -j8 all 
arm-none-eabi-gcc "../Core/Src/main.c" -mcpu=cortex-m4 -std=gnu11 -g3 -DDEBUG -DUSE_HAL_DRIVER -DSTM32F429xx -c -I../Core/Inc -I../Drivers/STM32F4xx_HAL_Driver/Inc -I../Drivers/STM32F4xx_HAL_Driver/Inc/Legacy -I../Drivers/CMSIS/Device/ST/STM32F4xx/Include -I../Drivers/CMSIS/Include -O0 -ffunction-sections -fdata-sections -Wall -fstack-usage -fcyclomatic-complexity -MMD -MP -MF"Core/Src/main.d" -MT"Core/Src/main.o" --specs=nano.specs -mfpu=fpv4-sp-d16 -mfloat-abi=hard -mthumb -o "Core/Src/main.o"
../Core/Src/main.c: In function 'get_time':
../Core/Src/main.c:170:9: warning: implicit declaration of function 'sprintf' [-Wimplicit-function-declaration]
  170 |         sprintf((char*)showTime, "%s %02d:%02d:%02d",ampm[sTime.TimeFormat], sTime.Hours, sTime.Minutes, sTime.Seconds);
      |         ^~~~~~~
../Core/Src/main.c:27:1: note: include '<stdio.h>' or provide a declaration of 'sprintf'
   26 | #include "flash.h"
  +++ |+#include <stdio.h>
   27 | 
../Core/Src/main.c:170:9: warning: incompatible implicit declaration of built-in function 'sprintf' [-Wbuiltin-declaration-mismatch]
  170 |         sprintf((char*)showTime, "%s %02d:%02d:%02d",ampm[sTime.TimeFormat], sTime.Hours, sTime.Minutes, sTime.Seconds);
      |         ^~~~~~~
../Core/Src/main.c:170:9: note: include '<stdio.h>' or provide a declaration of 'sprintf'
../Core/Src/main.c:173:9: warning: implicit declaration of function 'printf' [-Wimplicit-function-declaration]
  173 |         printf("%s %s\r\n", showTime, showDate);
      |         ^~~~~~
../Core/Src/main.c:173:9: note: include '<stdio.h>' or provide a declaration of 'printf'
../Core/Src/main.c:173:9: warning: incompatible implicit declaration of built-in function 'printf' [-Wbuiltin-declaration-mismatch]
../Core/Src/main.c:173:9: note: include '<stdio.h>' or provide a declaration of 'printf'
../Core/Src/main.c: In function 'readFlash':
../Core/Src/main.c:190:9: warning: incompatible implicit declaration of built-in function 'printf' [-Wbuiltin-declaration-mismatch]
  190 |         printf("addr[0x%08x] = %08x\r\n", StartADDR, value);
      |         ^~~~~~
../Core/Src/main.c:190:9: note: include '<stdio.h>' or provide a declaration of 'printf'
../Core/Src/main.c:190:27: warning: format '%x' expects argument of type 'unsigned int', but argument 2 has type 'uint32_t' {aka 'long unsigned int'} [-Wformat=]
  190 |         printf("addr[0x%08x] = %08x\r\n", StartADDR, value);
      |                        ~~~^               ~~~~~~~~~
      |                           |               |
      |                           unsigned int    uint32_t {aka long unsigned int}
      |                        %08lx
../Core/Src/main.c: In function 'eraseFlash':
../Core/Src/main.c:209:25: warning: incompatible implicit declaration of built-in function 'printf' [-Wbuiltin-declaration-mismatch]
  209 |                         printf("Changed: ");
      |                         ^~~~~~
../Core/Src/main.c:209:25: note: include '<stdio.h>' or provide a declaration of 'printf'
../Core/Src/main.c:215:25: warning: incompatible implicit declaration of built-in function 'printf' [-Wbuiltin-declaration-mismatch]
  215 |                         printf("error occurred");
      |                         ^~~~~~
../Core/Src/main.c:215:25: note: include '<stdio.h>' or provide a declaration of 'printf'
../Core/Src/main.c: In function 'main':
../Core/Src/main.c:272:17: warning: unused variable 'buf' [-Wunused-variable]
  272 |   unsigned char buf[30];
      |                 ^~~
../Core/Src/main.c:271:53: warning: unused variable 'cnt' [-Wunused-variable]
  271 |   unsigned int value, addr = FLASH_USER_START_ADDR, cnt = 0;
      |                                                     ^~~
../Core/Src/main.c:271:23: warning: unused variable 'addr' [-Wunused-variable]
  271 |   unsigned int value, addr = FLASH_USER_START_ADDR, cnt = 0;
      |                       ^~~~
../Core/Src/main.c:271:16: warning: unused variable 'value' [-Wunused-variable]
  271 |   unsigned int value, addr = FLASH_USER_START_ADDR, cnt = 0;
      |                ^~~~~
../Core/Src/main.c: In function 'HAL_RTC_AlarmAEventCallback':
../Core/Src/main.c:866:9: warning: incompatible implicit declaration of built-in function 'printf' [-Wbuiltin-declaration-mismatch]
  866 |         printf("RINGRINGRINGRING!!!!!!!!!!!!!!!!!!!!\r\n");
      |         ^~~~~~
../Core/Src/main.c:866:9: note: include '<stdio.h>' or provide a declaration of 'printf'
../Core/Src/main.c: In function 'HAL_ADC_ConvCpltCallback':
../Core/Src/main.c:880:17: warning: incompatible implicit declaration of built-in function 'printf' [-Wbuiltin-declaration-mismatch]
  880 |                 printf("ADC1: %d", adc1_val);
      |                 ^~~~~~
../Core/Src/main.c:880:17: note: include '<stdio.h>' or provide a declaration of 'printf'
../Core/Src/main.c:885:17: warning: incompatible implicit declaration of built-in function 'printf' [-Wbuiltin-declaration-mismatch]
  885 |                 printf("ADC2:%d", adc2_val);
      |                 ^~~~~~
../Core/Src/main.c:885:17: note: include '<stdio.h>' or provide a declaration of 'printf'
../Core/Src/main.c: In function 'HAL_UART_RxCpltCallback':
../Core/Src/main.c:897:25: warning: incompatible implicit declaration of built-in function 'printf' [-Wbuiltin-declaration-mismatch]
  897 |                         printf("\r\n send following data to BLE \r\n");
      |                         ^~~~~~
../Core/Src/main.c:897:25: note: include '<stdio.h>' or provide a declaration of 'printf'
../Core/Src/main.c:907:25: warning: incompatible implicit declaration of built-in function 'printf' [-Wbuiltin-declaration-mismatch]
  907 |                         printf("collecting: %c\r\n", (char)rx3Data);
      |                         ^~~~~~
../Core/Src/main.c:907:25: note: include '<stdio.h>' or provide a declaration of 'printf'
arm-none-eabi-gcc -o "STM_CLK.elf" @"objects.list"   -mcpu=cortex-m4 -T"C:\ST_CLK\STM_CLK\STM32F429ZITX_FLASH.ld" --specs=nosys.specs -Wl,-Map="STM_CLK.map" -Wl,--gc-sections -static --specs=nano.specs -mfpu=fpv4-sp-d16 -mfloat-abi=hard -mthumb -Wl,--start-group -lc -lm -Wl,--end-group
Finished building target: STM_CLK.elf
 
arm-none-eabi-size   STM_CLK.elf 
arm-none-eabi-objdump -h -S  STM_CLK.elf  > "STM_CLK.list"
arm-none-eabi-objcopy  -O ihex  STM_CLK.elf  "STM_CLK.hex"
arm-none-eabi-objcopy  -O binary  STM_CLK.elf  "STM_CLK.bin"
   text	   data	    bss	    dec	    hex	filename
  34788	    112	   4408	  39308	   998c	STM_CLK.elf
Finished building: default.size.stdout
 
Finished building: STM_CLK.hex
Finished building: STM_CLK.bin
 
 
Finished building: STM_CLK.list
 
11:10:19 **** Incremental Build of configuration Debug for project STM_CLK ****
make -j8 all 
arm-none-eabi-size   STM_CLK.elf 
   text	   data	    bss	    dec	    hex	filename
  34788	    112	   4408	  39308	   998c	STM_CLK.elf
Finished building: default.size.stdout
 
11:11:23 **** Incremental Build of configuration Debug for project STM_CLK ****
make -j8 all 
arm-none-eabi-gcc "../Core/Src/main.c" -mcpu=cortex-m4 -std=gnu11 -g3 -DDEBUG -DUSE_HAL_DRIVER -DSTM32F429xx -c -I../Core/Inc -I../Drivers/STM32F4xx_HAL_Driver/Inc -I../Drivers/STM32F4xx_HAL_Driver/Inc/Legacy -I../Drivers/CMSIS/Device/ST/STM32F4xx/Include -I../Drivers/CMSIS/Include -O0 -ffunction-sections -fdata-sections -Wall -fstack-usage -fcyclomatic-complexity -MMD -MP -MF"Core/Src/main.d" -MT"Core/Src/main.o" --specs=nano.specs -mfpu=fpv4-sp-d16 -mfloat-abi=hard -mthumb -o "Core/Src/main.o"
../Core/Src/main.c: In function 'get_time':
../Core/Src/main.c:170:9: warning: implicit declaration of function 'sprintf' [-Wimplicit-function-declaration]
  170 |         sprintf((char*)showTime, "%s %02d:%02d:%02d",ampm[sTime.TimeFormat], sTime.Hours, sTime.Minutes, sTime.Seconds);
      |         ^~~~~~~
../Core/Src/main.c:27:1: note: include '<stdio.h>' or provide a declaration of 'sprintf'
   26 | #include "flash.h"
  +++ |+#include <stdio.h>
   27 | 
../Core/Src/main.c:170:9: warning: incompatible implicit declaration of built-in function 'sprintf' [-Wbuiltin-declaration-mismatch]
  170 |         sprintf((char*)showTime, "%s %02d:%02d:%02d",ampm[sTime.TimeFormat], sTime.Hours, sTime.Minutes, sTime.Seconds);
      |         ^~~~~~~
../Core/Src/main.c:170:9: note: include '<stdio.h>' or provide a declaration of 'sprintf'
../Core/Src/main.c:173:9: warning: implicit declaration of function 'printf' [-Wimplicit-function-declaration]
  173 |         printf("%s %s\r\n", showTime, showDate);
      |         ^~~~~~
../Core/Src/main.c:173:9: note: include '<stdio.h>' or provide a declaration of 'printf'
../Core/Src/main.c:173:9: warning: incompatible implicit declaration of built-in function 'printf' [-Wbuiltin-declaration-mismatch]
../Core/Src/main.c:173:9: note: include '<stdio.h>' or provide a declaration of 'printf'
../Core/Src/main.c: In function 'readFlash':
../Core/Src/main.c:190:9: warning: incompatible implicit declaration of built-in function 'printf' [-Wbuiltin-declaration-mismatch]
  190 |         printf("addr[0x%08x] = %08x\r\n", StartADDR, value);
      |         ^~~~~~
../Core/Src/main.c:190:9: note: include '<stdio.h>' or provide a declaration of 'printf'
../Core/Src/main.c:190:27: warning: format '%x' expects argument of type 'unsigned int', but argument 2 has type 'uint32_t' {aka 'long unsigned int'} [-Wformat=]
  190 |         printf("addr[0x%08x] = %08x\r\n", StartADDR, value);
      |                        ~~~^               ~~~~~~~~~
      |                           |               |
      |                           unsigned int    uint32_t {aka long unsigned int}
      |                        %08lx
../Core/Src/main.c: In function 'eraseFlash':
../Core/Src/main.c:209:25: warning: incompatible implicit declaration of built-in function 'printf' [-Wbuiltin-declaration-mismatch]
  209 |                         printf("Changed: ");
      |                         ^~~~~~
../Core/Src/main.c:209:25: note: include '<stdio.h>' or provide a declaration of 'printf'
../Core/Src/main.c:215:25: warning: incompatible implicit declaration of built-in function 'printf' [-Wbuiltin-declaration-mismatch]
  215 |                         printf("error occurred");
      |                         ^~~~~~
../Core/Src/main.c:215:25: note: include '<stdio.h>' or provide a declaration of 'printf'
../Core/Src/main.c: In function 'main':
../Core/Src/main.c:273:17: warning: unused variable 'buf' [-Wunused-variable]
  273 |   unsigned char buf[30];
      |                 ^~~
../Core/Src/main.c:272:53: warning: unused variable 'cnt' [-Wunused-variable]
  272 |   unsigned int value, addr = FLASH_USER_START_ADDR, cnt = 0;
      |                                                     ^~~
../Core/Src/main.c:272:23: warning: unused variable 'addr' [-Wunused-variable]
  272 |   unsigned int value, addr = FLASH_USER_START_ADDR, cnt = 0;
      |                       ^~~~
../Core/Src/main.c:272:16: warning: unused variable 'value' [-Wunused-variable]
  272 |   unsigned int value, addr = FLASH_USER_START_ADDR, cnt = 0;
      |                ^~~~~
../Core/Src/main.c: In function 'HAL_RTC_AlarmAEventCallback':
../Core/Src/main.c:867:9: warning: incompatible implicit declaration of built-in function 'printf' [-Wbuiltin-declaration-mismatch]
  867 |         printf("RINGRINGRINGRING!!!!!!!!!!!!!!!!!!!!\r\n");
      |         ^~~~~~
../Core/Src/main.c:867:9: note: include '<stdio.h>' or provide a declaration of 'printf'
../Core/Src/main.c: In function 'HAL_ADC_ConvCpltCallback':
../Core/Src/main.c:881:17: warning: incompatible implicit declaration of built-in function 'printf' [-Wbuiltin-declaration-mismatch]
  881 |                 printf("ADC1: %d", adc1_val);
      |                 ^~~~~~
../Core/Src/main.c:881:17: note: include '<stdio.h>' or provide a declaration of 'printf'
../Core/Src/main.c:886:17: warning: incompatible implicit declaration of built-in function 'printf' [-Wbuiltin-declaration-mismatch]
  886 |                 printf("ADC2:%d", adc2_val);
      |                 ^~~~~~
../Core/Src/main.c:886:17: note: include '<stdio.h>' or provide a declaration of 'printf'
../Core/Src/main.c: In function 'HAL_UART_RxCpltCallback':
../Core/Src/main.c:898:25: warning: incompatible implicit declaration of built-in function 'printf' [-Wbuiltin-declaration-mismatch]
  898 |                         printf("\r\n send following data to BLE \r\n");
      |                         ^~~~~~
../Core/Src/main.c:898:25: note: include '<stdio.h>' or provide a declaration of 'printf'
../Core/Src/main.c:908:25: warning: incompatible implicit declaration of built-in function 'printf' [-Wbuiltin-declaration-mismatch]
  908 |                         printf("collecting: %c\r\n", (char)rx3Data);
      |                         ^~~~~~
../Core/Src/main.c:908:25: note: include '<stdio.h>' or provide a declaration of 'printf'
arm-none-eabi-gcc -o "STM_CLK.elf" @"objects.list"   -mcpu=cortex-m4 -T"C:\ST_CLK\STM_CLK\STM32F429ZITX_FLASH.ld" --specs=nosys.specs -Wl,-Map="STM_CLK.map" -Wl,--gc-sections -static --specs=nano.specs -mfpu=fpv4-sp-d16 -mfloat-abi=hard -mthumb -Wl,--start-group -lc -lm -Wl,--end-group
Finished building target: STM_CLK.elf
 
arm-none-eabi-size   STM_CLK.elf 
arm-none-eabi-objdump -h -S  STM_CLK.elf  > "STM_CLK.list"
arm-none-eabi-objcopy  -O ihex  STM_CLK.elf  "STM_CLK.hex"
   text	   data	    bss	    dec	    hex	filename
  35256	    112	   4408	  39776	   9b60	STM_CLK.elf
arm-none-eabi-objcopy  -O binary  STM_CLK.elf  "STM_CLK.bin"
Finished building: default.size.stdout
 
Finished building: STM_CLK.hex
 
Finished building: STM_CLK.bin
 
Finished building: STM_CLK.list
 
14:03:48 **** Incremental Build of configuration Debug for project STM_CLK ****
make -j8 all 
arm-none-eabi-gcc "../Core/Src/main.c" -mcpu=cortex-m4 -std=gnu11 -g3 -DDEBUG -DUSE_HAL_DRIVER -DSTM32F429xx -c -I../Core/Inc -I../Drivers/STM32F4xx_HAL_Driver/Inc -I../Drivers/STM32F4xx_HAL_Driver/Inc/Legacy -I../Drivers/CMSIS/Device/ST/STM32F4xx/Include -I../Drivers/CMSIS/Include -O0 -ffunction-sections -fdata-sections -Wall -fstack-usage -fcyclomatic-complexity -MMD -MP -MF"Core/Src/main.d" -MT"Core/Src/main.o" --specs=nano.specs -mfpu=fpv4-sp-d16 -mfloat-abi=hard -mthumb -o "Core/Src/main.o"
arm-none-eabi-gcc "../Core/Src/stm32f4xx_hal_msp.c" -mcpu=cortex-m4 -std=gnu11 -g3 -DDEBUG -DUSE_HAL_DRIVER -DSTM32F429xx -c -I../Core/Inc -I../Drivers/STM32F4xx_HAL_Driver/Inc -I../Drivers/STM32F4xx_HAL_Driver/Inc/Legacy -I../Drivers/CMSIS/Device/ST/STM32F4xx/Include -I../Drivers/CMSIS/Include -O0 -ffunction-sections -fdata-sections -Wall -fstack-usage -fcyclomatic-complexity -MMD -MP -MF"Core/Src/stm32f4xx_hal_msp.d" -MT"Core/Src/stm32f4xx_hal_msp.o" --specs=nano.specs -mfpu=fpv4-sp-d16 -mfloat-abi=hard -mthumb -o "Core/Src/stm32f4xx_hal_msp.o"
arm-none-eabi-gcc "../Core/Src/stm32f4xx_it.c" -mcpu=cortex-m4 -std=gnu11 -g3 -DDEBUG -DUSE_HAL_DRIVER -DSTM32F429xx -c -I../Core/Inc -I../Drivers/STM32F4xx_HAL_Driver/Inc -I../Drivers/STM32F4xx_HAL_Driver/Inc/Legacy -I../Drivers/CMSIS/Device/ST/STM32F4xx/Include -I../Drivers/CMSIS/Include -O0 -ffunction-sections -fdata-sections -Wall -fstack-usage -fcyclomatic-complexity -MMD -MP -MF"Core/Src/stm32f4xx_it.d" -MT"Core/Src/stm32f4xx_it.o" --specs=nano.specs -mfpu=fpv4-sp-d16 -mfloat-abi=hard -mthumb -o "Core/Src/stm32f4xx_it.o"
../Core/Src/main.c: In function 'get_time':
../Core/Src/main.c:168:9: warning: implicit declaration of function 'sprintf' [-Wimplicit-function-declaration]
  168 |         sprintf((char*)showTime, "%s %02d:%02d:%02d",ampm[sTime.TimeFormat], sTime.Hours, sTime.Minutes, sTime.Seconds);
      |         ^~~~~~~
../Core/Src/main.c:27:1: note: include '<stdio.h>' or provide a declaration of 'sprintf'
   26 | #include "flash.h"
  +++ |+#include <stdio.h>
   27 | 
../Core/Src/main.c:168:9: warning: incompatible implicit declaration of built-in function 'sprintf' [-Wbuiltin-declaration-mismatch]
  168 |         sprintf((char*)showTime, "%s %02d:%02d:%02d",ampm[sTime.TimeFormat], sTime.Hours, sTime.Minutes, sTime.Seconds);
      |         ^~~~~~~
../Core/Src/main.c:168:9: note: include '<stdio.h>' or provide a declaration of 'sprintf'
../Core/Src/main.c:171:9: warning: implicit declaration of function 'printf' [-Wimplicit-function-declaration]
  171 |         printf("%s %s\r\n", showTime, showDate);
      |         ^~~~~~
../Core/Src/main.c:171:9: note: include '<stdio.h>' or provide a declaration of 'printf'
../Core/Src/main.c:171:9: warning: incompatible implicit declaration of built-in function 'printf' [-Wbuiltin-declaration-mismatch]
../Core/Src/main.c:171:9: note: include '<stdio.h>' or provide a declaration of 'printf'
../Core/Src/main.c: In function 'readFlash':
../Core/Src/main.c:188:9: warning: incompatible implicit declaration of built-in function 'printf' [-Wbuiltin-declaration-mismatch]
  188 |         printf("addr[0x%08x] = %08x\r\n", StartADDR, value);
      |         ^~~~~~
../Core/Src/main.c:188:9: note: include '<stdio.h>' or provide a declaration of 'printf'
../Core/Src/main.c:188:27: warning: format '%x' expects argument of type 'unsigned int', but argument 2 has type 'uint32_t' {aka 'long unsigned int'} [-Wformat=]
  188 |         printf("addr[0x%08x] = %08x\r\n", StartADDR, value);
      |                        ~~~^               ~~~~~~~~~
      |                           |               |
      |                           unsigned int    uint32_t {aka long unsigned int}
      |                        %08lx
../Core/Src/main.c: In function 'eraseFlash':
../Core/Src/main.c:207:25: warning: incompatible implicit declaration of built-in function 'printf' [-Wbuiltin-declaration-mismatch]
  207 |                         printf("Changed: ");
      |                         ^~~~~~
../Core/Src/main.c:207:25: note: include '<stdio.h>' or provide a declaration of 'printf'
../Core/Src/main.c:213:25: warning: incompatible implicit declaration of built-in function 'printf' [-Wbuiltin-declaration-mismatch]
  213 |                         printf("error occurred");
      |                         ^~~~~~
../Core/Src/main.c:213:25: note: include '<stdio.h>' or provide a declaration of 'printf'
../Core/Src/main.c: In function 'main':
../Core/Src/main.c:269:17: warning: unused variable 'buf' [-Wunused-variable]
  269 |   unsigned char buf[30];
      |                 ^~~
../Core/Src/main.c:268:53: warning: unused variable 'cnt' [-Wunused-variable]
  268 |   unsigned int value, addr = FLASH_USER_START_ADDR, cnt = 0;
      |                                                     ^~~
../Core/Src/main.c:268:23: warning: unused variable 'addr' [-Wunused-variable]
  268 |   unsigned int value, addr = FLASH_USER_START_ADDR, cnt = 0;
      |                       ^~~~
../Core/Src/main.c:268:16: warning: unused variable 'value' [-Wunused-variable]
  268 |   unsigned int value, addr = FLASH_USER_START_ADDR, cnt = 0;
      |                ^~~~~
../Core/Src/main.c: In function 'HAL_RTC_AlarmAEventCallback':
../Core/Src/main.c:811:9: warning: incompatible implicit declaration of built-in function 'printf' [-Wbuiltin-declaration-mismatch]
  811 |         printf("RINGRINGRINGRING!!!!!!!!!!!!!!!!!!!!\r\n");
      |         ^~~~~~
../Core/Src/main.c:811:9: note: include '<stdio.h>' or provide a declaration of 'printf'
../Core/Src/main.c: In function 'HAL_GPIO_EXTI_Callback':
../Core/Src/main.c:821:17: warning: incompatible implicit declaration of built-in function 'printf' [-Wbuiltin-declaration-mismatch]
  821 |                 printf("time: %d", ctime);
      |                 ^~~~~~
../Core/Src/main.c:821:17: note: include '<stdio.h>' or provide a declaration of 'printf'
../Core/Src/main.c: In function 'HAL_ADC_ConvCpltCallback':
../Core/Src/main.c:830:17: warning: incompatible implicit declaration of built-in function 'printf' [-Wbuiltin-declaration-mismatch]
  830 |                 printf("ADC1: %d", adc1_val);
      |                 ^~~~~~
../Core/Src/main.c:830:17: note: include '<stdio.h>' or provide a declaration of 'printf'
../Core/Src/main.c:834:46: error: 'hadc2' undeclared (first use in this function); did you mean 'hadc'?
  834 |                 adc2_val = HAL_ADC_GetValue(&hadc2);
      |                                              ^~~~~
      |                                              hadc
../Core/Src/main.c:834:46: note: each undeclared identifier is reported only once for each function it appears in
../Core/Src/main.c:835:17: warning: incompatible implicit declaration of built-in function 'printf' [-Wbuiltin-declaration-mismatch]
  835 |                 printf("ADC2:%d", adc2_val);
      |                 ^~~~~~
../Core/Src/main.c:835:17: note: include '<stdio.h>' or provide a declaration of 'printf'
../Core/Src/main.c: In function 'HAL_UART_RxCpltCallback':
../Core/Src/main.c:847:25: warning: incompatible implicit declaration of built-in function 'printf' [-Wbuiltin-declaration-mismatch]
  847 |                         printf("\r\n send following data to BLE \r\n");
      |                         ^~~~~~
../Core/Src/main.c:847:25: note: include '<stdio.h>' or provide a declaration of 'printf'
../Core/Src/main.c:858:25: warning: incompatible implicit declaration of built-in function 'printf' [-Wbuiltin-declaration-mismatch]
  858 |                         printf("collecting: %c\r\n", (char)rx3Data);
      |                         ^~~~~~
../Core/Src/main.c:858:25: note: include '<stdio.h>' or provide a declaration of 'printf'
make: *** [Core/Src/subdir.mk:40: Core/Src/main.o] Error 1
make: *** Waiting for unfinished jobs....
"make -j8 all" terminated with exit code 2. Build might be incomplete.
14:04:05 **** Incremental Build of configuration Debug for project STM_CLK ****
make -j8 all 
arm-none-eabi-gcc "../Core/Src/main.c" -mcpu=cortex-m4 -std=gnu11 -g3 -DDEBUG -DUSE_HAL_DRIVER -DSTM32F429xx -c -I../Core/Inc -I../Drivers/STM32F4xx_HAL_Driver/Inc -I../Drivers/STM32F4xx_HAL_Driver/Inc/Legacy -I../Drivers/CMSIS/Device/ST/STM32F4xx/Include -I../Drivers/CMSIS/Include -O0 -ffunction-sections -fdata-sections -Wall -fstack-usage -fcyclomatic-complexity -MMD -MP -MF"Core/Src/main.d" -MT"Core/Src/main.o" --specs=nano.specs -mfpu=fpv4-sp-d16 -mfloat-abi=hard -mthumb -o "Core/Src/main.o"
../Core/Src/main.c: In function 'get_time':
../Core/Src/main.c:168:9: warning: implicit declaration of function 'sprintf' [-Wimplicit-function-declaration]
  168 |         sprintf((char*)showTime, "%s %02d:%02d:%02d",ampm[sTime.TimeFormat], sTime.Hours, sTime.Minutes, sTime.Seconds);
      |         ^~~~~~~
../Core/Src/main.c:27:1: note: include '<stdio.h>' or provide a declaration of 'sprintf'
   26 | #include "flash.h"
  +++ |+#include <stdio.h>
   27 | 
../Core/Src/main.c:168:9: warning: incompatible implicit declaration of built-in function 'sprintf' [-Wbuiltin-declaration-mismatch]
  168 |         sprintf((char*)showTime, "%s %02d:%02d:%02d",ampm[sTime.TimeFormat], sTime.Hours, sTime.Minutes, sTime.Seconds);
      |         ^~~~~~~
../Core/Src/main.c:168:9: note: include '<stdio.h>' or provide a declaration of 'sprintf'
../Core/Src/main.c:171:9: warning: implicit declaration of function 'printf' [-Wimplicit-function-declaration]
  171 |         printf("%s %s\r\n", showTime, showDate);
      |         ^~~~~~
../Core/Src/main.c:171:9: note: include '<stdio.h>' or provide a declaration of 'printf'
../Core/Src/main.c:171:9: warning: incompatible implicit declaration of built-in function 'printf' [-Wbuiltin-declaration-mismatch]
../Core/Src/main.c:171:9: note: include '<stdio.h>' or provide a declaration of 'printf'
../Core/Src/main.c: In function 'readFlash':
../Core/Src/main.c:188:9: warning: incompatible implicit declaration of built-in function 'printf' [-Wbuiltin-declaration-mismatch]
  188 |         printf("addr[0x%08x] = %08x\r\n", StartADDR, value);
      |         ^~~~~~
../Core/Src/main.c:188:9: note: include '<stdio.h>' or provide a declaration of 'printf'
../Core/Src/main.c:188:27: warning: format '%x' expects argument of type 'unsigned int', but argument 2 has type 'uint32_t' {aka 'long unsigned int'} [-Wformat=]
  188 |         printf("addr[0x%08x] = %08x\r\n", StartADDR, value);
      |                        ~~~^               ~~~~~~~~~
      |                           |               |
      |                           unsigned int    uint32_t {aka long unsigned int}
      |                        %08lx
../Core/Src/main.c: In function 'eraseFlash':
../Core/Src/main.c:207:25: warning: incompatible implicit declaration of built-in function 'printf' [-Wbuiltin-declaration-mismatch]
  207 |                         printf("Changed: ");
      |                         ^~~~~~
../Core/Src/main.c:207:25: note: include '<stdio.h>' or provide a declaration of 'printf'
../Core/Src/main.c:213:25: warning: incompatible implicit declaration of built-in function 'printf' [-Wbuiltin-declaration-mismatch]
  213 |                         printf("error occurred");
      |                         ^~~~~~
../Core/Src/main.c:213:25: note: include '<stdio.h>' or provide a declaration of 'printf'
../Core/Src/main.c: In function 'main':
../Core/Src/main.c:269:17: warning: unused variable 'buf' [-Wunused-variable]
  269 |   unsigned char buf[30];
      |                 ^~~
../Core/Src/main.c:268:53: warning: unused variable 'cnt' [-Wunused-variable]
  268 |   unsigned int value, addr = FLASH_USER_START_ADDR, cnt = 0;
      |                                                     ^~~
../Core/Src/main.c:268:23: warning: unused variable 'addr' [-Wunused-variable]
  268 |   unsigned int value, addr = FLASH_USER_START_ADDR, cnt = 0;
      |                       ^~~~
../Core/Src/main.c:268:16: warning: unused variable 'value' [-Wunused-variable]
  268 |   unsigned int value, addr = FLASH_USER_START_ADDR, cnt = 0;
      |                ^~~~~
../Core/Src/main.c: In function 'HAL_RTC_AlarmAEventCallback':
../Core/Src/main.c:811:9: warning: incompatible implicit declaration of built-in function 'printf' [-Wbuiltin-declaration-mismatch]
  811 |         printf("RINGRINGRINGRING!!!!!!!!!!!!!!!!!!!!\r\n");
      |         ^~~~~~
../Core/Src/main.c:811:9: note: include '<stdio.h>' or provide a declaration of 'printf'
../Core/Src/main.c: In function 'HAL_GPIO_EXTI_Callback':
../Core/Src/main.c:821:17: warning: incompatible implicit declaration of built-in function 'printf' [-Wbuiltin-declaration-mismatch]
  821 |                 printf("time: %d", ctime);
      |                 ^~~~~~
../Core/Src/main.c:821:17: note: include '<stdio.h>' or provide a declaration of 'printf'
../Core/Src/main.c: In function 'HAL_ADC_ConvCpltCallback':
../Core/Src/main.c:830:17: warning: incompatible implicit declaration of built-in function 'printf' [-Wbuiltin-declaration-mismatch]
  830 |                 printf("ADC1: %d", adc1_val);
      |                 ^~~~~~
../Core/Src/main.c:830:17: note: include '<stdio.h>' or provide a declaration of 'printf'
../Core/Src/main.c: In function 'HAL_UART_RxCpltCallback':
../Core/Src/main.c:842:25: warning: incompatible implicit declaration of built-in function 'printf' [-Wbuiltin-declaration-mismatch]
  842 |                         printf("\r\n send following data to BLE \r\n");
      |                         ^~~~~~
../Core/Src/main.c:842:25: note: include '<stdio.h>' or provide a declaration of 'printf'
../Core/Src/main.c:853:25: warning: incompatible implicit declaration of built-in function 'printf' [-Wbuiltin-declaration-mismatch]
  853 |                         printf("collecting: %c\r\n", (char)rx3Data);
      |                         ^~~~~~
../Core/Src/main.c:853:25: note: include '<stdio.h>' or provide a declaration of 'printf'
arm-none-eabi-gcc -o "STM_CLK.elf" @"objects.list"   -mcpu=cortex-m4 -T"C:\ST_CLK\STM_CLK\STM32F429ZITX_FLASH.ld" --specs=nosys.specs -Wl,-Map="STM_CLK.map" -Wl,--gc-sections -static --specs=nano.specs -mfpu=fpv4-sp-d16 -mfloat-abi=hard -mthumb -Wl,--start-group -lc -lm -Wl,--end-group
Finished building target: STM_CLK.elf
 
arm-none-eabi-size   STM_CLK.elf 
arm-none-eabi-objdump -h -S  STM_CLK.elf  > "STM_CLK.list"
arm-none-eabi-objcopy  -O ihex  STM_CLK.elf  "STM_CLK.hex"
arm-none-eabi-objcopy  -O binary  STM_CLK.elf  "STM_CLK.bin"
   text	   data	    bss	    dec	    hex	filename
  35004	    112	   4336	  39452	   9a1c	STM_CLK.elf
Finished building: default.size.stdout
 
Finished building: STM_CLK.hex
Finished building: STM_CLK.bin
 
 
Finished building: STM_CLK.list
 
14:10:36 **** Incremental Build of configuration Debug for project STM_CLK ****
make -j8 all 
arm-none-eabi-gcc "../Core/Src/flash.c" -mcpu=cortex-m4 -std=gnu11 -g3 -DDEBUG -DUSE_HAL_DRIVER -DSTM32F429xx -c -I../Core/Inc -I../Drivers/STM32F4xx_HAL_Driver/Inc -I../Drivers/STM32F4xx_HAL_Driver/Inc/Legacy -I../Drivers/CMSIS/Device/ST/STM32F4xx/Include -I../Drivers/CMSIS/Include -O0 -ffunction-sections -fdata-sections -Wall -fstack-usage -fcyclomatic-complexity -MMD -MP -MF"Core/Src/flash.d" -MT"Core/Src/flash.o" --specs=nano.specs -mfpu=fpv4-sp-d16 -mfloat-abi=hard -mthumb -o "Core/Src/flash.o"
arm-none-eabi-gcc "../Core/Src/lcd.c" -mcpu=cortex-m4 -std=gnu11 -g3 -DDEBUG -DUSE_HAL_DRIVER -DSTM32F429xx -c -I../Core/Inc -I../Drivers/STM32F4xx_HAL_Driver/Inc -I../Drivers/STM32F4xx_HAL_Driver/Inc/Legacy -I../Drivers/CMSIS/Device/ST/STM32F4xx/Include -I../Drivers/CMSIS/Include -O0 -ffunction-sections -fdata-sections -Wall -fstack-usage -fcyclomatic-complexity -MMD -MP -MF"Core/Src/lcd.d" -MT"Core/Src/lcd.o" --specs=nano.specs -mfpu=fpv4-sp-d16 -mfloat-abi=hard -mthumb -o "Core/Src/lcd.o"
arm-none-eabi-gcc "../Core/Src/main.c" -mcpu=cortex-m4 -std=gnu11 -g3 -DDEBUG -DUSE_HAL_DRIVER -DSTM32F429xx -c -I../Core/Inc -I../Drivers/STM32F4xx_HAL_Driver/Inc -I../Drivers/STM32F4xx_HAL_Driver/Inc/Legacy -I../Drivers/CMSIS/Device/ST/STM32F4xx/Include -I../Drivers/CMSIS/Include -O0 -ffunction-sections -fdata-sections -Wall -fstack-usage -fcyclomatic-complexity -MMD -MP -MF"Core/Src/main.d" -MT"Core/Src/main.o" --specs=nano.specs -mfpu=fpv4-sp-d16 -mfloat-abi=hard -mthumb -o "Core/Src/main.o"
arm-none-eabi-gcc "../Core/Src/stm32f4xx_hal_msp.c" -mcpu=cortex-m4 -std=gnu11 -g3 -DDEBUG -DUSE_HAL_DRIVER -DSTM32F429xx -c -I../Core/Inc -I../Drivers/STM32F4xx_HAL_Driver/Inc -I../Drivers/STM32F4xx_HAL_Driver/Inc/Legacy -I../Drivers/CMSIS/Device/ST/STM32F4xx/Include -I../Drivers/CMSIS/Include -O0 -ffunction-sections -fdata-sections -Wall -fstack-usage -fcyclomatic-complexity -MMD -MP -MF"Core/Src/stm32f4xx_hal_msp.d" -MT"Core/Src/stm32f4xx_hal_msp.o" --specs=nano.specs -mfpu=fpv4-sp-d16 -mfloat-abi=hard -mthumb -o "Core/Src/stm32f4xx_hal_msp.o"
arm-none-eabi-gcc "../Core/Src/stm32f4xx_it.c" -mcpu=cortex-m4 -std=gnu11 -g3 -DDEBUG -DUSE_HAL_DRIVER -DSTM32F429xx -c -I../Core/Inc -I../Drivers/STM32F4xx_HAL_Driver/Inc -I../Drivers/STM32F4xx_HAL_Driver/Inc/Legacy -I../Drivers/CMSIS/Device/ST/STM32F4xx/Include -I../Drivers/CMSIS/Include -O0 -ffunction-sections -fdata-sections -Wall -fstack-usage -fcyclomatic-complexity -MMD -MP -MF"Core/Src/stm32f4xx_it.d" -MT"Core/Src/stm32f4xx_it.o" --specs=nano.specs -mfpu=fpv4-sp-d16 -mfloat-abi=hard -mthumb -o "Core/Src/stm32f4xx_it.o"
../Core/Src/lcd.c: In function 'I2C_Scan':
../Core/Src/lcd.c:12:11: warning: implicit declaration of function 'snprintf' [-Wimplicit-function-declaration]
   12 |           snprintf(msg, sizeof(msg), "0x%02X", i);
      |           ^~~~~~~~
../Core/Src/lcd.c:2:1: note: include '<stdio.h>' or provide a declaration of 'snprintf'
    1 | #include "lcd.h"
  +++ |+#include <stdio.h>
    2 | 
../Core/Src/lcd.c:12:11: warning: incompatible implicit declaration of built-in function 'snprintf' [-Wbuiltin-declaration-mismatch]
   12 |           snprintf(msg, sizeof(msg), "0x%02X", i);
      |           ^~~~~~~~
../Core/Src/lcd.c:12:11: note: include '<stdio.h>' or provide a declaration of 'snprintf'
../Core/Src/main.c: In function 'get_time':
../Core/Src/main.c:168:9: warning: implicit declaration of function 'sprintf' [-Wimplicit-function-declaration]
  168 |         sprintf((char*)showTime, "%s %02d:%02d:%02d",ampm[sTime.TimeFormat], sTime.Hours, sTime.Minutes, sTime.Seconds);
      |         ^~~~~~~
../Core/Src/main.c:27:1: note: include '<stdio.h>' or provide a declaration of 'sprintf'
   26 | #include "flash.h"
  +++ |+#include <stdio.h>
   27 | 
../Core/Src/main.c:168:9: warning: incompatible implicit declaration of built-in function 'sprintf' [-Wbuiltin-declaration-mismatch]
  168 |         sprintf((char*)showTime, "%s %02d:%02d:%02d",ampm[sTime.TimeFormat], sTime.Hours, sTime.Minutes, sTime.Seconds);
      |         ^~~~~~~
../Core/Src/main.c:168:9: note: include '<stdio.h>' or provide a declaration of 'sprintf'
../Core/Src/main.c:171:9: warning: implicit declaration of function 'printf' [-Wimplicit-function-declaration]
  171 |         printf("%s %s\r\n", showTime, showDate);
      |         ^~~~~~
../Core/Src/main.c:171:9: note: include '<stdio.h>' or provide a declaration of 'printf'
../Core/Src/main.c:171:9: warning: incompatible implicit declaration of built-in function 'printf' [-Wbuiltin-declaration-mismatch]
../Core/Src/main.c:171:9: note: include '<stdio.h>' or provide a declaration of 'printf'
../Core/Src/main.c: In function 'readFlash':
../Core/Src/main.c:188:9: warning: incompatible implicit declaration of built-in function 'printf' [-Wbuiltin-declaration-mismatch]
  188 |         printf("addr[0x%08x] = %08x\r\n", StartADDR, value);
      |         ^~~~~~
../Core/Src/main.c:188:9: note: include '<stdio.h>' or provide a declaration of 'printf'
../Core/Src/main.c:188:27: warning: format '%x' expects argument of type 'unsigned int', but argument 2 has type 'uint32_t' {aka 'long unsigned int'} [-Wformat=]
  188 |         printf("addr[0x%08x] = %08x\r\n", StartADDR, value);
      |                        ~~~^               ~~~~~~~~~
      |                           |               |
      |                           unsigned int    uint32_t {aka long unsigned int}
      |                        %08lx
../Core/Src/main.c: In function 'eraseFlash':
../Core/Src/main.c:207:25: warning: incompatible implicit declaration of built-in function 'printf' [-Wbuiltin-declaration-mismatch]
  207 |                         printf("Changed: ");
      |                         ^~~~~~
../Core/Src/main.c:207:25: note: include '<stdio.h>' or provide a declaration of 'printf'
../Core/Src/main.c:213:25: warning: incompatible implicit declaration of built-in function 'printf' [-Wbuiltin-declaration-mismatch]
  213 |                         printf("error occurred");
      |                         ^~~~~~
../Core/Src/main.c:213:25: note: include '<stdio.h>' or provide a declaration of 'printf'
../Core/Src/main.c: In function 'main':
../Core/Src/main.c:269:17: warning: unused variable 'buf' [-Wunused-variable]
  269 |   unsigned char buf[30];
      |                 ^~~
../Core/Src/main.c:268:53: warning: unused variable 'cnt' [-Wunused-variable]
  268 |   unsigned int value, addr = FLASH_USER_START_ADDR, cnt = 0;
      |                                                     ^~~
../Core/Src/main.c:268:23: warning: unused variable 'addr' [-Wunused-variable]
  268 |   unsigned int value, addr = FLASH_USER_START_ADDR, cnt = 0;
      |                       ^~~~
../Core/Src/main.c:268:16: warning: unused variable 'value' [-Wunused-variable]
  268 |   unsigned int value, addr = FLASH_USER_START_ADDR, cnt = 0;
      |                ^~~~~
../Core/Src/main.c: In function 'HAL_RTC_AlarmAEventCallback':
../Core/Src/main.c:814:9: warning: incompatible implicit declaration of built-in function 'printf' [-Wbuiltin-declaration-mismatch]
  814 |         printf("RINGRINGRINGRING!!!!!!!!!!!!!!!!!!!!\r\n");
      |         ^~~~~~
../Core/Src/main.c:814:9: note: include '<stdio.h>' or provide a declaration of 'printf'
../Core/Src/main.c: In function 'HAL_GPIO_EXTI_Callback':
../Core/Src/main.c:826:17: warning: incompatible implicit declaration of built-in function 'printf' [-Wbuiltin-declaration-mismatch]
  826 |                 printf("time: %d", ctime);
      |                 ^~~~~~
../Core/Src/main.c:826:17: note: include '<stdio.h>' or provide a declaration of 'printf'
../Core/Src/main.c: In function 'HAL_ADC_ConvCpltCallback':
../Core/Src/main.c:835:17: warning: incompatible implicit declaration of built-in function 'printf' [-Wbuiltin-declaration-mismatch]
  835 |                 printf("ADC1: %d", adc1_val);
      |                 ^~~~~~
../Core/Src/main.c:835:17: note: include '<stdio.h>' or provide a declaration of 'printf'
../Core/Src/main.c: In function 'HAL_UART_RxCpltCallback':
../Core/Src/main.c:847:25: warning: incompatible implicit declaration of built-in function 'printf' [-Wbuiltin-declaration-mismatch]
  847 |                         printf("\r\n send following data to BLE \r\n");
      |                         ^~~~~~
../Core/Src/main.c:847:25: note: include '<stdio.h>' or provide a declaration of 'printf'
../Core/Src/main.c:858:25: warning: incompatible implicit declaration of built-in function 'printf' [-Wbuiltin-declaration-mismatch]
  858 |                         printf("collecting: %c\r\n", (char)rx3Data);
      |                         ^~~~~~
../Core/Src/main.c:858:25: note: include '<stdio.h>' or provide a declaration of 'printf'
arm-none-eabi-gcc -o "STM_CLK.elf" @"objects.list"   -mcpu=cortex-m4 -T"C:\ST_CLK\STM_CLK\STM32F429ZITX_FLASH.ld" --specs=nosys.specs -Wl,-Map="STM_CLK.map" -Wl,--gc-sections -static --specs=nano.specs -mfpu=fpv4-sp-d16 -mfloat-abi=hard -mthumb -Wl,--start-group -lc -lm -Wl,--end-group
Finished building target: STM_CLK.elf
 
arm-none-eabi-size   STM_CLK.elf 
arm-none-eabi-objdump -h -S  STM_CLK.elf  > "STM_CLK.list"
arm-none-eabi-objcopy  -O ihex  STM_CLK.elf  "STM_CLK.hex"
arm-none-eabi-objcopy  -O binary  STM_CLK.elf  "STM_CLK.bin"
   text	   data	    bss	    dec	    hex	filename
  35068	    112	   4344	  39524	   9a64	STM_CLK.elf
Finished building: default.size.stdout
 
Finished building: STM_CLK.hex
 
Finished building: STM_CLK.bin
 
Finished building: STM_CLK.list
 
14:16:34 **** Incremental Build of configuration Debug for project STM_CLK ****
make -j8 all 
arm-none-eabi-gcc "../Core/Src/main.c" -mcpu=cortex-m4 -std=gnu11 -g3 -DDEBUG -DUSE_HAL_DRIVER -DSTM32F429xx -c -I../Core/Inc -I../Drivers/STM32F4xx_HAL_Driver/Inc -I../Drivers/STM32F4xx_HAL_Driver/Inc/Legacy -I../Drivers/CMSIS/Device/ST/STM32F4xx/Include -I../Drivers/CMSIS/Include -O0 -ffunction-sections -fdata-sections -Wall -fstack-usage -fcyclomatic-complexity -MMD -MP -MF"Core/Src/main.d" -MT"Core/Src/main.o" --specs=nano.specs -mfpu=fpv4-sp-d16 -mfloat-abi=hard -mthumb -o "Core/Src/main.o"
../Core/Src/main.c: In function 'get_time':
../Core/Src/main.c:168:9: warning: implicit declaration of function 'sprintf' [-Wimplicit-function-declaration]
  168 |         sprintf((char*)showTime, "%s %02d:%02d:%02d",ampm[sTime.TimeFormat], sTime.Hours, sTime.Minutes, sTime.Seconds);
      |         ^~~~~~~
../Core/Src/main.c:27:1: note: include '<stdio.h>' or provide a declaration of 'sprintf'
   26 | #include "flash.h"
  +++ |+#include <stdio.h>
   27 | 
../Core/Src/main.c:168:9: warning: incompatible implicit declaration of built-in function 'sprintf' [-Wbuiltin-declaration-mismatch]
  168 |         sprintf((char*)showTime, "%s %02d:%02d:%02d",ampm[sTime.TimeFormat], sTime.Hours, sTime.Minutes, sTime.Seconds);
      |         ^~~~~~~
../Core/Src/main.c:168:9: note: include '<stdio.h>' or provide a declaration of 'sprintf'
../Core/Src/main.c:171:9: warning: implicit declaration of function 'printf' [-Wimplicit-function-declaration]
  171 |         printf("%s %s\r\n", showTime, showDate);
      |         ^~~~~~
../Core/Src/main.c:171:9: note: include '<stdio.h>' or provide a declaration of 'printf'
../Core/Src/main.c:171:9: warning: incompatible implicit declaration of built-in function 'printf' [-Wbuiltin-declaration-mismatch]
../Core/Src/main.c:171:9: note: include '<stdio.h>' or provide a declaration of 'printf'
../Core/Src/main.c: In function 'readFlash':
../Core/Src/main.c:188:9: warning: incompatible implicit declaration of built-in function 'printf' [-Wbuiltin-declaration-mismatch]
  188 |         printf("addr[0x%08x] = %08x\r\n", StartADDR, value);
      |         ^~~~~~
../Core/Src/main.c:188:9: note: include '<stdio.h>' or provide a declaration of 'printf'
../Core/Src/main.c:188:27: warning: format '%x' expects argument of type 'unsigned int', but argument 2 has type 'uint32_t' {aka 'long unsigned int'} [-Wformat=]
  188 |         printf("addr[0x%08x] = %08x\r\n", StartADDR, value);
      |                        ~~~^               ~~~~~~~~~
      |                           |               |
      |                           unsigned int    uint32_t {aka long unsigned int}
      |                        %08lx
../Core/Src/main.c: In function 'eraseFlash':
../Core/Src/main.c:207:25: warning: incompatible implicit declaration of built-in function 'printf' [-Wbuiltin-declaration-mismatch]
  207 |                         printf("Changed: ");
      |                         ^~~~~~
../Core/Src/main.c:207:25: note: include '<stdio.h>' or provide a declaration of 'printf'
../Core/Src/main.c:213:25: warning: incompatible implicit declaration of built-in function 'printf' [-Wbuiltin-declaration-mismatch]
  213 |                         printf("error occurred");
      |                         ^~~~~~
../Core/Src/main.c:213:25: note: include '<stdio.h>' or provide a declaration of 'printf'
../Core/Src/main.c: In function 'main':
../Core/Src/main.c:269:17: warning: unused variable 'buf' [-Wunused-variable]
  269 |   unsigned char buf[30];
      |                 ^~~
../Core/Src/main.c:268:53: warning: unused variable 'cnt' [-Wunused-variable]
  268 |   unsigned int value, addr = FLASH_USER_START_ADDR, cnt = 0;
      |                                                     ^~~
../Core/Src/main.c:268:23: warning: unused variable 'addr' [-Wunused-variable]
  268 |   unsigned int value, addr = FLASH_USER_START_ADDR, cnt = 0;
      |                       ^~~~
../Core/Src/main.c:268:16: warning: unused variable 'value' [-Wunused-variable]
  268 |   unsigned int value, addr = FLASH_USER_START_ADDR, cnt = 0;
      |                ^~~~~
../Core/Src/main.c: In function 'HAL_RTC_AlarmAEventCallback':
../Core/Src/main.c:814:9: warning: incompatible implicit declaration of built-in function 'printf' [-Wbuiltin-declaration-mismatch]
  814 |         printf("RINGRINGRINGRING!!!!!!!!!!!!!!!!!!!!\r\n");
      |         ^~~~~~
../Core/Src/main.c:814:9: note: include '<stdio.h>' or provide a declaration of 'printf'
../Core/Src/main.c: In function 'HAL_GPIO_EXTI_Callback':
../Core/Src/main.c:824:17: warning: incompatible implicit declaration of built-in function 'printf' [-Wbuiltin-declaration-mismatch]
  824 |                 printf("time: %d", ctime);
      |                 ^~~~~~
../Core/Src/main.c:824:17: note: include '<stdio.h>' or provide a declaration of 'printf'
../Core/Src/main.c:824:36: error: 'ctime' undeclared (first use in this function); did you mean 'etime'?
  824 |                 printf("time: %d", ctime);
      |                                    ^~~~~
      |                                    etime
../Core/Src/main.c:824:36: note: each undeclared identifier is reported only once for each function it appears in
../Core/Src/main.c: In function 'HAL_ADC_ConvCpltCallback':
../Core/Src/main.c:833:17: warning: incompatible implicit declaration of built-in function 'printf' [-Wbuiltin-declaration-mismatch]
  833 |                 printf("ADC1: %d", adc1_val);
      |                 ^~~~~~
../Core/Src/main.c:833:17: note: include '<stdio.h>' or provide a declaration of 'printf'
../Core/Src/main.c: In function 'HAL_UART_RxCpltCallback':
../Core/Src/main.c:845:25: warning: incompatible implicit declaration of built-in function 'printf' [-Wbuiltin-declaration-mismatch]
  845 |                         printf("\r\n send following data to BLE \r\n");
      |                         ^~~~~~
../Core/Src/main.c:845:25: note: include '<stdio.h>' or provide a declaration of 'printf'
../Core/Src/main.c:856:25: warning: incompatible implicit declaration of built-in function 'printf' [-Wbuiltin-declaration-mismatch]
  856 |                         printf("collecting: %c\r\n", (char)rx3Data);
      |                         ^~~~~~
../Core/Src/main.c:856:25: note: include '<stdio.h>' or provide a declaration of 'printf'
make: *** [Core/Src/subdir.mk:40: Core/Src/main.o] Error 1
"make -j8 all" terminated with exit code 2. Build might be incomplete.
14:16:43 **** Incremental Build of configuration Debug for project STM_CLK ****
make -j8 all 
arm-none-eabi-gcc "../Core/Src/main.c" -mcpu=cortex-m4 -std=gnu11 -g3 -DDEBUG -DUSE_HAL_DRIVER -DSTM32F429xx -c -I../Core/Inc -I../Drivers/STM32F4xx_HAL_Driver/Inc -I../Drivers/STM32F4xx_HAL_Driver/Inc/Legacy -I../Drivers/CMSIS/Device/ST/STM32F4xx/Include -I../Drivers/CMSIS/Include -O0 -ffunction-sections -fdata-sections -Wall -fstack-usage -fcyclomatic-complexity -MMD -MP -MF"Core/Src/main.d" -MT"Core/Src/main.o" --specs=nano.specs -mfpu=fpv4-sp-d16 -mfloat-abi=hard -mthumb -o "Core/Src/main.o"
../Core/Src/main.c: In function 'get_time':
../Core/Src/main.c:168:9: warning: implicit declaration of function 'sprintf' [-Wimplicit-function-declaration]
  168 |         sprintf((char*)showTime, "%s %02d:%02d:%02d",ampm[sTime.TimeFormat], sTime.Hours, sTime.Minutes, sTime.Seconds);
      |         ^~~~~~~
../Core/Src/main.c:27:1: note: include '<stdio.h>' or provide a declaration of 'sprintf'
   26 | #include "flash.h"
  +++ |+#include <stdio.h>
   27 | 
../Core/Src/main.c:168:9: warning: incompatible implicit declaration of built-in function 'sprintf' [-Wbuiltin-declaration-mismatch]
  168 |         sprintf((char*)showTime, "%s %02d:%02d:%02d",ampm[sTime.TimeFormat], sTime.Hours, sTime.Minutes, sTime.Seconds);
      |         ^~~~~~~
../Core/Src/main.c:168:9: note: include '<stdio.h>' or provide a declaration of 'sprintf'
../Core/Src/main.c:171:9: warning: implicit declaration of function 'printf' [-Wimplicit-function-declaration]
  171 |         printf("%s %s\r\n", showTime, showDate);
      |         ^~~~~~
../Core/Src/main.c:171:9: note: include '<stdio.h>' or provide a declaration of 'printf'
../Core/Src/main.c:171:9: warning: incompatible implicit declaration of built-in function 'printf' [-Wbuiltin-declaration-mismatch]
../Core/Src/main.c:171:9: note: include '<stdio.h>' or provide a declaration of 'printf'
../Core/Src/main.c: In function 'readFlash':
../Core/Src/main.c:188:9: warning: incompatible implicit declaration of built-in function 'printf' [-Wbuiltin-declaration-mismatch]
  188 |         printf("addr[0x%08x] = %08x\r\n", StartADDR, value);
      |         ^~~~~~
../Core/Src/main.c:188:9: note: include '<stdio.h>' or provide a declaration of 'printf'
../Core/Src/main.c:188:27: warning: format '%x' expects argument of type 'unsigned int', but argument 2 has type 'uint32_t' {aka 'long unsigned int'} [-Wformat=]
  188 |         printf("addr[0x%08x] = %08x\r\n", StartADDR, value);
      |                        ~~~^               ~~~~~~~~~
      |                           |               |
      |                           unsigned int    uint32_t {aka long unsigned int}
      |                        %08lx
../Core/Src/main.c: In function 'eraseFlash':
../Core/Src/main.c:207:25: warning: incompatible implicit declaration of built-in function 'printf' [-Wbuiltin-declaration-mismatch]
  207 |                         printf("Changed: ");
      |                         ^~~~~~
../Core/Src/main.c:207:25: note: include '<stdio.h>' or provide a declaration of 'printf'
../Core/Src/main.c:213:25: warning: incompatible implicit declaration of built-in function 'printf' [-Wbuiltin-declaration-mismatch]
  213 |                         printf("error occurred");
      |                         ^~~~~~
../Core/Src/main.c:213:25: note: include '<stdio.h>' or provide a declaration of 'printf'
../Core/Src/main.c: In function 'main':
../Core/Src/main.c:269:17: warning: unused variable 'buf' [-Wunused-variable]
  269 |   unsigned char buf[30];
      |                 ^~~
../Core/Src/main.c:268:53: warning: unused variable 'cnt' [-Wunused-variable]
  268 |   unsigned int value, addr = FLASH_USER_START_ADDR, cnt = 0;
      |                                                     ^~~
../Core/Src/main.c:268:23: warning: unused variable 'addr' [-Wunused-variable]
  268 |   unsigned int value, addr = FLASH_USER_START_ADDR, cnt = 0;
      |                       ^~~~
../Core/Src/main.c:268:16: warning: unused variable 'value' [-Wunused-variable]
  268 |   unsigned int value, addr = FLASH_USER_START_ADDR, cnt = 0;
      |                ^~~~~
../Core/Src/main.c: In function 'HAL_RTC_AlarmAEventCallback':
../Core/Src/main.c:814:9: warning: incompatible implicit declaration of built-in function 'printf' [-Wbuiltin-declaration-mismatch]
  814 |         printf("RINGRINGRINGRING!!!!!!!!!!!!!!!!!!!!\r\n");
      |         ^~~~~~
../Core/Src/main.c:814:9: note: include '<stdio.h>' or provide a declaration of 'printf'
../Core/Src/main.c: In function 'HAL_GPIO_EXTI_Callback':
../Core/Src/main.c:824:17: warning: incompatible implicit declaration of built-in function 'printf' [-Wbuiltin-declaration-mismatch]
  824 |                 printf("time: %d", stime);
      |                 ^~~~~~
../Core/Src/main.c:824:17: note: include '<stdio.h>' or provide a declaration of 'printf'
../Core/Src/main.c: In function 'HAL_ADC_ConvCpltCallback':
../Core/Src/main.c:833:17: warning: incompatible implicit declaration of built-in function 'printf' [-Wbuiltin-declaration-mismatch]
  833 |                 printf("ADC1: %d", adc1_val);
      |                 ^~~~~~
../Core/Src/main.c:833:17: note: include '<stdio.h>' or provide a declaration of 'printf'
../Core/Src/main.c: In function 'HAL_UART_RxCpltCallback':
../Core/Src/main.c:845:25: warning: incompatible implicit declaration of built-in function 'printf' [-Wbuiltin-declaration-mismatch]
  845 |                         printf("\r\n send following data to BLE \r\n");
      |                         ^~~~~~
../Core/Src/main.c:845:25: note: include '<stdio.h>' or provide a declaration of 'printf'
../Core/Src/main.c:856:25: warning: incompatible implicit declaration of built-in function 'printf' [-Wbuiltin-declaration-mismatch]
  856 |                         printf("collecting: %c\r\n", (char)rx3Data);
      |                         ^~~~~~
../Core/Src/main.c:856:25: note: include '<stdio.h>' or provide a declaration of 'printf'
arm-none-eabi-gcc -o "STM_CLK.elf" @"objects.list"   -mcpu=cortex-m4 -T"C:\ST_CLK\STM_CLK\STM32F429ZITX_FLASH.ld" --specs=nosys.specs -Wl,-Map="STM_CLK.map" -Wl,--gc-sections -static --specs=nano.specs -mfpu=fpv4-sp-d16 -mfloat-abi=hard -mthumb -Wl,--start-group -lc -lm -Wl,--end-group
Finished building target: STM_CLK.elf
 
arm-none-eabi-size   STM_CLK.elf 
arm-none-eabi-objdump -h -S  STM_CLK.elf  > "STM_CLK.list"
arm-none-eabi-objcopy  -O ihex  STM_CLK.elf  "STM_CLK.hex"
arm-none-eabi-objcopy  -O binary  STM_CLK.elf  "STM_CLK.bin"
   text	   data	    bss	    dec	    hex	filename
  35036	    112	   4336	  39484	   9a3c	STM_CLK.elf
Finished building: default.size.stdout
 
Finished building: STM_CLK.hex
Finished building: STM_CLK.bin
 
 
Finished building: STM_CLK.list
 
14:18:57 **** Incremental Build of configuration Debug for project STM_CLK ****
make -j8 all 
arm-none-eabi-gcc "../Core/Src/main.c" -mcpu=cortex-m4 -std=gnu11 -g3 -DDEBUG -DUSE_HAL_DRIVER -DSTM32F429xx -c -I../Core/Inc -I../Drivers/STM32F4xx_HAL_Driver/Inc -I../Drivers/STM32F4xx_HAL_Driver/Inc/Legacy -I../Drivers/CMSIS/Device/ST/STM32F4xx/Include -I../Drivers/CMSIS/Include -O0 -ffunction-sections -fdata-sections -Wall -fstack-usage -fcyclomatic-complexity -MMD -MP -MF"Core/Src/main.d" -MT"Core/Src/main.o" --specs=nano.specs -mfpu=fpv4-sp-d16 -mfloat-abi=hard -mthumb -o "Core/Src/main.o"
../Core/Src/main.c: In function 'get_time':
../Core/Src/main.c:168:9: warning: implicit declaration of function 'sprintf' [-Wimplicit-function-declaration]
  168 |         sprintf((char*)showTime, "%s %02d:%02d:%02d",ampm[sTime.TimeFormat], sTime.Hours, sTime.Minutes, sTime.Seconds);
      |         ^~~~~~~
../Core/Src/main.c:27:1: note: include '<stdio.h>' or provide a declaration of 'sprintf'
   26 | #include "flash.h"
  +++ |+#include <stdio.h>
   27 | 
../Core/Src/main.c:168:9: warning: incompatible implicit declaration of built-in function 'sprintf' [-Wbuiltin-declaration-mismatch]
  168 |         sprintf((char*)showTime, "%s %02d:%02d:%02d",ampm[sTime.TimeFormat], sTime.Hours, sTime.Minutes, sTime.Seconds);
      |         ^~~~~~~
../Core/Src/main.c:168:9: note: include '<stdio.h>' or provide a declaration of 'sprintf'
../Core/Src/main.c:171:9: warning: implicit declaration of function 'printf' [-Wimplicit-function-declaration]
  171 |         printf("%s %s\r\n", showTime, showDate);
      |         ^~~~~~
../Core/Src/main.c:171:9: note: include '<stdio.h>' or provide a declaration of 'printf'
../Core/Src/main.c:171:9: warning: incompatible implicit declaration of built-in function 'printf' [-Wbuiltin-declaration-mismatch]
../Core/Src/main.c:171:9: note: include '<stdio.h>' or provide a declaration of 'printf'
../Core/Src/main.c: In function 'readFlash':
../Core/Src/main.c:188:9: warning: incompatible implicit declaration of built-in function 'printf' [-Wbuiltin-declaration-mismatch]
  188 |         printf("addr[0x%08x] = %08x\r\n", StartADDR, value);
      |         ^~~~~~
../Core/Src/main.c:188:9: note: include '<stdio.h>' or provide a declaration of 'printf'
../Core/Src/main.c:188:27: warning: format '%x' expects argument of type 'unsigned int', but argument 2 has type 'uint32_t' {aka 'long unsigned int'} [-Wformat=]
  188 |         printf("addr[0x%08x] = %08x\r\n", StartADDR, value);
      |                        ~~~^               ~~~~~~~~~
      |                           |               |
      |                           unsigned int    uint32_t {aka long unsigned int}
      |                        %08lx
../Core/Src/main.c: In function 'eraseFlash':
../Core/Src/main.c:207:25: warning: incompatible implicit declaration of built-in function 'printf' [-Wbuiltin-declaration-mismatch]
  207 |                         printf("Changed: ");
      |                         ^~~~~~
../Core/Src/main.c:207:25: note: include '<stdio.h>' or provide a declaration of 'printf'
../Core/Src/main.c:213:25: warning: incompatible implicit declaration of built-in function 'printf' [-Wbuiltin-declaration-mismatch]
  213 |                         printf("error occurred");
      |                         ^~~~~~
../Core/Src/main.c:213:25: note: include '<stdio.h>' or provide a declaration of 'printf'
../Core/Src/main.c: In function 'main':
../Core/Src/main.c:269:17: warning: unused variable 'buf' [-Wunused-variable]
  269 |   unsigned char buf[30];
      |                 ^~~
../Core/Src/main.c:268:53: warning: unused variable 'cnt' [-Wunused-variable]
  268 |   unsigned int value, addr = FLASH_USER_START_ADDR, cnt = 0;
      |                                                     ^~~
../Core/Src/main.c:268:23: warning: unused variable 'addr' [-Wunused-variable]
  268 |   unsigned int value, addr = FLASH_USER_START_ADDR, cnt = 0;
      |                       ^~~~
../Core/Src/main.c:268:16: warning: unused variable 'value' [-Wunused-variable]
  268 |   unsigned int value, addr = FLASH_USER_START_ADDR, cnt = 0;
      |                ^~~~~
../Core/Src/main.c: In function 'HAL_RTC_AlarmAEventCallback':
../Core/Src/main.c:814:9: warning: incompatible implicit declaration of built-in function 'printf' [-Wbuiltin-declaration-mismatch]
  814 |         printf("RINGRINGRINGRING!!!!!!!!!!!!!!!!!!!!\r\n");
      |         ^~~~~~
../Core/Src/main.c:814:9: note: include '<stdio.h>' or provide a declaration of 'printf'
../Core/Src/main.c: In function 'HAL_GPIO_EXTI_Callback':
../Core/Src/main.c:825:17: warning: incompatible implicit declaration of built-in function 'sprintf' [-Wbuiltin-declaration-mismatch]
  825 |                 sprintf(buf, "ctime = %d\r\n", stime);
      |                 ^~~~~~~
../Core/Src/main.c:825:17: note: include '<stdio.h>' or provide a declaration of 'sprintf'
../Core/Src/main.c:825:25: warning: pointer targets in passing argument 1 of 'sprintf' differ in signedness [-Wpointer-sign]
  825 |                 sprintf(buf, "ctime = %d\r\n", stime);
      |                         ^~~
      |                         |
      |                         unsigned char *
../Core/Src/main.c:825:25: note: expected 'char *' but argument is of type 'unsigned char *'
../Core/Src/main.c: In function 'HAL_ADC_ConvCpltCallback':
../Core/Src/main.c:835:17: warning: incompatible implicit declaration of built-in function 'printf' [-Wbuiltin-declaration-mismatch]
  835 |                 printf("ADC1: %d", adc1_val);
      |                 ^~~~~~
../Core/Src/main.c:835:17: note: include '<stdio.h>' or provide a declaration of 'printf'
../Core/Src/main.c: In function 'HAL_UART_RxCpltCallback':
../Core/Src/main.c:847:25: warning: incompatible implicit declaration of built-in function 'printf' [-Wbuiltin-declaration-mismatch]
  847 |                         printf("\r\n send following data to BLE \r\n");
      |                         ^~~~~~
../Core/Src/main.c:847:25: note: include '<stdio.h>' or provide a declaration of 'printf'
../Core/Src/main.c:858:25: warning: incompatible implicit declaration of built-in function 'printf' [-Wbuiltin-declaration-mismatch]
  858 |                         printf("collecting: %c\r\n", (char)rx3Data);
      |                         ^~~~~~
../Core/Src/main.c:858:25: note: include '<stdio.h>' or provide a declaration of 'printf'
arm-none-eabi-gcc -o "STM_CLK.elf" @"objects.list"   -mcpu=cortex-m4 -T"C:\ST_CLK\STM_CLK\STM32F429ZITX_FLASH.ld" --specs=nosys.specs -Wl,-Map="STM_CLK.map" -Wl,--gc-sections -static --specs=nano.specs -mfpu=fpv4-sp-d16 -mfloat-abi=hard -mthumb -Wl,--start-group -lc -lm -Wl,--end-group
Finished building target: STM_CLK.elf
 
arm-none-eabi-size   STM_CLK.elf 
arm-none-eabi-objdump -h -S  STM_CLK.elf  > "STM_CLK.list"
arm-none-eabi-objcopy  -O ihex  STM_CLK.elf  "STM_CLK.hex"
arm-none-eabi-objcopy  -O binary  STM_CLK.elf  "STM_CLK.bin"
   text	   data	    bss	    dec	    hex	filename
  35272	    112	   4368	  39752	   9b48	STM_CLK.elf
Finished building: default.size.stdout
 
Finished building: STM_CLK.hex
Finished building: STM_CLK.bin
 
 
Finished building: STM_CLK.list
 
14:20:07 **** Incremental Build of configuration Debug for project STM_CLK ****
make -j8 all 
arm-none-eabi-gcc "../Core/Src/main.c" -mcpu=cortex-m4 -std=gnu11 -g3 -DDEBUG -DUSE_HAL_DRIVER -DSTM32F429xx -c -I../Core/Inc -I../Drivers/STM32F4xx_HAL_Driver/Inc -I../Drivers/STM32F4xx_HAL_Driver/Inc/Legacy -I../Drivers/CMSIS/Device/ST/STM32F4xx/Include -I../Drivers/CMSIS/Include -O0 -ffunction-sections -fdata-sections -Wall -fstack-usage -fcyclomatic-complexity -MMD -MP -MF"Core/Src/main.d" -MT"Core/Src/main.o" --specs=nano.specs -mfpu=fpv4-sp-d16 -mfloat-abi=hard -mthumb -o "Core/Src/main.o"
../Core/Src/main.c: In function 'get_time':
../Core/Src/main.c:168:9: warning: implicit declaration of function 'sprintf' [-Wimplicit-function-declaration]
  168 |         sprintf((char*)showTime, "%s %02d:%02d:%02d",ampm[sTime.TimeFormat], sTime.Hours, sTime.Minutes, sTime.Seconds);
      |         ^~~~~~~
../Core/Src/main.c:27:1: note: include '<stdio.h>' or provide a declaration of 'sprintf'
   26 | #include "flash.h"
  +++ |+#include <stdio.h>
   27 | 
../Core/Src/main.c:168:9: warning: incompatible implicit declaration of built-in function 'sprintf' [-Wbuiltin-declaration-mismatch]
  168 |         sprintf((char*)showTime, "%s %02d:%02d:%02d",ampm[sTime.TimeFormat], sTime.Hours, sTime.Minutes, sTime.Seconds);
      |         ^~~~~~~
../Core/Src/main.c:168:9: note: include '<stdio.h>' or provide a declaration of 'sprintf'
../Core/Src/main.c:171:9: warning: implicit declaration of function 'printf' [-Wimplicit-function-declaration]
  171 |         printf("%s %s\r\n", showTime, showDate);
      |         ^~~~~~
../Core/Src/main.c:171:9: note: include '<stdio.h>' or provide a declaration of 'printf'
../Core/Src/main.c:171:9: warning: incompatible implicit declaration of built-in function 'printf' [-Wbuiltin-declaration-mismatch]
../Core/Src/main.c:171:9: note: include '<stdio.h>' or provide a declaration of 'printf'
../Core/Src/main.c: In function 'readFlash':
../Core/Src/main.c:188:9: warning: incompatible implicit declaration of built-in function 'printf' [-Wbuiltin-declaration-mismatch]
  188 |         printf("addr[0x%08x] = %08x\r\n", StartADDR, value);
      |         ^~~~~~
../Core/Src/main.c:188:9: note: include '<stdio.h>' or provide a declaration of 'printf'
../Core/Src/main.c:188:27: warning: format '%x' expects argument of type 'unsigned int', but argument 2 has type 'uint32_t' {aka 'long unsigned int'} [-Wformat=]
  188 |         printf("addr[0x%08x] = %08x\r\n", StartADDR, value);
      |                        ~~~^               ~~~~~~~~~
      |                           |               |
      |                           unsigned int    uint32_t {aka long unsigned int}
      |                        %08lx
../Core/Src/main.c: In function 'eraseFlash':
../Core/Src/main.c:207:25: warning: incompatible implicit declaration of built-in function 'printf' [-Wbuiltin-declaration-mismatch]
  207 |                         printf("Changed: ");
      |                         ^~~~~~
../Core/Src/main.c:207:25: note: include '<stdio.h>' or provide a declaration of 'printf'
../Core/Src/main.c:213:25: warning: incompatible implicit declaration of built-in function 'printf' [-Wbuiltin-declaration-mismatch]
  213 |                         printf("error occurred");
      |                         ^~~~~~
../Core/Src/main.c:213:25: note: include '<stdio.h>' or provide a declaration of 'printf'
../Core/Src/main.c: In function 'main':
../Core/Src/main.c:269:17: warning: unused variable 'buf' [-Wunused-variable]
  269 |   unsigned char buf[30];
      |                 ^~~
../Core/Src/main.c:268:53: warning: unused variable 'cnt' [-Wunused-variable]
  268 |   unsigned int value, addr = FLASH_USER_START_ADDR, cnt = 0;
      |                                                     ^~~
../Core/Src/main.c:268:23: warning: unused variable 'addr' [-Wunused-variable]
  268 |   unsigned int value, addr = FLASH_USER_START_ADDR, cnt = 0;
      |                       ^~~~
../Core/Src/main.c:268:16: warning: unused variable 'value' [-Wunused-variable]
  268 |   unsigned int value, addr = FLASH_USER_START_ADDR, cnt = 0;
      |                ^~~~~
../Core/Src/main.c: In function 'HAL_RTC_AlarmAEventCallback':
../Core/Src/main.c:814:9: warning: incompatible implicit declaration of built-in function 'printf' [-Wbuiltin-declaration-mismatch]
  814 |         printf("RINGRINGRINGRING!!!!!!!!!!!!!!!!!!!!\r\n");
      |         ^~~~~~
../Core/Src/main.c:814:9: note: include '<stdio.h>' or provide a declaration of 'printf'
../Core/Src/main.c: In function 'HAL_GPIO_EXTI_Callback':
../Core/Src/main.c:824:28: error: 'ctime' undeclared (first use in this function); did you mean 'etime'?
  824 |                 interval = ctime - ltime;
      |                            ^~~~~
      |                            etime
../Core/Src/main.c:824:28: note: each undeclared identifier is reported only once for each function it appears in
../Core/Src/main.c:824:36: error: 'ltime' undeclared (first use in this function); did you mean 'etime'?
  824 |                 interval = ctime - ltime;
      |                                    ^~~~~
      |                                    etime
../Core/Src/main.c:828:17: warning: incompatible implicit declaration of built-in function 'sprintf' [-Wbuiltin-declaration-mismatch]
  828 |                 sprintf(buf, "ctime = %d\r\n", stime);
      |                 ^~~~~~~
../Core/Src/main.c:828:17: note: include '<stdio.h>' or provide a declaration of 'sprintf'
../Core/Src/main.c:828:25: warning: pointer targets in passing argument 1 of 'sprintf' differ in signedness [-Wpointer-sign]
  828 |                 sprintf(buf, "ctime = %d\r\n", stime);
      |                         ^~~
      |                         |
      |                         unsigned char *
../Core/Src/main.c:828:25: note: expected 'char *' but argument is of type 'unsigned char *'
../Core/Src/main.c: In function 'HAL_ADC_ConvCpltCallback':
../Core/Src/main.c:838:17: warning: incompatible implicit declaration of built-in function 'printf' [-Wbuiltin-declaration-mismatch]
  838 |                 printf("ADC1: %d", adc1_val);
      |                 ^~~~~~
../Core/Src/main.c:838:17: note: include '<stdio.h>' or provide a declaration of 'printf'
../Core/Src/main.c: In function 'HAL_UART_RxCpltCallback':
../Core/Src/main.c:850:25: warning: incompatible implicit declaration of built-in function 'printf' [-Wbuiltin-declaration-mismatch]
  850 |                         printf("\r\n send following data to BLE \r\n");
      |                         ^~~~~~
../Core/Src/main.c:850:25: note: include '<stdio.h>' or provide a declaration of 'printf'
../Core/Src/main.c:861:25: warning: incompatible implicit declaration of built-in function 'printf' [-Wbuiltin-declaration-mismatch]
  861 |                         printf("collecting: %c\r\n", (char)rx3Data);
      |                         ^~~~~~
../Core/Src/main.c:861:25: note: include '<stdio.h>' or provide a declaration of 'printf'
make: *** [Core/Src/subdir.mk:40: Core/Src/main.o] Error 1
"make -j8 all" terminated with exit code 2. Build might be incomplete.
14:20:16 **** Incremental Build of configuration Debug for project STM_CLK ****
make -j8 all 
arm-none-eabi-gcc "../Core/Src/main.c" -mcpu=cortex-m4 -std=gnu11 -g3 -DDEBUG -DUSE_HAL_DRIVER -DSTM32F429xx -c -I../Core/Inc -I../Drivers/STM32F4xx_HAL_Driver/Inc -I../Drivers/STM32F4xx_HAL_Driver/Inc/Legacy -I../Drivers/CMSIS/Device/ST/STM32F4xx/Include -I../Drivers/CMSIS/Include -O0 -ffunction-sections -fdata-sections -Wall -fstack-usage -fcyclomatic-complexity -MMD -MP -MF"Core/Src/main.d" -MT"Core/Src/main.o" --specs=nano.specs -mfpu=fpv4-sp-d16 -mfloat-abi=hard -mthumb -o "Core/Src/main.o"
../Core/Src/main.c: In function 'get_time':
../Core/Src/main.c:168:9: warning: implicit declaration of function 'sprintf' [-Wimplicit-function-declaration]
  168 |         sprintf((char*)showTime, "%s %02d:%02d:%02d",ampm[sTime.TimeFormat], sTime.Hours, sTime.Minutes, sTime.Seconds);
      |         ^~~~~~~
../Core/Src/main.c:27:1: note: include '<stdio.h>' or provide a declaration of 'sprintf'
   26 | #include "flash.h"
  +++ |+#include <stdio.h>
   27 | 
../Core/Src/main.c:168:9: warning: incompatible implicit declaration of built-in function 'sprintf' [-Wbuiltin-declaration-mismatch]
  168 |         sprintf((char*)showTime, "%s %02d:%02d:%02d",ampm[sTime.TimeFormat], sTime.Hours, sTime.Minutes, sTime.Seconds);
      |         ^~~~~~~
../Core/Src/main.c:168:9: note: include '<stdio.h>' or provide a declaration of 'sprintf'
../Core/Src/main.c:171:9: warning: implicit declaration of function 'printf' [-Wimplicit-function-declaration]
  171 |         printf("%s %s\r\n", showTime, showDate);
      |         ^~~~~~
../Core/Src/main.c:171:9: note: include '<stdio.h>' or provide a declaration of 'printf'
../Core/Src/main.c:171:9: warning: incompatible implicit declaration of built-in function 'printf' [-Wbuiltin-declaration-mismatch]
../Core/Src/main.c:171:9: note: include '<stdio.h>' or provide a declaration of 'printf'
../Core/Src/main.c: In function 'readFlash':
../Core/Src/main.c:188:9: warning: incompatible implicit declaration of built-in function 'printf' [-Wbuiltin-declaration-mismatch]
  188 |         printf("addr[0x%08x] = %08x\r\n", StartADDR, value);
      |         ^~~~~~
../Core/Src/main.c:188:9: note: include '<stdio.h>' or provide a declaration of 'printf'
../Core/Src/main.c:188:27: warning: format '%x' expects argument of type 'unsigned int', but argument 2 has type 'uint32_t' {aka 'long unsigned int'} [-Wformat=]
  188 |         printf("addr[0x%08x] = %08x\r\n", StartADDR, value);
      |                        ~~~^               ~~~~~~~~~
      |                           |               |
      |                           unsigned int    uint32_t {aka long unsigned int}
      |                        %08lx
../Core/Src/main.c: In function 'eraseFlash':
../Core/Src/main.c:207:25: warning: incompatible implicit declaration of built-in function 'printf' [-Wbuiltin-declaration-mismatch]
  207 |                         printf("Changed: ");
      |                         ^~~~~~
../Core/Src/main.c:207:25: note: include '<stdio.h>' or provide a declaration of 'printf'
../Core/Src/main.c:213:25: warning: incompatible implicit declaration of built-in function 'printf' [-Wbuiltin-declaration-mismatch]
  213 |                         printf("error occurred");
      |                         ^~~~~~
../Core/Src/main.c:213:25: note: include '<stdio.h>' or provide a declaration of 'printf'
../Core/Src/main.c: In function 'main':
../Core/Src/main.c:269:17: warning: unused variable 'buf' [-Wunused-variable]
  269 |   unsigned char buf[30];
      |                 ^~~
../Core/Src/main.c:268:53: warning: unused variable 'cnt' [-Wunused-variable]
  268 |   unsigned int value, addr = FLASH_USER_START_ADDR, cnt = 0;
      |                                                     ^~~
../Core/Src/main.c:268:23: warning: unused variable 'addr' [-Wunused-variable]
  268 |   unsigned int value, addr = FLASH_USER_START_ADDR, cnt = 0;
      |                       ^~~~
../Core/Src/main.c:268:16: warning: unused variable 'value' [-Wunused-variable]
  268 |   unsigned int value, addr = FLASH_USER_START_ADDR, cnt = 0;
      |                ^~~~~
../Core/Src/main.c: In function 'HAL_RTC_AlarmAEventCallback':
../Core/Src/main.c:814:9: warning: incompatible implicit declaration of built-in function 'printf' [-Wbuiltin-declaration-mismatch]
  814 |         printf("RINGRINGRINGRING!!!!!!!!!!!!!!!!!!!!\r\n");
      |         ^~~~~~
../Core/Src/main.c:814:9: note: include '<stdio.h>' or provide a declaration of 'printf'
../Core/Src/main.c: In function 'HAL_GPIO_EXTI_Callback':
../Core/Src/main.c:824:36: error: 'ltime' undeclared (first use in this function); did you mean 'etime'?
  824 |                 interval = stime - ltime;
      |                                    ^~~~~
      |                                    etime
../Core/Src/main.c:824:36: note: each undeclared identifier is reported only once for each function it appears in
../Core/Src/main.c:828:17: warning: incompatible implicit declaration of built-in function 'sprintf' [-Wbuiltin-declaration-mismatch]
  828 |                 sprintf(buf, "stime = %d\r\n", stime);
      |                 ^~~~~~~
../Core/Src/main.c:828:17: note: include '<stdio.h>' or provide a declaration of 'sprintf'
../Core/Src/main.c:828:25: warning: pointer targets in passing argument 1 of 'sprintf' differ in signedness [-Wpointer-sign]
  828 |                 sprintf(buf, "stime = %d\r\n", stime);
      |                         ^~~
      |                         |
      |                         unsigned char *
../Core/Src/main.c:828:25: note: expected 'char *' but argument is of type 'unsigned char *'
../Core/Src/main.c: In function 'HAL_ADC_ConvCpltCallback':
../Core/Src/main.c:838:17: warning: incompatible implicit declaration of built-in function 'printf' [-Wbuiltin-declaration-mismatch]
  838 |                 printf("ADC1: %d", adc1_val);
      |                 ^~~~~~
../Core/Src/main.c:838:17: note: include '<stdio.h>' or provide a declaration of 'printf'
../Core/Src/main.c: In function 'HAL_UART_RxCpltCallback':
../Core/Src/main.c:850:25: warning: incompatible implicit declaration of built-in function 'printf' [-Wbuiltin-declaration-mismatch]
  850 |                         printf("\r\n send following data to BLE \r\n");
      |                         ^~~~~~
../Core/Src/main.c:850:25: note: include '<stdio.h>' or provide a declaration of 'printf'
../Core/Src/main.c:861:25: warning: incompatible implicit declaration of built-in function 'printf' [-Wbuiltin-declaration-mismatch]
  861 |                         printf("collecting: %c\r\n", (char)rx3Data);
      |                         ^~~~~~
../Core/Src/main.c:861:25: note: include '<stdio.h>' or provide a declaration of 'printf'
make: *** [Core/Src/subdir.mk:40: Core/Src/main.o] Error 1
"make -j8 all" terminated with exit code 2. Build might be incomplete.
14:20:27 **** Incremental Build of configuration Debug for project STM_CLK ****
make -j8 all 
arm-none-eabi-gcc "../Core/Src/main.c" -mcpu=cortex-m4 -std=gnu11 -g3 -DDEBUG -DUSE_HAL_DRIVER -DSTM32F429xx -c -I../Core/Inc -I../Drivers/STM32F4xx_HAL_Driver/Inc -I../Drivers/STM32F4xx_HAL_Driver/Inc/Legacy -I../Drivers/CMSIS/Device/ST/STM32F4xx/Include -I../Drivers/CMSIS/Include -O0 -ffunction-sections -fdata-sections -Wall -fstack-usage -fcyclomatic-complexity -MMD -MP -MF"Core/Src/main.d" -MT"Core/Src/main.o" --specs=nano.specs -mfpu=fpv4-sp-d16 -mfloat-abi=hard -mthumb -o "Core/Src/main.o"
../Core/Src/main.c: In function 'get_time':
../Core/Src/main.c:168:9: warning: implicit declaration of function 'sprintf' [-Wimplicit-function-declaration]
  168 |         sprintf((char*)showTime, "%s %02d:%02d:%02d",ampm[sTime.TimeFormat], sTime.Hours, sTime.Minutes, sTime.Seconds);
      |         ^~~~~~~
../Core/Src/main.c:27:1: note: include '<stdio.h>' or provide a declaration of 'sprintf'
   26 | #include "flash.h"
  +++ |+#include <stdio.h>
   27 | 
../Core/Src/main.c:168:9: warning: incompatible implicit declaration of built-in function 'sprintf' [-Wbuiltin-declaration-mismatch]
  168 |         sprintf((char*)showTime, "%s %02d:%02d:%02d",ampm[sTime.TimeFormat], sTime.Hours, sTime.Minutes, sTime.Seconds);
      |         ^~~~~~~
../Core/Src/main.c:168:9: note: include '<stdio.h>' or provide a declaration of 'sprintf'
../Core/Src/main.c:171:9: warning: implicit declaration of function 'printf' [-Wimplicit-function-declaration]
  171 |         printf("%s %s\r\n", showTime, showDate);
      |         ^~~~~~
../Core/Src/main.c:171:9: note: include '<stdio.h>' or provide a declaration of 'printf'
../Core/Src/main.c:171:9: warning: incompatible implicit declaration of built-in function 'printf' [-Wbuiltin-declaration-mismatch]
../Core/Src/main.c:171:9: note: include '<stdio.h>' or provide a declaration of 'printf'
../Core/Src/main.c: In function 'readFlash':
../Core/Src/main.c:188:9: warning: incompatible implicit declaration of built-in function 'printf' [-Wbuiltin-declaration-mismatch]
  188 |         printf("addr[0x%08x] = %08x\r\n", StartADDR, value);
      |         ^~~~~~
../Core/Src/main.c:188:9: note: include '<stdio.h>' or provide a declaration of 'printf'
../Core/Src/main.c:188:27: warning: format '%x' expects argument of type 'unsigned int', but argument 2 has type 'uint32_t' {aka 'long unsigned int'} [-Wformat=]
  188 |         printf("addr[0x%08x] = %08x\r\n", StartADDR, value);
      |                        ~~~^               ~~~~~~~~~
      |                           |               |
      |                           unsigned int    uint32_t {aka long unsigned int}
      |                        %08lx
../Core/Src/main.c: In function 'eraseFlash':
../Core/Src/main.c:207:25: warning: incompatible implicit declaration of built-in function 'printf' [-Wbuiltin-declaration-mismatch]
  207 |                         printf("Changed: ");
      |                         ^~~~~~
../Core/Src/main.c:207:25: note: include '<stdio.h>' or provide a declaration of 'printf'
../Core/Src/main.c:213:25: warning: incompatible implicit declaration of built-in function 'printf' [-Wbuiltin-declaration-mismatch]
  213 |                         printf("error occurred");
      |                         ^~~~~~
../Core/Src/main.c:213:25: note: include '<stdio.h>' or provide a declaration of 'printf'
../Core/Src/main.c: In function 'main':
../Core/Src/main.c:269:17: warning: unused variable 'buf' [-Wunused-variable]
  269 |   unsigned char buf[30];
      |                 ^~~
../Core/Src/main.c:268:53: warning: unused variable 'cnt' [-Wunused-variable]
  268 |   unsigned int value, addr = FLASH_USER_START_ADDR, cnt = 0;
      |                                                     ^~~
../Core/Src/main.c:268:23: warning: unused variable 'addr' [-Wunused-variable]
  268 |   unsigned int value, addr = FLASH_USER_START_ADDR, cnt = 0;
      |                       ^~~~
../Core/Src/main.c:268:16: warning: unused variable 'value' [-Wunused-variable]
  268 |   unsigned int value, addr = FLASH_USER_START_ADDR, cnt = 0;
      |                ^~~~~
../Core/Src/main.c: In function 'HAL_RTC_AlarmAEventCallback':
../Core/Src/main.c:814:9: warning: incompatible implicit declaration of built-in function 'printf' [-Wbuiltin-declaration-mismatch]
  814 |         printf("RINGRINGRINGRING!!!!!!!!!!!!!!!!!!!!\r\n");
      |         ^~~~~~
../Core/Src/main.c:814:9: note: include '<stdio.h>' or provide a declaration of 'printf'
../Core/Src/main.c: In function 'HAL_GPIO_EXTI_Callback':
../Core/Src/main.c:828:17: warning: incompatible implicit declaration of built-in function 'sprintf' [-Wbuiltin-declaration-mismatch]
  828 |                 sprintf(buf, "stime = %d\r\n", stime);
      |                 ^~~~~~~
../Core/Src/main.c:828:17: note: include '<stdio.h>' or provide a declaration of 'sprintf'
../Core/Src/main.c:828:25: warning: pointer targets in passing argument 1 of 'sprintf' differ in signedness [-Wpointer-sign]
  828 |                 sprintf(buf, "stime = %d\r\n", stime);
      |                         ^~~
      |                         |
      |                         unsigned char *
../Core/Src/main.c:828:25: note: expected 'char *' but argument is of type 'unsigned char *'
../Core/Src/main.c: In function 'HAL_ADC_ConvCpltCallback':
../Core/Src/main.c:838:17: warning: incompatible implicit declaration of built-in function 'printf' [-Wbuiltin-declaration-mismatch]
  838 |                 printf("ADC1: %d", adc1_val);
      |                 ^~~~~~
../Core/Src/main.c:838:17: note: include '<stdio.h>' or provide a declaration of 'printf'
../Core/Src/main.c: In function 'HAL_UART_RxCpltCallback':
../Core/Src/main.c:850:25: warning: incompatible implicit declaration of built-in function 'printf' [-Wbuiltin-declaration-mismatch]
  850 |                         printf("\r\n send following data to BLE \r\n");
      |                         ^~~~~~
../Core/Src/main.c:850:25: note: include '<stdio.h>' or provide a declaration of 'printf'
../Core/Src/main.c:861:25: warning: incompatible implicit declaration of built-in function 'printf' [-Wbuiltin-declaration-mismatch]
  861 |                         printf("collecting: %c\r\n", (char)rx3Data);
      |                         ^~~~~~
../Core/Src/main.c:861:25: note: include '<stdio.h>' or provide a declaration of 'printf'
arm-none-eabi-gcc -o "STM_CLK.elf" @"objects.list"   -mcpu=cortex-m4 -T"C:\ST_CLK\STM_CLK\STM32F429ZITX_FLASH.ld" --specs=nosys.specs -Wl,-Map="STM_CLK.map" -Wl,--gc-sections -static --specs=nano.specs -mfpu=fpv4-sp-d16 -mfloat-abi=hard -mthumb -Wl,--start-group -lc -lm -Wl,--end-group
Finished building target: STM_CLK.elf
 
arm-none-eabi-size   STM_CLK.elf 
arm-none-eabi-objdump -h -S  STM_CLK.elf  > "STM_CLK.list"
arm-none-eabi-objcopy  -O ihex  STM_CLK.elf  "STM_CLK.hex"
arm-none-eabi-objcopy  -O binary  STM_CLK.elf  "STM_CLK.bin"
   text	   data	    bss	    dec	    hex	filename
  35300	    112	   4376	  39788	   9b6c	STM_CLK.elf
[...]
  814 |         printf("RINGRINGRINGRING!!!!!!!!!!!!!!!!!!!!\r\n");
      |         ^~~~~~
../Core/Src/main.c:814:9: note: include '<stdio.h>' or provide a declaration of 'printf'
../Core/Src/main.c: In function 'HAL_GPIO_EXTI_Callback':
../Core/Src/main.c:833:44: error: 'GPIO_Pin_13' undeclared (first use in this function); did you mean 'GPIO_PIN_13'?
  833 |                 if(HAL_GPIO_ReadPin(GPIOC, GPIO_Pin_13))
      |                                            ^~~~~~~~~~~
      |                                            GPIO_PIN_13
../Core/Src/main.c:833:44: note: each undeclared identifier is reported only once for each function it appears in
../Core/Src/main.c:835:25: warning: incompatible implicit declaration of built-in function 'sprintf' [-Wbuiltin-declaration-mismatch]
  835 |                         sprintf(buf, "rising\r\n");
      |                         ^~~~~~~
../Core/Src/main.c:835:25: note: include '<stdio.h>' or provide a declaration of 'sprintf'
../Core/Src/main.c:835:33: warning: pointer targets in passing argument 1 of 'sprintf' differ in signedness [-Wpointer-sign]
  835 |                         sprintf(buf, "rising\r\n");
      |                                 ^~~
      |                                 |
      |                                 unsigned char *
../Core/Src/main.c:835:33: note: expected 'char *' but argument is of type 'unsigned char *'
../Core/Src/main.c:839:25: warning: incompatible implicit declaration of built-in function 'sprintf' [-Wbuiltin-declaration-mismatch]
  839 |                         sprintf(buf, "fallin\r\nstime = %d\r\ninterval = %d\r\netime = %d\r\n---------\r\n", stime, interval, etime);
      |                         ^~~~~~~
../Core/Src/main.c:839:25: note: include '<stdio.h>' or provide a declaration of 'sprintf'
../Core/Src/main.c:839:33: warning: pointer targets in passing argument 1 of 'sprintf' differ in signedness [-Wpointer-sign]
  839 |                         sprintf(buf, "fallin\r\nstime = %d\r\ninterval = %d\r\netime = %d\r\n---------\r\n", stime, interval, etime);
      |                                 ^~~
      |                                 |
      |                                 unsigned char *
../Core/Src/main.c:839:33: note: expected 'char *' but argument is of type 'unsigned char *'
../Core/Src/main.c: In function 'HAL_ADC_ConvCpltCallback':
../Core/Src/main.c:851:17: warning: incompatible implicit declaration of built-in function 'printf' [-Wbuiltin-declaration-mismatch]
  851 |                 printf("ADC1: %d", adc1_val);
      |                 ^~~~~~
../Core/Src/main.c:851:17: note: include '<stdio.h>' or provide a declaration of 'printf'
../Core/Src/main.c: In function 'HAL_UART_RxCpltCallback':
../Core/Src/main.c:863:25: warning: incompatible implicit declaration of built-in function 'printf' [-Wbuiltin-declaration-mismatch]
  863 |                         printf("\r\n send following data to BLE \r\n");
      |                         ^~~~~~
../Core/Src/main.c:863:25: note: include '<stdio.h>' or provide a declaration of 'printf'
../Core/Src/main.c:874:25: warning: incompatible implicit declaration of built-in function 'printf' [-Wbuiltin-declaration-mismatch]
  874 |                         printf("collecting: %c\r\n", (char)rx3Data);
      |                         ^~~~~~
../Core/Src/main.c:874:25: note: include '<stdio.h>' or provide a declaration of 'printf'
make: *** [Core/Src/subdir.mk:40: Core/Src/main.o] Error 1
"make -j8 all" terminated with exit code 2. Build might be incomplete.
15:19:53 **** Incremental Build of configuration Debug for project STM_CLK ****
make -j8 all 
arm-none-eabi-gcc "../Core/Src/main.c" -mcpu=cortex-m4 -std=gnu11 -g3 -DDEBUG -DUSE_HAL_DRIVER -DSTM32F429xx -c -I../Core/Inc -I../Drivers/STM32F4xx_HAL_Driver/Inc -I../Drivers/STM32F4xx_HAL_Driver/Inc/Legacy -I../Drivers/CMSIS/Device/ST/STM32F4xx/Include -I../Drivers/CMSIS/Include -O0 -ffunction-sections -fdata-sections -Wall -fstack-usage -fcyclomatic-complexity -MMD -MP -MF"Core/Src/main.d" -MT"Core/Src/main.o" --specs=nano.specs -mfpu=fpv4-sp-d16 -mfloat-abi=hard -mthumb -o "Core/Src/main.o"
../Core/Src/main.c: In function 'get_time':
../Core/Src/main.c:168:9: warning: implicit declaration of function 'sprintf' [-Wimplicit-function-declaration]
  168 |         sprintf((char*)showTime, "%s %02d:%02d:%02d",ampm[sTime.TimeFormat], sTime.Hours, sTime.Minutes, sTime.Seconds);
      |         ^~~~~~~
../Core/Src/main.c:27:1: note: include '<stdio.h>' or provide a declaration of 'sprintf'
   26 | #include "flash.h"
  +++ |+#include <stdio.h>
   27 | 
../Core/Src/main.c:168:9: warning: incompatible implicit declaration of built-in function 'sprintf' [-Wbuiltin-declaration-mismatch]
  168 |         sprintf((char*)showTime, "%s %02d:%02d:%02d",ampm[sTime.TimeFormat], sTime.Hours, sTime.Minutes, sTime.Seconds);
      |         ^~~~~~~
../Core/Src/main.c:168:9: note: include '<stdio.h>' or provide a declaration of 'sprintf'
../Core/Src/main.c:171:9: warning: implicit declaration of function 'printf' [-Wimplicit-function-declaration]
  171 |         printf("%s %s\r\n", showTime, showDate);
      |         ^~~~~~
../Core/Src/main.c:171:9: note: include '<stdio.h>' or provide a declaration of 'printf'
../Core/Src/main.c:171:9: warning: incompatible implicit declaration of built-in function 'printf' [-Wbuiltin-declaration-mismatch]
../Core/Src/main.c:171:9: note: include '<stdio.h>' or provide a declaration of 'printf'
../Core/Src/main.c: In function 'readFlash':
../Core/Src/main.c:188:9: warning: incompatible implicit declaration of built-in function 'printf' [-Wbuiltin-declaration-mismatch]
  188 |         printf("addr[0x%08x] = %08x\r\n", StartADDR, value);
      |         ^~~~~~
../Core/Src/main.c:188:9: note: include '<stdio.h>' or provide a declaration of 'printf'
../Core/Src/main.c:188:27: warning: format '%x' expects argument of type 'unsigned int', but argument 2 has type 'uint32_t' {aka 'long unsigned int'} [-Wformat=]
  188 |         printf("addr[0x%08x] = %08x\r\n", StartADDR, value);
      |                        ~~~^               ~~~~~~~~~
      |                           |               |
      |                           unsigned int    uint32_t {aka long unsigned int}
      |                        %08lx
../Core/Src/main.c: In function 'eraseFlash':
../Core/Src/main.c:207:25: warning: incompatible implicit declaration of built-in function 'printf' [-Wbuiltin-declaration-mismatch]
  207 |                         printf("Changed: ");
      |                         ^~~~~~
../Core/Src/main.c:207:25: note: include '<stdio.h>' or provide a declaration of 'printf'
../Core/Src/main.c:213:25: warning: incompatible implicit declaration of built-in function 'printf' [-Wbuiltin-declaration-mismatch]
  213 |                         printf("error occurred");
      |                         ^~~~~~
../Core/Src/main.c:213:25: note: include '<stdio.h>' or provide a declaration of 'printf'
../Core/Src/main.c: In function 'main':
../Core/Src/main.c:269:17: warning: unused variable 'buf' [-Wunused-variable]
  269 |   unsigned char buf[30];
      |                 ^~~
../Core/Src/main.c:268:53: warning: unused variable 'cnt' [-Wunused-variable]
  268 |   unsigned int value, addr = FLASH_USER_START_ADDR, cnt = 0;
      |                                                     ^~~
../Core/Src/main.c:268:23: warning: unused variable 'addr' [-Wunused-variable]
  268 |   unsigned int value, addr = FLASH_USER_START_ADDR, cnt = 0;
      |                       ^~~~
../Core/Src/main.c:268:16: warning: unused variable 'value' [-Wunused-variable]
  268 |   unsigned int value, addr = FLASH_USER_START_ADDR, cnt = 0;
      |                ^~~~~
../Core/Src/main.c: In function 'HAL_RTC_AlarmAEventCallback':
../Core/Src/main.c:814:9: warning: incompatible implicit declaration of built-in function 'printf' [-Wbuiltin-declaration-mismatch]
  814 |         printf("RINGRINGRINGRING!!!!!!!!!!!!!!!!!!!!\r\n");
      |         ^~~~~~
../Core/Src/main.c:814:9: note: include '<stdio.h>' or provide a declaration of 'printf'
../Core/Src/main.c: In function 'HAL_GPIO_EXTI_Callback':
../Core/Src/main.c:835:25: warning: incompatible implicit declaration of built-in function 'sprintf' [-Wbuiltin-declaration-mismatch]
  835 |                         sprintf(buf, "rising\r\n");
      |                         ^~~~~~~
../Core/Src/main.c:835:25: note: include '<stdio.h>' or provide a declaration of 'sprintf'
../Core/Src/main.c:835:33: warning: pointer targets in passing argument 1 of 'sprintf' differ in signedness [-Wpointer-sign]
  835 |                         sprintf(buf, "rising\r\n");
      |                                 ^~~
      |                                 |
      |                                 unsigned char *
../Core/Src/main.c:835:33: note: expected 'char *' but argument is of type 'unsigned char *'
../Core/Src/main.c:839:25: warning: incompatible implicit declaration of built-in function 'sprintf' [-Wbuiltin-declaration-mismatch]
  839 |                         sprintf(buf, "fallin\r\nstime = %d\r\ninterval = %d\r\netime = %d\r\n---------\r\n", stime, interval, etime);
      |                         ^~~~~~~
../Core/Src/main.c:839:25: note: include '<stdio.h>' or provide a declaration of 'sprintf'
../Core/Src/main.c:839:33: warning: pointer targets in passing argument 1 of 'sprintf' differ in signedness [-Wpointer-sign]
  839 |                         sprintf(buf, "fallin\r\nstime = %d\r\ninterval = %d\r\netime = %d\r\n---------\r\n", stime, interval, etime);
      |                                 ^~~
      |                                 |
      |                                 unsigned char *
../Core/Src/main.c:839:33: note: expected 'char *' but argument is of type 'unsigned char *'
../Core/Src/main.c: In function 'HAL_ADC_ConvCpltCallback':
../Core/Src/main.c:851:17: warning: incompatible implicit declaration of built-in function 'printf' [-Wbuiltin-declaration-mismatch]
  851 |                 printf("ADC1: %d", adc1_val);
      |                 ^~~~~~
../Core/Src/main.c:851:17: note: include '<stdio.h>' or provide a declaration of 'printf'
../Core/Src/main.c: In function 'HAL_UART_RxCpltCallback':
../Core/Src/main.c:863:25: warning: incompatible implicit declaration of built-in function 'printf' [-Wbuiltin-declaration-mismatch]
  863 |                         printf("\r\n send following data to BLE \r\n");
      |                         ^~~~~~
../Core/Src/main.c:863:25: note: include '<stdio.h>' or provide a declaration of 'printf'
../Core/Src/main.c:874:25: warning: incompatible implicit declaration of built-in function 'printf' [-Wbuiltin-declaration-mismatch]
  874 |                         printf("collecting: %c\r\n", (char)rx3Data);
      |                         ^~~~~~
../Core/Src/main.c:874:25: note: include '<stdio.h>' or provide a declaration of 'printf'
arm-none-eabi-gcc -o "STM_CLK.elf" @"objects.list"   -mcpu=cortex-m4 -T"C:\ST_CLK\STM_CLK\STM32F429ZITX_FLASH.ld" --specs=nosys.specs -Wl,-Map="STM_CLK.map" -Wl,--gc-sections -static --specs=nano.specs -mfpu=fpv4-sp-d16 -mfloat-abi=hard -mthumb -Wl,--start-group -lc -lm -Wl,--end-group
Finished building target: STM_CLK.elf
 
arm-none-eabi-size   STM_CLK.elf 
arm-none-eabi-objdump -h -S  STM_CLK.elf  > "STM_CLK.list"
arm-none-eabi-objcopy  -O ihex  STM_CLK.elf  "STM_CLK.hex"
arm-none-eabi-objcopy  -O binary  STM_CLK.elf  "STM_CLK.bin"
   text	   data	    bss	    dec	    hex	filename
  35448	    112	   4408	  39968	   9c20	STM_CLK.elf
Finished building: default.size.stdout
 
Finished building: STM_CLK.hex
Finished building: STM_CLK.bin
 
 
Finished building: STM_CLK.list
 
15:20:50 **** Incremental Build of configuration Debug for project STM_CLK ****
make -j8 all 
arm-none-eabi-gcc "../Core/Src/main.c" -mcpu=cortex-m4 -std=gnu11 -g3 -DDEBUG -DUSE_HAL_DRIVER -DSTM32F429xx -c -I../Core/Inc -I../Drivers/STM32F4xx_HAL_Driver/Inc -I../Drivers/STM32F4xx_HAL_Driver/Inc/Legacy -I../Drivers/CMSIS/Device/ST/STM32F4xx/Include -I../Drivers/CMSIS/Include -O0 -ffunction-sections -fdata-sections -Wall -fstack-usage -fcyclomatic-complexity -MMD -MP -MF"Core/Src/main.d" -MT"Core/Src/main.o" --specs=nano.specs -mfpu=fpv4-sp-d16 -mfloat-abi=hard -mthumb -o "Core/Src/main.o"
../Core/Src/main.c: In function 'get_time':
../Core/Src/main.c:168:9: warning: implicit declaration of function 'sprintf' [-Wimplicit-function-declaration]
  168 |         sprintf((char*)showTime, "%s %02d:%02d:%02d",ampm[sTime.TimeFormat], sTime.Hours, sTime.Minutes, sTime.Seconds);
      |         ^~~~~~~
../Core/Src/main.c:27:1: note: include '<stdio.h>' or provide a declaration of 'sprintf'
   26 | #include "flash.h"
  +++ |+#include <stdio.h>
   27 | 
../Core/Src/main.c:168:9: warning: incompatible implicit declaration of built-in function 'sprintf' [-Wbuiltin-declaration-mismatch]
  168 |         sprintf((char*)showTime, "%s %02d:%02d:%02d",ampm[sTime.TimeFormat], sTime.Hours, sTime.Minutes, sTime.Seconds);
      |         ^~~~~~~
../Core/Src/main.c:168:9: note: include '<stdio.h>' or provide a declaration of 'sprintf'
../Core/Src/main.c:171:9: warning: implicit declaration of function 'printf' [-Wimplicit-function-declaration]
  171 |         printf("%s %s\r\n", showTime, showDate);
      |         ^~~~~~
../Core/Src/main.c:171:9: note: include '<stdio.h>' or provide a declaration of 'printf'
../Core/Src/main.c:171:9: warning: incompatible implicit declaration of built-in function 'printf' [-Wbuiltin-declaration-mismatch]
../Core/Src/main.c:171:9: note: include '<stdio.h>' or provide a declaration of 'printf'
../Core/Src/main.c: In function 'readFlash':
../Core/Src/main.c:188:9: warning: incompatible implicit declaration of built-in function 'printf' [-Wbuiltin-declaration-mismatch]
  188 |         printf("addr[0x%08x] = %08x\r\n", StartADDR, value);
      |         ^~~~~~
../Core/Src/main.c:188:9: note: include '<stdio.h>' or provide a declaration of 'printf'
../Core/Src/main.c:188:27: warning: format '%x' expects argument of type 'unsigned int', but argument 2 has type 'uint32_t' {aka 'long unsigned int'} [-Wformat=]
  188 |         printf("addr[0x%08x] = %08x\r\n", StartADDR, value);
      |                        ~~~^               ~~~~~~~~~
      |                           |               |
      |                           unsigned int    uint32_t {aka long unsigned int}
      |                        %08lx
../Core/Src/main.c: In function 'eraseFlash':
../Core/Src/main.c:207:25: warning: incompatible implicit declaration of built-in function 'printf' [-Wbuiltin-declaration-mismatch]
  207 |                         printf("Changed: ");
      |                         ^~~~~~
../Core/Src/main.c:207:25: note: include '<stdio.h>' or provide a declaration of 'printf'
../Core/Src/main.c:213:25: warning: incompatible implicit declaration of built-in function 'printf' [-Wbuiltin-declaration-mismatch]
  213 |                         printf("error occurred");
      |                         ^~~~~~
../Core/Src/main.c:213:25: note: include '<stdio.h>' or provide a declaration of 'printf'
../Core/Src/main.c: In function 'main':
../Core/Src/main.c:269:17: warning: unused variable 'buf' [-Wunused-variable]
  269 |   unsigned char buf[30];
      |                 ^~~
../Core/Src/main.c:268:53: warning: unused variable 'cnt' [-Wunused-variable]
  268 |   unsigned int value, addr = FLASH_USER_START_ADDR, cnt = 0;
      |                                                     ^~~
../Core/Src/main.c:268:23: warning: unused variable 'addr' [-Wunused-variable]
  268 |   unsigned int value, addr = FLASH_USER_START_ADDR, cnt = 0;
      |                       ^~~~
../Core/Src/main.c:268:16: warning: unused variable 'value' [-Wunused-variable]
  268 |   unsigned int value, addr = FLASH_USER_START_ADDR, cnt = 0;
      |                ^~~~~
../Core/Src/main.c: In function 'HAL_RTC_AlarmAEventCallback':
../Core/Src/main.c:814:9: warning: incompatible implicit declaration of built-in function 'printf' [-Wbuiltin-declaration-mismatch]
  814 |         printf("RINGRINGRINGRING!!!!!!!!!!!!!!!!!!!!\r\n");
      |         ^~~~~~
../Core/Src/main.c:814:9: note: include '<stdio.h>' or provide a declaration of 'printf'
../Core/Src/main.c: In function 'HAL_GPIO_EXTI_Callback':
../Core/Src/main.c:835:25: warning: incompatible implicit declaration of built-in function 'sprintf' [-Wbuiltin-declaration-mismatch]
  835 |                         sprintf(buf, "rising\r\n");
      |                         ^~~~~~~
../Core/Src/main.c:835:25: note: include '<stdio.h>' or provide a declaration of 'sprintf'
../Core/Src/main.c:835:33: warning: pointer targets in passing argument 1 of 'sprintf' differ in signedness [-Wpointer-sign]
  835 |                         sprintf(buf, "rising\r\n");
      |                                 ^~~
      |                                 |
      |                                 unsigned char *
../Core/Src/main.c:835:33: note: expected 'char *' but argument is of type 'unsigned char *'
../Core/Src/main.c:839:25: warning: incompatible implicit declaration of built-in function 'sprintf' [-Wbuiltin-declaration-mismatch]
  839 |                         sprintf(buf, "fallin\r\nstime = %d\r\ninterval = %d\r\netime = %d\r\n---------\r\n", stime, interval, etime);
      |                         ^~~~~~~
../Core/Src/main.c:839:25: note: include '<stdio.h>' or provide a declaration of 'sprintf'
../Core/Src/main.c:839:33: warning: pointer targets in passing argument 1 of 'sprintf' differ in signedness [-Wpointer-sign]
  839 |                         sprintf(buf, "fallin\r\nstime = %d\r\ninterval = %d\r\netime = %d\r\n---------\r\n", stime, interval, etime);
      |                                 ^~~
      |                                 |
      |                                 unsigned char *
../Core/Src/main.c:839:33: note: expected 'char *' but argument is of type 'unsigned char *'
../Core/Src/main.c: In function 'HAL_ADC_ConvCpltCallback':
../Core/Src/main.c:851:17: warning: incompatible implicit declaration of built-in function 'printf' [-Wbuiltin-declaration-mismatch]
  851 |                 printf("ADC1: %d", adc1_val);
      |                 ^~~~~~
../Core/Src/main.c:851:17: note: include '<stdio.h>' or provide a declaration of 'printf'
../Core/Src/main.c: In function 'HAL_UART_RxCpltCallback':
../Core/Src/main.c:863:25: warning: incompatible implicit declaration of built-in function 'printf' [-Wbuiltin-declaration-mismatch]
  863 |                         printf("\r\n send following data to BLE \r\n");
      |                         ^~~~~~
../Core/Src/main.c:863:25: note: include '<stdio.h>' or provide a declaration of 'printf'
../Core/Src/main.c:874:25: warning: incompatible implicit declaration of built-in function 'printf' [-Wbuiltin-declaration-mismatch]
  874 |                         printf("collecting: %c\r\n", (char)rx3Data);
      |                         ^~~~~~
../Core/Src/main.c:874:25: note: include '<stdio.h>' or provide a declaration of 'printf'
arm-none-eabi-gcc -o "STM_CLK.elf" @"objects.list"   -mcpu=cortex-m4 -T"C:\ST_CLK\STM_CLK\STM32F429ZITX_FLASH.ld" --specs=nosys.specs -Wl,-Map="STM_CLK.map" -Wl,--gc-sections -static --specs=nano.specs -mfpu=fpv4-sp-d16 -mfloat-abi=hard -mthumb -Wl,--start-group -lc -lm -Wl,--end-group
Finished building target: STM_CLK.elf
 
arm-none-eabi-size   STM_CLK.elf 
arm-none-eabi-objdump -h -S  STM_CLK.elf  > "STM_CLK.list"
arm-none-eabi-objcopy  -O ihex  STM_CLK.elf  "STM_CLK.hex"
arm-none-eabi-objcopy  -O binary  STM_CLK.elf  "STM_CLK.bin"
   text	   data	    bss	    dec	    hex	filename
  35448	    112	   4464	  40024	   9c58	STM_CLK.elf
Finished building: default.size.stdout
 
Finished building: STM_CLK.hex
 
Finished building: STM_CLK.bin
 
Finished building: STM_CLK.list
 
