09:46:29 **** Incremental Build of configuration Debug for project STM_CLK ****
make -j8 all 
arm-none-eabi-gcc "../Core/Src/main.c" -mcpu=cortex-m4 -std=gnu11 -g3 -DDEBUG -DUSE_HAL_DRIVER -DSTM32F429xx -c -I../Core/Inc -I../Drivers/STM32F4xx_HAL_Driver/Inc -I../Drivers/STM32F4xx_HAL_Driver/Inc/Legacy -I../Drivers/CMSIS/Device/ST/STM32F4xx/Include -I../Drivers/CMSIS/Include -O0 -ffunction-sections -fdata-sections -Wall -fstack-usage -fcyclomatic-complexity -MMD -MP -MF"Core/Src/main.d" -MT"Core/Src/main.o" --specs=nano.specs -mfpu=fpv4-sp-d16 -mfloat-abi=hard -mthumb -o "Core/Src/main.o"
In file included from ../Core/Src/main.c:20:
../Core/Inc/main.h:187:1: warning: no semicolon at end of struct or union
  187 | }bleBuffer_t;
      | ^
../Core/Src/main.c: In function 'main':
../Core/Src/main.c:188:25: warning: implicit declaration of function 'BLE_Command' [-Wimplicit-function-declaration]
  188 |                         BLE_Command();
      |                         ^~~~~~~~~~~
../Core/Src/main.c: At top level:
../Core/Src/main.c:727:6: warning: conflicting types for 'BLE_Command'; have 'void()'
  727 | void BLE_Command()
      |      ^~~~~~~~~~~
../Core/Src/main.c:188:25: note: previous implicit declaration of 'BLE_Command' with type 'void()'
  188 |                         BLE_Command();
      |                         ^~~~~~~~~~~
arm-none-eabi-gcc -o "STM_CLK.elf" @"objects.list"   -mcpu=cortex-m4 -T"C:\ST_CLK\STM_CLK\STM32F429ZITX_FLASH.ld" --specs=nosys.specs -Wl,-Map="STM_CLK.map" -Wl,--gc-sections -static --specs=nano.specs -mfpu=fpv4-sp-d16 -mfloat-abi=hard -mthumb -Wl,--start-group -lc -lm -Wl,--end-group
Finished building target: STM_CLK.elf
 
arm-none-eabi-size   STM_CLK.elf 
arm-none-eabi-objdump -h -S  STM_CLK.elf  > "STM_CLK.list"
arm-none-eabi-objcopy  -O ihex  STM_CLK.elf  "STM_CLK.hex"
arm-none-eabi-objcopy  -O binary  STM_CLK.elf  "STM_CLK.bin"
   text	   data	    bss	    dec	    hex	filename
  47532	    140	   4892	  52564	   cd54	STM_CLK.elf
Finished building: default.size.stdout
 
Finished building: STM_CLK.hex
 
Finished building: STM_CLK.bin
 
Finished building: STM_CLK.list
 

09:46:30 Build Finished. 0 errors, 3 warnings. (took 1s.537ms)

